 cgamex86

 Timestamp is 601ca5c7 (Thu Feb  4 20:56:23 2021)

 Preferred load address is 30000000

 Start         Length     Name                   Class
 0001:00000000 00076616H .text$mn                CODE
 0001:00076616 00000047H .text$x                 CODE
 0002:00000000 00000144H .idata$5                DATA
 0002:00000144 00000008H .00cfg                  DATA
 0002:0000014c 00000004H .CRT$XCA                DATA
 0002:00000150 00000004H .CRT$XCZ                DATA
 0002:00000154 00000004H .CRT$XIA                DATA
 0002:00000158 0000000cH .CRT$XIC                DATA
 0002:00000164 00000004H .CRT$XIZ                DATA
 0002:00000168 00000004H .CRT$XPA                DATA
 0002:0000016c 00000008H .CRT$XPX                DATA
 0002:00000174 00000004H .CRT$XPXA               DATA
 0002:00000178 00000004H .CRT$XPZ                DATA
 0002:0000017c 00000004H .CRT$XTA                DATA
 0002:00000180 00000010H .CRT$XTZ                DATA
 0002:00000184 00000000H .gfids$y                DATA
 0002:00000190 000112c8H .rdata                  DATA
 0002:00011458 000002a0H .rdata$r                DATA
 0002:000116f8 0000001cH .rdata$sxdata           DATA
 0002:00011714 00000300H .rdata$zzzdbg           DATA
 0002:00011a14 00000004H .rtc$IAA                DATA
 0002:00011a18 00000004H .rtc$IZZ                DATA
 0002:00011a1c 00000004H .rtc$TAA                DATA
 0002:00011a20 00000008H .rtc$TZZ                DATA
 0002:00011a28 000008b8H .xdata$x                DATA
 0002:000122e0 0000005cH .edata                  DATA
 0002:0001233c 00000014H .idata$2                DATA
 0002:00012350 00000014H .idata$3                DATA
 0002:00012364 00000144H .idata$4                DATA
 0002:000124a8 000005e6H .idata$6                DATA
 0003:00000000 000035f0H .data                   DATA
 0003:000035f0 00000110H .data$r                 DATA
 0003:00003700 0050e460H .bss                    DATA
 0004:00000000 00000060H .rsrc$01                DATA
 0004:00000060 00000180H .rsrc$02                DATA

  Address         Publics by Value              Rva+Base       Lib:Object

 0000:00000000       ___guard_iat_table         00000000     <absolute>
 0000:00000000       ___arm64x_native_entrypoint 00000000     <absolute>
 0000:00000000       ___guard_fids_count        00000000     <absolute>
 0000:00000000       ___guard_longjmp_count     00000000     <absolute>
 0000:00000000       ___guard_eh_cont_table     00000000     <absolute>
 0000:00000000       ___hybrid_auxiliary_iat    00000000     <absolute>
 0000:00000000       ___hybrid_code_map         00000000     <absolute>
 0000:00000000       ___dynamic_value_reloc_table 00000000     <absolute>
 0000:00000000       ___arm64x_redirection_metadata 00000000     <absolute>
 0000:00000000       ___x64_code_ranges_to_entry_points_count 00000000     <absolute>
 0000:00000000       ___AbsoluteZero            00000000     <absolute>
 0000:00000000       ___guard_eh_cont_count     00000000     <absolute>
 0000:00000000       ___hybrid_code_map_count   00000000     <absolute>
 0000:00000000       ___guard_fids_table        00000000     <absolute>
 0000:00000000       ___enclave_config          00000000     <absolute>
 0000:00000000       ___volatile_metadata       00000000     <absolute>
 0000:00000000       ___arm64x_redirection_metadata_count 00000000     <absolute>
 0000:00000000       ___x64_code_ranges_to_entry_points 00000000     <absolute>
 0000:00000000       ___guard_longjmp_table     00000000     <absolute>
 0000:00000000       ___arm64x_extra_rfe_table_size 00000000     <absolute>
 0000:00000000       __except_list              00000000     <absolute>
 0000:00000000       ___guard_iat_count         00000000     <absolute>
 0000:00000000       ___arm64x_extra_rfe_table  00000000     <absolute>
 0000:00000007       ___safe_se_handler_count   00000007     <absolute>
 0000:00000100       ___guard_flags             00000100     <absolute>
 0000:00000000       ___ImageBase               30000000     <linker-defined>
 0001:00000000       _BG_AddPredictableEventToPlayerstate 30001000 f   bg_misc.obj
 0001:00000030       _BG_CanItemBeGrabbed       30001030 f   bg_misc.obj
 0001:000001b0       _BG_EvaluateTrajectory     300011b0 f   bg_misc.obj
 0001:00000340       _BG_EvaluateTrajectoryDelta 30001340 f   bg_misc.obj
 0001:000004b0       _BG_FindItem               300014b0 f   bg_misc.obj
 0001:000004f0       _BG_FindItemForHoldable    300014f0 f   bg_misc.obj
 0001:00000540       _BG_FindItemForPowerup     30001540 f   bg_misc.obj
 0001:00000590       _BG_FindItemForWeapon      30001590 f   bg_misc.obj
 0001:000005d0       _BG_PlayerStateToEntityState 300015d0 f   bg_misc.obj
 0001:00000840       _BG_PlayerStateToEntityStateExtraPolate 30001840 f   bg_misc.obj
 0001:00000ac0       _BG_PlayerTouchesItem      30001ac0 f   bg_misc.obj
 0001:00000b50       _BG_TouchJumpPad           30001b50 f   bg_misc.obj
 0001:00000cb0       _PM_AddEvent               30001cb0 f   bg_pmove.obj
 0001:00000cd0       _PM_AddTouchEnt            30001cd0 f   bg_pmove.obj
 0001:00001390       _PM_ClipVelocity           30002390 f   bg_pmove.obj
 0001:00002a50       _PM_UpdateViewAngles       30003a50 f   bg_pmove.obj
 0001:000034a0       _Pmove                     300044a0 f   bg_pmove.obj
 0001:00003530       _PmoveSingle               30004530 f   bg_pmove.obj
 0001:000038b0       _PM_SlideMove              300048b0 f   bg_slidemove.obj
 0001:000040b0       _PM_StepSlideMove          300050b0 f   bg_slidemove.obj
 0001:000043e0       _AddPointToBounds          300053e0 f   q_math.obj
 0001:00004460       _AngleDelta                30005460 f   q_math.obj
 0001:00004480       _AngleMod                  30005480 f   q_math.obj
 0001:000044c0       _AngleNormalize180         300054c0 f   q_math.obj
 0001:00004500       _AngleNormalize360         30005500 f   q_math.obj
 0001:00004540       _AngleSubtract             30005540 f   q_math.obj
 0001:000045a0       _AngleVectors              300055a0 f   q_math.obj
 0001:00004780       _AnglesSubtract            30005780 f   q_math.obj
 0001:000047f0       _AnglesToAxis              300057f0 f   q_math.obj
 0001:00004850       _AxisClear                 30005850 f   q_math.obj
 0001:000048a0       _AxisCopy                  300058a0 f   q_math.obj
 0001:000048e0       _BoxOnPlaneSide            300058e0 f   q_math.obj
 0001:00004b20       _ByteToDir                 30005b20 f   q_math.obj
 0001:00004b80       _ClampChar                 30005b80 f   q_math.obj
 0001:00004ba0       _ClampShort                30005ba0 f   q_math.obj
 0001:00004bd0       _ClearBounds               30005bd0 f   q_math.obj
 0001:00004c10       _ColorBytes3               30005c10 f   q_math.obj
 0001:00004c50       _ColorBytes4               30005c50 f   q_math.obj
 0001:00004ca0       _DirToByte                 30005ca0 f   q_math.obj
 0001:00004d20       _LerpAngle                 30005d20 f   q_math.obj
 0001:00004d80       _MakeNormalVectors         30005d80 f   q_math.obj
 0001:00004e70       _MatrixMultiply            30005e70 f   q_math.obj
 0001:00005000       _NormalizeColor            30006000 f   q_math.obj
 0001:00005070       _PerpendicularVector       30006070 f   q_math.obj
 0001:00005140       _PlaneFromPoints           30006140 f   q_math.obj
 0001:00005220       _ProjectPointOnPlane       30006220 f   q_math.obj
 0001:000052d0       _Q_crandom                 300062d0 f   q_math.obj
 0001:00005300       _Q_fabs                    30006300 f   q_math.obj
 0001:00005310       _Q_log2                    30006310 f   q_math.obj
 0001:00005330       _Q_rand                    30006330 f   q_math.obj
 0001:00005350       _Q_random                  30006350 f   q_math.obj
 0001:00005380       _Q_rsqrt                   30006380 f   q_math.obj
 0001:000053d0       _RadiusFromBounds          300063d0 f   q_math.obj
 0001:00005470       _RotateAroundDirection     30006470 f   q_math.obj
 0001:00005530       _RotatePointAroundVector   30006530 f   q_math.obj
 0001:00005770       _SetPlaneSignbits          30006770 f   q_math.obj
 0001:000057a0       _Vector4Scale              300067a0 f   q_math.obj
 0001:000057f0       _VectorNormalize           300067f0 f   q_math.obj
 0001:000058b0       _VectorNormalize2          300068b0 f   q_math.obj
 0001:00005970       _VectorRotate              30006970 f   q_math.obj
 0001:00005a00       __DotProduct               30006a00 f   q_math.obj
 0001:00005a20       __VectorAdd                30006a20 f   q_math.obj
 0001:00005a60       __VectorCopy               30006a60 f   q_math.obj
 0001:00005a80       __VectorMA                 30006a80 f   q_math.obj
 0001:00005ad0       __VectorScale              30006ad0 f   q_math.obj
 0001:00005b10       __VectorSubtract           30006b10 f   q_math.obj
 0001:00005b50       _vectoangles               30006b50 f   q_math.obj
 0001:00005ce0       _COM_BeginParseSession     30006ce0 f   q_shared.obj
 0001:00005d10       _COM_Compress              30006d10 f   q_shared.obj
 0001:00005e10       _COM_DefaultExtension      30006e10 f   q_shared.obj
 0001:00005e90       _COM_GetCurrentParseLine   30006e90 f   q_shared.obj
 0001:00005ea0       _COM_MatchToken            30006ea0 f   q_shared.obj
 0001:00005f00       _COM_Parse                 30006f00 f   q_shared.obj
 0001:00005f20       _COM_ParseError            30006f20 f   q_shared.obj
 0001:00005f70       _COM_ParseExt              30006f70 f   q_shared.obj
 0001:000060e0       _COM_ParseWarning          300070e0 f   q_shared.obj
 0001:00006130       _COM_SkipPath              30007130 f   q_shared.obj
 0001:00006160       _COM_StripExtension        30007160 f   q_shared.obj
 0001:00006190       _Com_Clamp                 30007190 f   q_shared.obj
 0001:000061c0       _Com_sprintf               300071c0 f   q_shared.obj
 0001:00006270       _FloatNoSwap               30007270 f   q_shared.obj
 0001:00006280       _FloatSwap                 30007280 f   q_shared.obj
 0001:000062a0       _Info_NextPair             300072a0 f   q_shared.obj
 0001:00006310       _Info_RemoveKey            30007310 f   q_shared.obj
 0001:00006430       _Info_RemoveKey_Big        30007430 f   q_shared.obj
 0001:00006560       _Info_SetValueForKey       30007560 f   q_shared.obj
 0001:00006710       _Info_SetValueForKey_Big   30007710 f   q_shared.obj
 0001:000068b0       _Info_Validate             300078b0 f   q_shared.obj
 0001:000068e0       _Info_ValueForKey          300078e0 f   q_shared.obj
 0001:000069f0       _Long64NoSwap              300079f0 f   q_shared.obj
 0001:00006a00       _Long64Swap                30007a00 f   q_shared.obj
 0001:00006a50       _LongNoSwap                30007a50 f   q_shared.obj
 0001:00006a60       _LongSwap                  30007a60 f   q_shared.obj
 0001:00006aa0       _Parse1DMatrix             30007aa0 f   q_shared.obj
 0001:00006af0       _Parse2DMatrix             30007af0 f   q_shared.obj
 0001:00006b50       _Parse3DMatrix             30007b50 f   q_shared.obj
 0001:00006bb0       _Q_CleanStr                30007bb0 f   q_shared.obj
 0001:00006c10       _Q_PrintStrlen             30007c10 f   q_shared.obj
 0001:00006c50       _Q_isalpha                 30007c50 f   q_shared.obj
 0001:00006c80       _Q_islower                 30007c80 f   q_shared.obj
 0001:00006ca0       _Q_isprint                 30007ca0 f   q_shared.obj
 0001:00006cc0       _Q_isupper                 30007cc0 f   q_shared.obj
 0001:00006ce0       _Q_strcat                  30007ce0 f   q_shared.obj
 0001:00006d30       _Q_stricmp                 30007d30 f   q_shared.obj
 0001:00006d60       _Q_stricmpn                30007d60 f   q_shared.obj
 0001:00006df0       _Q_strlwr                  30007df0 f   q_shared.obj
 0001:00006e20       _Q_strncmp                 30007e20 f   q_shared.obj
 0001:00006e70       _Q_strncpyz                30007e70 f   q_shared.obj
 0001:00006ed0       _Q_strrchr                 30007ed0 f   q_shared.obj
 0001:00006f00       _Q_strupr                  30007f00 f   q_shared.obj
 0001:00006f30       _ShortNoSwap               30007f30 f   q_shared.obj
 0001:00006f40       _ShortSwap                 30007f40 f   q_shared.obj
 0001:00006f70       _SkipBracedSection         30007f70 f   q_shared.obj
 0001:00006fb0       _SkipRestOfLine            30007fb0 f   q_shared.obj
 0001:00007030       ___local_stdio_printf_options 30008030 f i q_shared.obj
 0001:00007040       _va                        30008040 f   q_shared.obj
 0001:00007090       _ItemParse_name            30008090 f   ui_shared.obj
 0001:000070b0       _ItemParse_focusSound      300080b0 f   ui_shared.obj
 0001:00007100       _ItemParse_text            30008100 f   ui_shared.obj
 0001:00007120       _ItemParse_group           30008120 f   ui_shared.obj
 0001:00007140       _ItemParse_asset_model     30008140 f   ui_shared.obj
 0001:000071a0       _ItemParse_asset_shader    300081a0 f   ui_shared.obj
 0001:000071e0       _ItemParse_model_origin    300081e0 f   ui_shared.obj
 0001:00007240       _ItemParse_model_fovx      30008240 f   ui_shared.obj
 0001:00007270       _ItemParse_model_fovy      30008270 f   ui_shared.obj
 0001:000072a0       _ItemParse_model_rotation  300082a0 f   ui_shared.obj
 0001:000072d0       _ItemParse_model_angle     300082d0 f   ui_shared.obj
 0001:00007300       _ItemParse_rect            30008300 f   ui_shared.obj
 0001:00007320       _ItemParse_style           30008320 f   ui_shared.obj
 0001:00007340       _ItemParse_decoration      30008340 f   ui_shared.obj
 0001:00007360       _ItemParse_notselectable   30008360 f   ui_shared.obj
 0001:000073a0       _ItemParse_wrapped         300083a0 f   ui_shared.obj
 0001:000073c0       _ItemParse_autowrapped     300083c0 f   ui_shared.obj
 0001:000073e0       _ItemParse_horizontalscroll 300083e0 f   ui_shared.obj
 0001:00007400       _ItemParse_type            30008400 f   ui_shared.obj
 0001:00007440       _ItemParse_elementwidth    30008440 f   ui_shared.obj
 0001:00007470       _ItemParse_elementheight   30008470 f   ui_shared.obj
 0001:000074a0       _ItemParse_feeder          300084a0 f   ui_shared.obj
 0001:000074c0       _ItemParse_elementtype     300084c0 f   ui_shared.obj
 0001:00007500       _ItemParse_columns         30008500 f   ui_shared.obj
 0001:000075c0       _ItemParse_border          300085c0 f   ui_shared.obj
 0001:000075e0       _ItemParse_bordersize      300085e0 f   ui_shared.obj
 0001:00007600       _ItemParse_visible         30008600 f   ui_shared.obj
 0001:00007640       _ItemParse_ownerdraw       30008640 f   ui_shared.obj
 0001:00007670       _ItemParse_align           30008670 f   ui_shared.obj
 0001:00007690       _ItemParse_textalign       30008690 f   ui_shared.obj
 0001:000076b0       _ItemParse_textalignx      300086b0 f   ui_shared.obj
 0001:000076d0       _ItemParse_textaligny      300086d0 f   ui_shared.obj
 0001:000076f0       _ItemParse_textscale       300086f0 f   ui_shared.obj
 0001:00007710       _ItemParse_textstyle       30008710 f   ui_shared.obj
 0001:00007730       _ItemParse_backcolor       30008730 f   ui_shared.obj
 0001:00007780       _ItemParse_forecolor       30008780 f   ui_shared.obj
 0001:000077e0       _ItemParse_bordercolor     300087e0 f   ui_shared.obj
 0001:00007830       _ItemParse_outlinecolor    30008830 f   ui_shared.obj
 0001:00007850       _ItemParse_background      30008850 f   ui_shared.obj
 0001:00007890       _ItemParse_cinematic       30008890 f   ui_shared.obj
 0001:000078b0       _ItemParse_doubleClick     300088b0 f   ui_shared.obj
 0001:000078f0       _ItemParse_onFocus         300088f0 f   ui_shared.obj
 0001:00007910       _ItemParse_leaveFocus      30008910 f   ui_shared.obj
 0001:00007930       _ItemParse_mouseEnter      30008930 f   ui_shared.obj
 0001:00007950       _ItemParse_mouseExit       30008950 f   ui_shared.obj
 0001:00007970       _ItemParse_mouseEnterText  30008970 f   ui_shared.obj
 0001:00007990       _ItemParse_mouseExitText   30008990 f   ui_shared.obj
 0001:000079b0       _ItemParse_action          300089b0 f   ui_shared.obj
 0001:000079d0       _ItemParse_special         300089d0 f   ui_shared.obj
 0001:000079f0       _ItemParse_cvarTest        300089f0 f   ui_shared.obj
 0001:00007a10       _ItemParse_cvar            30008a10 f   ui_shared.obj
 0001:00007a60       _ItemParse_maxChars        30008a60 f   ui_shared.obj
 0001:00007ab0       _ItemParse_maxPaintChars   30008ab0 f   ui_shared.obj
 0001:00007b00       _ItemParse_cvarFloat       30008b00 f   ui_shared.obj
 0001:00007b80       _ItemParse_cvarStrList     30008b80 f   ui_shared.obj
 0001:00007ca0       _ItemParse_cvarFloatList   30008ca0 f   ui_shared.obj
 0001:00007dc0       _ItemParse_addColorRange   30008dc0 f   ui_shared.obj
 0001:00007e60       _ItemParse_ownerdrawFlag   30008e60 f   ui_shared.obj
 0001:00007e90       _ItemParse_enableCvar      30008e90 f   ui_shared.obj
 0001:00007ed0       _ItemParse_disableCvar     30008ed0 f   ui_shared.obj
 0001:00007f10       _ItemParse_showCvar        30008f10 f   ui_shared.obj
 0001:00007f50       _ItemParse_hideCvar        30008f50 f   ui_shared.obj
 0001:00007f90       _MenuParse_font            30008f90 f   ui_shared.obj
 0001:00007ff0       _MenuParse_name            30008ff0 f   ui_shared.obj
 0001:00008030       _MenuParse_fullscreen      30009030 f   ui_shared.obj
 0001:00008050       _MenuParse_rect            30009050 f   ui_shared.obj
 0001:00008070       _MenuParse_style           30009070 f   ui_shared.obj
 0001:00008090       _MenuParse_visible         30009090 f   ui_shared.obj
 0001:000080d0       _MenuParse_onOpen          300090d0 f   ui_shared.obj
 0001:000080f0       _MenuParse_onClose         300090f0 f   ui_shared.obj
 0001:00008110       _MenuParse_onESC           30009110 f   ui_shared.obj
 0001:00008130       _MenuParse_border          30009130 f   ui_shared.obj
 0001:00008150       _MenuParse_borderSize      30009150 f   ui_shared.obj
 0001:00008170       _MenuParse_backcolor       30009170 f   ui_shared.obj
 0001:000081c0       _MenuParse_forecolor       300091c0 f   ui_shared.obj
 0001:00008210       _MenuParse_bordercolor     30009210 f   ui_shared.obj
 0001:00008260       _MenuParse_focuscolor      30009260 f   ui_shared.obj
 0001:000082b0       _MenuParse_disablecolor    300092b0 f   ui_shared.obj
 0001:00008300       _MenuParse_outlinecolor    30009300 f   ui_shared.obj
 0001:00008320       _MenuParse_background      30009320 f   ui_shared.obj
 0001:00008360       _MenuParse_cinematic       30009360 f   ui_shared.obj
 0001:00008380       _MenuParse_ownerdrawFlag   30009380 f   ui_shared.obj
 0001:000083b0       _MenuParse_ownerdraw       300093b0 f   ui_shared.obj
 0001:000083d0       _MenuParse_popup           300093d0 f   ui_shared.obj
 0001:000083f0       _MenuParse_outOfBounds     300093f0 f   ui_shared.obj
 0001:00008410       _MenuParse_soundLoop       30009410 f   ui_shared.obj
 0001:00008430       _MenuParse_fadeClamp       30009430 f   ui_shared.obj
 0001:00008450       _MenuParse_fadeAmount      30009450 f   ui_shared.obj
 0001:00008470       _MenuParse_fadeCycle       30009470 f   ui_shared.obj
 0001:00008490       _MenuParse_itemDef         30009490 f   ui_shared.obj
 0001:00008520       _Script_SetColor           30009520 f   ui_shared.obj
 0001:000085d0       _Script_SetAsset           300095d0 f   ui_shared.obj
 0001:000085f0       _Script_SetBackground      300095f0 f   ui_shared.obj
 0001:00008630       _Script_SetTeamColor       30009630 f   ui_shared.obj
 0001:00008680       _Script_SetItemColor       30009680 f   ui_shared.obj
 0001:00008790       _Script_Show               30009790 f   ui_shared.obj
 0001:000087d0       _Script_Hide               300097d0 f   ui_shared.obj
 0001:00008810       _Script_FadeIn             30009810 f   ui_shared.obj
 0001:00008850       _Script_FadeOut            30009850 f   ui_shared.obj
 0001:00008890       _Script_Open               30009890 f   ui_shared.obj
 0001:000088c0       _Script_ConditionalOpen    300098c0 f   ui_shared.obj
 0001:00008950       _Script_Close              30009950 f   ui_shared.obj
 0001:00008980       _Script_Transition         30009980 f   ui_shared.obj
 0001:00008a20       _Script_Orbit              30009a20 f   ui_shared.obj
 0001:00008af0       _Script_SetFocus           30009af0 f   ui_shared.obj
 0001:00008b70       _Script_SetPlayerModel     30009b70 f   ui_shared.obj
 0001:00008ba0       _Script_SetPlayerHead      30009ba0 f   ui_shared.obj
 0001:00008bd0       _Script_SetCvar            30009bd0 f   ui_shared.obj
 0001:00008c20       _Script_Exec               30009c20 f   ui_shared.obj
 0001:00008c60       _Script_Play               30009c60 f   ui_shared.obj
 0001:00008ca0       _Script_playLooped         30009ca0 f   ui_shared.obj
 0001:00008ce0       _AdjustFrom640             30009ce0 f   ui_shared.obj
 0001:00008d40       _BindingFromName           30009d40 f   ui_shared.obj
 0001:00008e30       _BindingIDFromName         30009e30 f   ui_shared.obj
 0001:00008e70       _Color_Parse               30009e70 f   ui_shared.obj
 0001:00008ec0       _Controls_GetConfig        30009ec0 f   ui_shared.obj
 0001:00008fa0       _Controls_SetConfig        30009fa0 f   ui_shared.obj
 0001:00009000       _Controls_SetDefaults      3000a000 f   ui_shared.obj
 0001:00009020       _Display_CacheAll          3000a020 f   ui_shared.obj
 0001:00009050       _Display_CaptureItem       3000a050 f   ui_shared.obj
 0001:00009100       _Display_CursorType        3000a100 f   ui_shared.obj
 0001:000091c0       _Display_GetContext        3000a1c0 f   ui_shared.obj
 0001:000091d0       _Display_HandleKey         3000a1d0 f   ui_shared.obj
 0001:00009200       _Display_KeyBindPending    3000a200 f   ui_shared.obj
 0001:00009210       _Display_MouseMove         3000a210 f   ui_shared.obj
 0001:00009310       _Display_VisibleMenuCount  3000a310 f   ui_shared.obj
 0001:00009470       _Fade                      3000a470 f   ui_shared.obj
 0001:000094f0       _Float_Parse               3000a4f0 f   ui_shared.obj
 0001:00009530       _GradientBar_Paint         3000a530 f   ui_shared.obj
 0001:00009580       _Init_Display              3000a580 f   ui_shared.obj
 0001:00009590       _Int_Parse                 3000a590 f   ui_shared.obj
 0001:000095d0       _IsVisible                 3000a5d0 f   ui_shared.obj
 0001:000095f0       _Item_Action               3000a5f0 f   ui_shared.obj
 0001:00009610       _Item_Bind_HandleKey       3000a610 f   ui_shared.obj
 0001:00009850       _Item_Bind_Paint           3000a850 f   ui_shared.obj
 0001:00009ad0       _Item_EnableShowViaCvar    3000aad0 f   ui_shared.obj
 0001:00009c30       _Item_HandleKey            3000ac30 f   ui_shared.obj
 0001:00009d40       _Item_Image_Paint          3000ad40 f   ui_shared.obj
 0001:00009db0       _Item_Init                 3000adb0 f   ui_shared.obj
 0001:00009de0       _Item_InitControls         3000ade0 f   ui_shared.obj
 0001:00009e20       _Item_ListBox_HandleKey    3000ae20 f   ui_shared.obj
 0001:0000a1d0       _Item_ListBox_MaxScroll    3000b1d0 f   ui_shared.obj
 0001:0000a240       _Item_ListBox_MouseEnter   3000b240 f   ui_shared.obj
 0001:0000a3e0       _Item_ListBox_OverLB       3000b3e0 f   ui_shared.obj
 0001:0000a740       _Item_ListBox_Paint        3000b740 f   ui_shared.obj
 0001:0000b0a0       _Item_ListBox_ThumbDrawPosition 3000c0a0 f   ui_shared.obj
 0001:0000b190       _Item_ListBox_ThumbPosition 3000c190 f   ui_shared.obj
 0001:0000b270       _Item_Model_Paint          3000c270 f   ui_shared.obj
 0001:0000b560       _Item_MouseEnter           3000c560 f   ui_shared.obj
 0001:0000b6a0       _Item_MouseLeave           3000c6a0 f   ui_shared.obj
 0001:0000b6e0       _Item_Multi_CountSettings  3000c6e0 f   ui_shared.obj
 0001:0000b700       _Item_Multi_FindCvarByValue 3000c700 f   ui_shared.obj
 0001:0000b810       _Item_Multi_HandleKey      3000c810 f   ui_shared.obj
 0001:0000b970       _Item_Multi_Paint          3000c970 f   ui_shared.obj
 0001:0000bb30       _Item_Multi_Setting        3000cb30 f   ui_shared.obj
 0001:0000bc40       _Item_OwnerDraw_HandleKey  3000cc40 f   ui_shared.obj
 0001:0000bc80       _Item_OwnerDraw_Paint      3000cc80 f   ui_shared.obj
 0001:0000c040       _Item_Paint                3000d040 f   ui_shared.obj
 0001:0000c490       _Item_Parse                3000d490 f   ui_shared.obj
 0001:0000c5b0       _Item_RunScript            3000d5b0 f   ui_shared.obj
 0001:0000c6d0       _Item_SetFocus             3000d6d0 f   ui_shared.obj
 0001:0000c850       _Item_SetMouseOver         3000d850 f   ui_shared.obj
 0001:0000c880       _Item_SetScreenCoords      3000d880 f   ui_shared.obj
 0001:0000c8f0       _Item_SetTextExtents       3000d8f0 f   ui_shared.obj
 0001:0000cb00       _Item_SetupKeywordHash     3000db00 f   ui_shared.obj
 0001:0000cb50       _Item_Slider_HandleKey     3000db50 f   ui_shared.obj
 0001:0000ccd0       _Item_Slider_OverSlider    3000dcd0 f   ui_shared.obj
 0001:0000cd40       _Item_Slider_Paint         3000dd40 f   ui_shared.obj
 0001:0000cf50       _Item_Slider_ThumbPosition 3000df50 f   ui_shared.obj
 0001:0000d000       _Item_StartCapture         3000e000 f   ui_shared.obj
 0001:0000d1e0       _Item_StopCapture          3000e1e0 f   ui_shared.obj
 0001:0000d1f0       _Item_TextColor            3000e1f0 f   ui_shared.obj
 0001:0000d400       _Item_TextField_HandleKey  3000e400 f   ui_shared.obj
 0001:0000d8b0       _Item_TextField_Paint      3000e8b0 f   ui_shared.obj
 0001:0000db60       _Item_Text_AutoWrapped_Paint 3000eb60 f   ui_shared.obj
 0001:0000de00       _Item_Text_Paint           3000ee00 f   ui_shared.obj
 0001:0000df20       _Item_Text_Wrapped_Paint   3000ef20 f   ui_shared.obj
 0001:0000e110       _Item_UpdatePosition       3000f110 f   ui_shared.obj
 0001:0000e160       _Item_ValidateTypeData     3000f160 f   ui_shared.obj
 0001:0000e240       _Item_YesNo_HandleKey      3000f240 f   ui_shared.obj
 0001:0000e300       _Item_YesNo_Paint          3000f300 f   ui_shared.obj
 0001:0000e520       _KeywordHash_Add           3000f520 f   ui_shared.obj
 0001:0000e550       _KeywordHash_Find          3000f550 f   ui_shared.obj
 0001:0000e5a0       _KeywordHash_Key           3000f5a0 f   ui_shared.obj
 0001:0000e5f0       _LerpColor                 3000f5f0 f   ui_shared.obj
 0001:0000e740       _Menu_ClearFocus           3000f740 f   ui_shared.obj
 0001:0000e820       _Menu_Count                3000f820 f   ui_shared.obj
 0001:0000e830       _Menu_FadeItemByName       3000f830 f   ui_shared.obj
 0001:0000e890       _Menu_FindItemByName       3000f890 f   ui_shared.obj
 0001:0000e8f0       _Menu_GetFocused           3000f8f0 f   ui_shared.obj
 0001:0000e930       _Menu_GetFocusedItem       3000f930 f   ui_shared.obj
 0001:0000e970       _Menu_GetMatchingItemByNumber 3000f970 f   ui_shared.obj
 0001:0000e9f0       _Menu_HandleKey            3000f9f0 f   ui_shared.obj
 0001:0000ef10       _Menu_HandleMouseMove      3000ff10 f   ui_shared.obj
 0001:0000f0e0       _Menu_HitTest              300100e0 f   ui_shared.obj
 0001:0000f140       _Menu_Init                 30010140 f   ui_shared.obj
 0001:0000f1b0       _Menu_ItemsMatchingGroup   300101b0 f   ui_shared.obj
 0001:0000f220       _Menu_New                  30010220 f   ui_shared.obj
 0001:0000f270       _Menu_OrbitItemByName      30010270 f   ui_shared.obj
 0001:0000f3f0       _Menu_Paint                300103f0 f   ui_shared.obj
 0001:0000f540       _Menu_PaintAll             30010540 f   ui_shared.obj
 0001:0000f620       _Menu_Parse                30010620 f   ui_shared.obj
 0001:0000f760       _Menu_PostParse            30010760 f   ui_shared.obj
 0001:0000f7a0       _Menu_Reset                300107a0 f   ui_shared.obj
 0001:0000f800       _Menu_ScrollFeeder         30010800 f   ui_shared.obj
 0001:0000f870       _Menu_SetFeederSelection   30010870 f   ui_shared.obj
 0001:0000f930       _Menu_SetNextCursorItem    30010930 f   ui_shared.obj
 0001:0000fa20       _Menu_SetPrevCursorItem    30010a20 f   ui_shared.obj
 0001:0000fb10       _Menu_SetupKeywordHash     30010b10 f   ui_shared.obj
 0001:0000fb60       _Menu_ShowItemByName       30010b60 f   ui_shared.obj
 0001:0000fbe0       _Menu_TransitionItemByName 30010be0 f   ui_shared.obj
 0001:0000fc90       _Menu_UpdatePosition       30010c90 f   ui_shared.obj
 0001:0000fd30       _Menus_Activate            30010d30 f   ui_shared.obj
 0001:0000fda0       _Menus_ActivateByName      30010da0 f   ui_shared.obj
 0001:0000fe30       _Menus_AnyFullScreenVisible 30010e30 f   ui_shared.obj
 0001:0000fe60       _Menus_CloseAll            30010e60 f   ui_shared.obj
 0001:0000fea0       _Menus_CloseByName         30010ea0 f   ui_shared.obj
 0001:0000fed0       _Menus_FindByName          30010ed0 f   ui_shared.obj
 0001:0000ff20       _Menus_HandleOOBClick      30010f20 f   ui_shared.obj
 0001:00010020       _Menus_OpenByName          30011020 f   ui_shared.obj
 0001:00010030       _Menus_ShowByName          30011030 f   ui_shared.obj
 0001:00010050       _PC_Color_Parse            30011050 f   ui_shared.obj
 0001:000100a0       _PC_Float_Parse            300110a0 f   ui_shared.obj
 0001:00010160       _PC_Int_Parse              30011160 f   ui_shared.obj
 0001:00010210       _PC_Rect_Parse             30011210 f   ui_shared.obj
 0001:00010270       _PC_Script_Parse           30011270 f   ui_shared.obj
 0001:000103a0       _PC_SourceError            300113a0 f   ui_shared.obj
 0001:00010430       _PC_SourceWarning          30011430 f   ui_shared.obj
 0001:000104c0       _PC_String_Parse           300114c0 f   ui_shared.obj
 0001:00010530       _Rect_ContainsPoint        30011530 f   ui_shared.obj
 0001:00010580       _Rect_Parse                30011580 f   ui_shared.obj
 0001:000105e0       _Rect_ToWindowCoords       300115e0 f   ui_shared.obj
 0001:00010960       _String_Alloc              30011960 f   ui_shared.obj
 0001:00010a70       _String_Init               30011a70 f   ui_shared.obj
 0001:00010ac0       _String_Parse              30011ac0 f   ui_shared.obj
 0001:00010b00       _String_Report             30011b00 f   ui_shared.obj
 0001:00010b90       _ToWindowCoords            30011b90 f   ui_shared.obj
 0001:00010be0       _UI_Alloc                  30011be0 f   ui_shared.obj
 0001:00010c40       _UI_InitMemory             30011c40 f   ui_shared.obj
 0001:00010c60       _UI_OutOfMemory            30011c60 f   ui_shared.obj
 0001:00010d00       _Window_Init               30011d00 f   ui_shared.obj
 0001:00010d50       _Window_Paint              30011d50 f   ui_shared.obj
 0001:00011240       _CG_TargetCommand_f        30012240 f   cg_consolecmds.obj
 0001:00011630       _CG_ConsoleCommand         30012630 f   cg_consolecmds.obj
 0001:00011670       _CG_InitConsoleCommands    30012670 f   cg_consolecmds.obj
 0001:000117b0       _CG_AddLagometerFrameInfo  300127b0 f   cg_draw.obj
 0001:000117e0       _CG_AddLagometerSnapshotInfo 300127e0 f   cg_draw.obj
 0001:00011840       _CG_CenterPrint            30012840 f   cg_draw.obj
 0001:00011980       _CG_Draw3DModel            30012980 f   cg_draw.obj
 0001:00011ac0       _CG_DrawActive             30012ac0 f   cg_draw.obj
 0001:00012470       _CG_DrawFlagModel          30013470 f   cg_draw.obj
 0001:00012730       _CG_DrawHead               30013730 f   cg_draw.obj
 0001:00014210       _CG_DrawTeamBackground     30015210 f   cg_draw.obj
 0001:00014f20       _CG_AdjustFrom640          30015f20 f   cg_drawtools.obj
 0001:00014f80       _CG_ColorForHealth         30015f80 f   cg_drawtools.obj
 0001:00014fb0       _CG_DrawBigString          30015fb0 f   cg_drawtools.obj
 0001:00015010       _CG_DrawBigStringColor     30016010 f   cg_drawtools.obj
 0001:00015040       _CG_DrawChar               30016040 f   cg_drawtools.obj
 0001:00015140       _CG_DrawPic                30016140 f   cg_drawtools.obj
 0001:000151c0       _CG_DrawRect               300161c0 f   cg_drawtools.obj
 0001:00015250       _CG_DrawSides              30016250 f   cg_drawtools.obj
 0001:00015340       _CG_DrawSmallString        30016340 f   cg_drawtools.obj
 0001:000153a0       _CG_DrawSmallStringColor   300163a0 f   cg_drawtools.obj
 0001:000153d0       _CG_DrawStringExt          300163d0 f   cg_drawtools.obj
 0001:00015540       _CG_DrawStrlen             30016540 f   cg_drawtools.obj
 0001:00015580       _CG_DrawTopBottom          30016580 f   cg_drawtools.obj
 0001:00015670       _CG_FadeColor              30016670 f   cg_drawtools.obj
 0001:000156f0       _CG_FillRect               300166f0 f   cg_drawtools.obj
 0001:00015780       _CG_GetColorForHealth      30016780 f   cg_drawtools.obj
 0001:00015860       _CG_TeamColor              30016860 f   cg_drawtools.obj
 0001:000158a0       _CG_TileClear              300168a0 f   cg_drawtools.obj
 0001:00015a10       _UI_DrawBannerString       30016a10 f   cg_drawtools.obj
 0001:00015c70       _UI_DrawProportionalString 30016c70 f   cg_drawtools.obj
 0001:00016070       _UI_ProportionalSizeScale  30017070 f   cg_drawtools.obj
 0001:00016090       _UI_ProportionalStringWidth 30017090 f   cg_drawtools.obj
 0001:000160d0       _CG_BigExplode             300170d0 f   cg_effects.obj
 0001:00016590       _CG_Bleed                  30017590 f   cg_effects.obj
 0001:00016640       _CG_BubbleTrail            30017640 f   cg_effects.obj
 0001:00016960       _CG_GibPlayer              30017960 f   cg_effects.obj
 0001:00017290       _CG_LaunchExplode          30018290 f   cg_effects.obj
 0001:00017380       _CG_LaunchGib              30018380 f   cg_effects.obj
 0001:00017470       _CG_MakeExplosion          30018470 f   cg_effects.obj
 0001:00017620       _CG_ScorePlum              30018620 f   cg_effects.obj
 0001:00017780       _CG_SmokePuff              30018780 f   cg_effects.obj
 0001:00017920       _CG_SpawnEffect            30018920 f   cg_effects.obj
 0001:00017b00       _CG_AddPacketEntities      30018b00 f   cg_ents.obj
 0001:00017c60       _CG_AdjustPositionForMover 30018c60 f   cg_ents.obj
 0001:00017d80       _CG_Beam                   30018d80 f   cg_ents.obj
 0001:00018dc0       _CG_PositionEntityOnTag    30019dc0 f   cg_ents.obj
 0001:00018f10       _CG_PositionRotatedEntityOnTag 30019f10 f   cg_ents.obj
 0001:00019060       _CG_SetEntitySoundPosition 3001a060 f   cg_ents.obj
 0001:00019260       _CG_CheckEvents            3001a260 f   cg_event.obj
 0001:000192e0       _CG_EntityEvent            3001a2e0 f   cg_event.obj
 0001:0001aaf0       _CG_PainEvent              3001baf0 f   cg_event.obj
 0001:0001ab60       _CG_PlaceString            3001bb60 f   cg_event.obj
 0001:0001ad20       _CG_DrawInformation        3001bd20 f   cg_info.obj
 0001:0001b1d0       _CG_LoadingClient          3001c1d0 f   cg_info.obj
 0001:0001b370       _CG_LoadingItem            3001c370 f   cg_info.obj
 0001:0001b3c0       _CG_LoadingString          3001c3c0 f   cg_info.obj
 0001:0001b4b0       _CG_AddFadeRGB             3001c4b0 f   cg_localents.obj
 0001:0001b620       _CG_AddFragment            3001c620 f   cg_localents.obj
 0001:0001b840       _CG_AddLocalEntities       3001c840 f   cg_localents.obj
 0001:0001bb60       _CG_AddScorePlum           3001cb60 f   cg_localents.obj
 0001:0001c080       _CG_AllocLocalEntity       3001d080 f   cg_localents.obj
 0001:0001c0e0       _CG_BloodTrail             3001d0e0 f   cg_localents.obj
 0001:0001c1d0       _CG_FragmentBounceMark     3001d1d0 f   cg_localents.obj
 0001:0001c2f0       _CG_FragmentBounceSound    3001d2f0 f   cg_localents.obj
 0001:0001c350       _CG_FreeLocalEntity        3001d350 f   cg_localents.obj
 0001:0001c390       _CG_InitLocalEntities      3001d390 f   cg_localents.obj
 0001:0001c3f0       _CG_ReflectVelocity        3001d3f0 f   cg_localents.obj
 0001:0001c530       _CG_Argv                   3001d530 f   cg_main.obj
 0001:0001c550       _CG_BuildSpectatorString   3001d550 f   cg_main.obj
 0001:0001c5d0       _CG_ConfigString           3001d5d0 f   cg_main.obj
 0001:0001c600       _CG_CrosshairPlayer        3001d600 f   cg_main.obj
 0001:0001c620       _CG_Error                  3001d620 f   cg_main.obj
 0001:0001c680       _CG_EventHandling          3001d680 f   cg_main.obj
 0001:0001c6c0       _CG_Init                   3001d6c0 f   cg_main.obj
 0001:0001c910       _CG_KeyEvent               3001d910 f   cg_main.obj
 0001:0001c920       _CG_LastAttacker           3001d920 f   cg_main.obj
 0001:0001c940       _CG_MouseEvent             3001d940 f   cg_main.obj
 0001:0001c950       _CG_Printf                 3001d950 f   cg_main.obj
 0001:0001ca10       _CG_RegisterCvars          3001da10 f   cg_main.obj
 0001:0001da80       _CG_Shutdown               3001ea80 f   cg_main.obj
 0001:0001da90       _CG_StartMusic             3001ea90 f   cg_main.obj
 0001:0001db10       _CG_UpdateCvars            3001eb10 f   cg_main.obj
 0001:0001dba0       _Com_Error                 3001eba0 f   cg_main.obj
 0001:0001dc00       _Com_Printf                3001ec00 f   cg_main.obj
 0001:0001dc60       _vmMain                    3001ec60 f   cg_main.obj
 0001:0001dcf0       _CG_AddMarks               3001ecf0 f   cg_marks.obj
 0001:0001deb0       _CG_AddParticleShrapnel    3001eeb0 f   cg_marks.obj
 0001:0001dec0       _CG_AddParticleToScene     3001eec0 f   cg_marks.obj
 0001:0001fae0       _CG_AddParticles           30020ae0 f   cg_marks.obj
 0001:0001fe40       _CG_AllocMark              30020e40 f   cg_marks.obj
 0001:0001feb0       _CG_BloodPool              30020eb0 f   cg_marks.obj
 0001:00020050       _CG_ClearParticles         30021050 f   cg_marks.obj
 0001:00020160       _CG_FreeMarkPoly           30021160 f   cg_marks.obj
 0001:000201a0       _CG_ImpactMark             300211a0 f   cg_marks.obj
 0001:000205e0       _CG_InitMarkPolys          300215e0 f   cg_marks.obj
 0001:00020640       _CG_NewParticleArea        30021640 f   cg_marks.obj
 0001:00020800       _CG_OilSlickRemove         30021800 f   cg_marks.obj
 0001:00020850       _CG_ParticleBloodCloud     30021850 f   cg_marks.obj
 0001:00020a80       _CG_ParticleBubble         30021a80 f   cg_marks.obj
 0001:00020d40       _CG_ParticleBulletDebris   30021d40 f   cg_marks.obj
 0001:00020e30       _CG_ParticleDust           30021e30 f   cg_marks.obj
 0001:00021270       _CG_ParticleExplosion      30022270 f   cg_marks.obj
 0001:000213f0       _CG_ParticleImpactSmokePuff 300223f0 f   cg_marks.obj
 0001:00021570       _CG_ParticleMisc           30022570 f   cg_marks.obj
 0001:00021640       _CG_ParticleSmoke          30022640 f   cg_marks.obj
 0001:000217a0       _CG_ParticleSnow           300227a0 f   cg_marks.obj
 0001:000219f0       _CG_ParticleSnowFlurry     300229f0 f   cg_marks.obj
 0001:00021c40       _CG_ParticleSparks         30022c40 f   cg_marks.obj
 0001:00021f10       _CG_Particle_Bleed         30022f10 f   cg_marks.obj
 0001:00022050       _CG_Particle_OilParticle   30023050 f   cg_marks.obj
 0001:000221b0       _CG_Particle_OilSlick      300231b0 f   cg_marks.obj
 0001:00022380       _CG_SnowLink               30023380 f   cg_marks.obj
 0001:000223d0       _ValidBloodPool            300233d0 f   cg_marks.obj
 0001:000226e0       _CG_AddRefEntityWithPowerups 300236e0 f   cg_players.obj
 0001:00022930       _CG_CustomSound            30023930 f   cg_players.obj
 0001:00022df0       _CG_LightVerts             30023df0 f   cg_players.obj
 0001:00023170       _CG_LoadDeferredPlayers    30024170 f   cg_players.obj
 0001:000231d0       _CG_NewClientInfo          300241d0 f   cg_players.obj
 0001:00023c90       _CG_Player                 30024c90 f   cg_players.obj
 0001:000253f0       _CG_ResetPlayerEntity      300263f0 f   cg_players.obj
 0001:00025d90       _CG_CheckAmmo              30026d90 f   cg_playerstate.obj
 0001:00025e30       _CG_CheckChangedPredictableEvents 30026e30 f   cg_playerstate.obj
 0001:00025ec0       _CG_CheckLocalSounds       30026ec0 f   cg_playerstate.obj
 0001:00026260       _CG_CheckPlayerstateEvents 30027260 f   cg_playerstate.obj
 0001:00026330       _CG_DamageFeedback         30027330 f   cg_playerstate.obj
 0001:00026680       _CG_Respawn                30027680 f   cg_playerstate.obj
 0001:000266b0       _CG_TransitionPlayerState  300276b0 f   cg_playerstate.obj
 0001:000267e0       _CG_BuildSolidList         300277e0 f   cg_predict.obj
 0001:00026c20       _CG_PointContents          30027c20 f   cg_predict.obj
 0001:00026ca0       _CG_PredictPlayerState     30027ca0 f   cg_predict.obj
 0001:000274d0       _CG_Trace                  300284d0 f   cg_predict.obj
 0001:00027ae0       _CG_DrawOldScoreboard      30028ae0 f   cg_scoreboard.obj
 0001:00027f40       _CG_DrawOldTourneyScoreboard 30028f40 f   cg_scoreboard.obj
 0001:00028290       _CG_AddBufferedVoiceChat   30029290 f   cg_servercmds.obj
 0001:00028660       _CG_ExecuteNewServerCommands 30029660 f   cg_servercmds.obj
 0001:000286a0       _CG_GetVoiceChat           300296a0 f   cg_servercmds.obj
 0001:00028740       _CG_HeadModelVoiceChats    30029740 f   cg_servercmds.obj
 0001:00028870       _CG_LoadVoiceChats         30029870 f   cg_servercmds.obj
 0001:00028b80       _CG_ParseServerinfo        30029b80 f   cg_servercmds.obj
 0001:00028d80       _CG_ParseVoiceChats        30029d80 f   cg_servercmds.obj
 0001:00029130       _CG_PlayBufferedVoiceChats 3002a130 f   cg_servercmds.obj
 0001:00029140       _CG_PlayVoiceChat          3002a140 f   cg_servercmds.obj
 0001:00029640       _CG_SetConfigValues        3002a640 f   cg_servercmds.obj
 0001:000296c0       _CG_ShaderStateChanged     3002a6c0 f   cg_servercmds.obj
 0001:000297f0       _CG_VoiceChat              3002a7f0 f   cg_servercmds.obj
 0001:00029800       _CG_VoiceChatListForClient 3002a800 f   cg_servercmds.obj
 0001:00029ae0       _CG_VoiceChatLocal         3002aae0 f   cg_servercmds.obj
 0001:00029af0       _CG_ProcessSnapshots       3002aaf0 f   cg_snapshot.obj
 0001:00029d20       _CG_SetInitialSnapshot     3002ad20 f   cg_snapshot.obj
 0001:0002a0f0       _PASSFLOAT                 3002b0f0 f   cg_syscalls.obj
 0001:0002a110       _dllEntry                  3002b110 f   cg_syscalls.obj
 0001:0002a120       _testPrintFloat            3002b120 f   cg_syscalls.obj
 0001:0002a150       _testPrintInt              3002b150 f   cg_syscalls.obj
 0001:0002a170       _trap_AddCommand           3002b170 f   cg_syscalls.obj
 0001:0002a190       _trap_Argc                 3002b190 f   cg_syscalls.obj
 0001:0002a1a0       _trap_Args                 3002b1a0 f   cg_syscalls.obj
 0001:0002a1c0       _trap_Argv                 3002b1c0 f   cg_syscalls.obj
 0001:0002a1e0       _trap_CIN_DrawCinematic    3002b1e0 f   cg_syscalls.obj
 0001:0002a200       _trap_CIN_PlayCinematic    3002b200 f   cg_syscalls.obj
 0001:0002a230       _trap_CIN_RunCinematic     3002b230 f   cg_syscalls.obj
 0001:0002a250       _trap_CIN_SetExtents       3002b250 f   cg_syscalls.obj
 0001:0002a270       _trap_CIN_StopCinematic    3002b270 f   cg_syscalls.obj
 0001:0002a290       _trap_CM_BoxTrace          3002b290 f   cg_syscalls.obj
 0001:0002a2c0       _trap_CM_CapsuleTrace      3002b2c0 f   cg_syscalls.obj
 0001:0002a2f0       _trap_CM_InlineModel       3002b2f0 f   cg_syscalls.obj
 0001:0002a310       _trap_CM_LoadMap           3002b310 f   cg_syscalls.obj
 0001:0002a330       _trap_CM_MarkFragments     3002b330 f   cg_syscalls.obj
 0001:0002a360       _trap_CM_NumInlineModels   3002b360 f   cg_syscalls.obj
 0001:0002a370       _trap_CM_PointContents     3002b370 f   cg_syscalls.obj
 0001:0002a390       _trap_CM_TempBoxModel      3002b390 f   cg_syscalls.obj
 0001:0002a3b0       _trap_CM_TempCapsuleModel  3002b3b0 f   cg_syscalls.obj
 0001:0002a3d0       _trap_CM_TransformedBoxTrace 3002b3d0 f   cg_syscalls.obj
 0001:0002a400       _trap_CM_TransformedCapsuleTrace 3002b400 f   cg_syscalls.obj
 0001:0002a430       _trap_CM_TransformedPointContents 3002b430 f   cg_syscalls.obj
 0001:0002a450       _trap_Cvar_Register        3002b450 f   cg_syscalls.obj
 0001:0002a470       _trap_Cvar_Set             3002b470 f   cg_syscalls.obj
 0001:0002a490       _trap_Cvar_Update          3002b490 f   cg_syscalls.obj
 0001:0002a4b0       _trap_Cvar_VariableStringBuffer 3002b4b0 f   cg_syscalls.obj
 0001:0002a4d0       _trap_Error                3002b4d0 f   cg_syscalls.obj
 0001:0002a4f0       _trap_FS_FCloseFile        3002b4f0 f   cg_syscalls.obj
 0001:0002a510       _trap_FS_FOpenFile         3002b510 f   cg_syscalls.obj
 0001:0002a530       _trap_FS_Read              3002b530 f   cg_syscalls.obj
 0001:0002a550       _trap_FS_Seek              3002b550 f   cg_syscalls.obj
 0001:0002a570       _trap_FS_Write             3002b570 f   cg_syscalls.obj
 0001:0002a590       _trap_GetCurrentCmdNumber  3002b590 f   cg_syscalls.obj
 0001:0002a5a0       _trap_GetCurrentSnapshotNumber 3002b5a0 f   cg_syscalls.obj
 0001:0002a5c0       _trap_GetEntityToken       3002b5c0 f   cg_syscalls.obj
 0001:0002a5e0       _trap_GetGameState         3002b5e0 f   cg_syscalls.obj
 0001:0002a600       _trap_GetGlconfig          3002b600 f   cg_syscalls.obj
 0001:0002a620       _trap_GetServerCommand     3002b620 f   cg_syscalls.obj
 0001:0002a640       _trap_GetSnapshot          3002b640 f   cg_syscalls.obj
 0001:0002a660       _trap_GetUserCmd           3002b660 f   cg_syscalls.obj
 0001:0002a680       _trap_Key_GetCatcher       3002b680 f   cg_syscalls.obj
 0001:0002a690       _trap_Key_GetKey           3002b690 f   cg_syscalls.obj
 0001:0002a6b0       _trap_Key_IsDown           3002b6b0 f   cg_syscalls.obj
 0001:0002a6d0       _trap_Key_SetCatcher       3002b6d0 f   cg_syscalls.obj
 0001:0002a6f0       _trap_MemoryRemaining      3002b6f0 f   cg_syscalls.obj
 0001:0002a700       _trap_Milliseconds         3002b700 f   cg_syscalls.obj
 0001:0002a710       _trap_PC_AddGlobalDefine   3002b710 f   cg_syscalls.obj
 0001:0002a730       _trap_PC_FreeSource        3002b730 f   cg_syscalls.obj
 0001:0002a750       _trap_PC_LoadSource        3002b750 f   cg_syscalls.obj
 0001:0002a770       _trap_PC_ReadToken         3002b770 f   cg_syscalls.obj
 0001:0002a790       _trap_PC_SourceFileAndLine 3002b790 f   cg_syscalls.obj
 0001:0002a7b0       _trap_Print                3002b7b0 f   cg_syscalls.obj
 0001:0002a7d0       _trap_R_AddAdditiveLightToScene 3002b7d0 f   cg_syscalls.obj
 0001:0002a840       _trap_R_AddLightToScene    3002b840 f   cg_syscalls.obj
 0001:0002a8b0       _trap_R_AddPolyToScene     3002b8b0 f   cg_syscalls.obj
 0001:0002a8d0       _trap_R_AddPolysToScene    3002b8d0 f   cg_syscalls.obj
 0001:0002a8f0       _trap_R_AddRefEntityToScene 3002b8f0 f   cg_syscalls.obj
 0001:0002a910       _trap_R_ClearScene         3002b910 f   cg_syscalls.obj
 0001:0002a920       _trap_R_DrawStretchPic     3002b920 f   cg_syscalls.obj
 0001:0002a9e0       _trap_R_LerpTag            3002b9e0 f   cg_syscalls.obj
 0001:0002aa20       _trap_R_LightForPoint      3002ba20 f   cg_syscalls.obj
 0001:0002aa40       _trap_R_LoadWorldMap       3002ba40 f   cg_syscalls.obj
 0001:0002aa60       _trap_R_ModelBounds        3002ba60 f   cg_syscalls.obj
 0001:0002aa80       _trap_R_RegisterFont       3002ba80 f   cg_syscalls.obj
 0001:0002aaa0       _trap_R_RegisterModel      3002baa0 f   cg_syscalls.obj
 0001:0002aac0       _trap_R_RegisterShader     3002bac0 f   cg_syscalls.obj
 0001:0002aae0       _trap_R_RegisterShaderNoMip 3002bae0 f   cg_syscalls.obj
 0001:0002ab00       _trap_R_RegisterSkin       3002bb00 f   cg_syscalls.obj
 0001:0002ab20       _trap_R_RemapShader        3002bb20 f   cg_syscalls.obj
 0001:0002ab40       _trap_R_RenderScene        3002bb40 f   cg_syscalls.obj
 0001:0002ab60       _trap_R_SetColor           3002bb60 f   cg_syscalls.obj
 0001:0002ab80       _trap_R_inPVS              3002bb80 f   cg_syscalls.obj
 0001:0002aba0       _trap_RealTime             3002bba0 f   cg_syscalls.obj
 0001:0002abc0       _trap_RemoveCommand        3002bbc0 f   cg_syscalls.obj
 0001:0002abe0       _trap_S_AddLoopingSound    3002bbe0 f   cg_syscalls.obj
 0001:0002ac00       _trap_S_AddRealLoopingSound 3002bc00 f   cg_syscalls.obj
 0001:0002ac20       _trap_S_ClearLoopingSounds 3002bc20 f   cg_syscalls.obj
 0001:0002ac40       _trap_S_RegisterSound      3002bc40 f   cg_syscalls.obj
 0001:0002ac60       _trap_S_Respatialize       3002bc60 f   cg_syscalls.obj
 0001:0002ac80       _trap_S_StartBackgroundTrack 3002bc80 f   cg_syscalls.obj
 0001:0002aca0       _trap_S_StartLocalSound    3002bca0 f   cg_syscalls.obj
 0001:0002acc0       _trap_S_StartSound         3002bcc0 f   cg_syscalls.obj
 0001:0002ace0       _trap_S_StopBackgroundTrack 3002bce0 f   cg_syscalls.obj
 0001:0002acf0       _trap_S_StopLoopingSound   3002bcf0 f   cg_syscalls.obj
 0001:0002ad10       _trap_S_UpdateEntityPosition 3002bd10 f   cg_syscalls.obj
 0001:0002ad30       _trap_SendClientCommand    3002bd30 f   cg_syscalls.obj
 0001:0002ad50       _trap_SendConsoleCommand   3002bd50 f   cg_syscalls.obj
 0001:0002ad70       _trap_SetUserCmdValue      3002bd70 f   cg_syscalls.obj
 0001:0002ada0       _trap_SnapVector           3002bda0 f   cg_syscalls.obj
 0001:0002adc0       _trap_UpdateScreen         3002bdc0 f   cg_syscalls.obj
 0001:0002add0       _CG_AddBufferedSound       3002bdd0 f   cg_view.obj
 0001:0002b6c0       _CG_DrawActiveFrame        3002c6c0 f   cg_view.obj
 0001:0002c1d0       _CG_TestGun_f              3002d1d0 f   cg_view.obj
 0001:0002c1f0       _CG_TestModelNextFrame_f   3002d1f0 f   cg_view.obj
 0001:0002c210       _CG_TestModelNextSkin_f    3002d210 f   cg_view.obj
 0001:0002c230       _CG_TestModelPrevFrame_f   3002d230 f   cg_view.obj
 0001:0002c260       _CG_TestModelPrevSkin_f    3002d260 f   cg_view.obj
 0001:0002c290       _CG_TestModel_f            3002d290 f   cg_view.obj
 0001:0002c3f0       _CG_ZoomDown_f             3002d3f0 f   cg_view.obj
 0001:0002c410       _CG_ZoomUp_f               3002d410 f   cg_view.obj
 0001:0002c430       _CG_AddPlayerWeapon        3002d430 f   cg_weapons.obj
 0001:0002c890       _CG_AddViewWeapon          3002d890 f   cg_weapons.obj
 0001:0002cbc0       _CG_Bullet                 3002dbc0 f   cg_weapons.obj
 0001:0002d0d0       _CG_DrawWeaponSelect       3002e0d0 f   cg_weapons.obj
 0001:0002d2c0       _CG_FireWeapon             3002e2c0 f   cg_weapons.obj
 0001:0002d390       _CG_GrappleTrail           3002e390 f   cg_weapons.obj
 0001:0002ddc0       _CG_MissileHitPlayer       3002edc0 f   cg_weapons.obj
 0001:0002de00       _CG_MissileHitWall         3002ee00 f   cg_weapons.obj
 0001:0002e250       _CG_NextWeapon_f           3002f250 f   cg_weapons.obj
 0001:0002e2d0       _CG_OutOfAmmoChange        3002f2d0 f   cg_weapons.obj
 0001:0002e730       _CG_PrevWeapon_f           3002f730 f   cg_weapons.obj
 0001:0002e7a0       _CG_RailTrail              3002f7a0 f   cg_weapons.obj
 0001:0002ed10       _CG_RegisterItemVisuals    3002fd10 f   cg_weapons.obj
 0001:0002edd0       _CG_RegisterWeapon         3002fdd0 f   cg_weapons.obj
 0001:0002fbe0       _CG_ShotgunFire            30030be0 f   cg_weapons.obj
 0001:00030020       _CG_Tracer                 30031020 f   cg_weapons.obj
 0001:00030460       _CG_Weapon_f               30031460 f   cg_weapons.obj
 0001:000304bc       @__security_check_cookie@4 300314bc f   LIBCMT:secchk.obj
 0001:000304cd       ___raise_securityfailure   300314cd f   LIBCMT:gs_report.obj
 0001:000304f5       ___report_gsfailure        300314f5 f   LIBCMT:gs_report.obj
 0001:000305ee       ___report_rangecheckfailure 300315ee f   LIBCMT:gs_report.obj
 0001:000305fa       ___report_securityfailure  300315fa f   LIBCMT:gs_report.obj
 0001:000306c8       ___report_securityfailureEx 300316c8 f   LIBCMT:gs_report.obj
 0001:000307e0       __chkstk                   300317e0 f   LIBCMT:chkstk.obj
 0001:000307e0       __alloca_probe             300317e0 f   LIBCMT:chkstk.obj
 0001:00030b4d       __CRT_INIT@12              30031b4d f   LIBCMT:dll_dllmain.obj
 0001:00030b56       __DllMainCRTStartup@12     30031b56 f   LIBCMT:dll_dllmain.obj
 0001:00030bc6       ___security_init_cookie    30031bc6 f   LIBCMT:gs_support.obj
 0001:00030c11       _DllMain@12                30031c11 f   LIBCMT:dll_dllmain_stub.obj
 0001:00030c17       ?__scrt_initialize_type_info@@YAXXZ 30031c17 f   LIBCMT:tncleanup.obj
 0001:00030c23       ?__scrt_uninitialize_type_info@@YAXXZ 30031c23 f   LIBCMT:tncleanup.obj
 0001:00030c2f       ___local_stdio_scanf_options 30031c2f f i LIBCMT:default_local_stdio_options.obj
 0001:00030c35       ___scrt_initialize_default_local_stdio_options 30031c35 f   LIBCMT:default_local_stdio_options.obj
 0001:00030c52       ?configure_argv@__scrt_narrow_argv_policy@@SAHXZ 30031c52 f i LIBCMT:utility.obj
 0001:00030ca3       ?initialize_environment@__scrt_narrow_environment_policy@@SAHXZ 30031ca3 f i LIBCMT:utility.obj
 0001:00030cdc       _NtCurrentTeb              30031cdc f i LIBCMT:utility.obj
 0001:00030ce3       ___scrt_acquire_startup_lock 30031ce3 f   LIBCMT:utility.obj
 0001:00030d15       ___scrt_dllmain_after_initialize_c 30031d15 f   LIBCMT:utility.obj
 0001:00030d40       ___scrt_dllmain_before_initialize_c 30031d40 f   LIBCMT:utility.obj
 0001:00030d4e       ___scrt_dllmain_crt_thread_attach 30031d4e f   LIBCMT:utility.obj
 0001:00030d6d       ___scrt_dllmain_crt_thread_detach 30031d6d f   LIBCMT:utility.obj
 0001:00030d7a       ___scrt_dllmain_exception_filter 30031d7a f   LIBCMT:utility.obj
 0001:00030dae       ___scrt_dllmain_uninitialize_c 30031dae f   LIBCMT:utility.obj
 0001:00030dd1       ___scrt_dllmain_uninitialize_critical 30031dd1 f   LIBCMT:utility.obj
 0001:00030dde       ___scrt_initialize_crt     30031dde f   LIBCMT:utility.obj
 0001:00030e17       ___scrt_initialize_onexit_tables 30031e17 f   LIBCMT:utility.obj
 0001:00030e9e       ___scrt_is_nonwritable_in_current_image 30031e9e f   LIBCMT:utility.obj
 0001:00030f32       ___scrt_release_startup_lock 30031f32 f   LIBCMT:utility.obj
 0001:00030f4f       ___scrt_uninitialize_crt   30031f4f f   LIBCMT:utility.obj
 0001:00030f77       __onexit                   30031f77 f   LIBCMT:utility.obj
 0001:00030fa4       _at_quick_exit             30031fa4 f   LIBCMT:utility.obj
 0001:00030fc7       _atexit                    30031fc7 f   LIBCMT:utility.obj
 0001:00030fdc       ___scrt_get_dyn_tls_init_callback 30031fdc f   LIBCMT:dyn_tls_init.obj
 0001:00030fe2       ___scrt_fastfail           30031fe2 f   LIBCMT:utility_desktop.obj
 0001:000310fc       ___scrt_get_show_window_mode 300320fc f   LIBCMT:utility_desktop.obj
 0001:0003112d       ___scrt_initialize_mta     3003212d f   LIBCMT:utility_desktop.obj
 0001:00031132       ___scrt_initialize_winrt   30032132 f   LIBCMT:utility_desktop.obj
 0001:00031135       ___scrt_is_managed_app     30032135 f   LIBCMT:utility_desktop.obj
 0001:00031178       ___scrt_set_unhandled_exception_filter 30032178 f   LIBCMT:utility_desktop.obj
 0001:00031184       ___scrt_exe_initialize_mta 30032184 f   LIBCMT:utility_desktop.obj
 0001:00031184       ___scrt_stub_for_initialize_mta 30032184 f   LIBCMT:utility_desktop.obj
 0001:00031187       ___scrt_unhandled_exception_filter@4 30032187 f   LIBCMT:utility_desktop.obj
 0001:000311dd       __crt_debugger_hook        300321dd f   LIBCMT:utility_desktop.obj
 0001:000311e5       __RTC_Initialize           300321e5 f   LIBCMT:initsect.obj
 0001:00031211       __RTC_Terminate            30032211 f   LIBCMT:initsect.obj
 0001:00031240       __SEH_prolog4              30032240 f   LIBCMT:sehprolg4.obj
 0001:00031284       __SEH_epilog4              30032284 f   LIBCMT:sehprolg4.obj
 0001:00031298       @_guard_check_icall_nop@4  30032298 f i LIBCMT:guard_support.obj
 0001:0003129b       _ReadNoFence               3003229b f i LIBCMT:guard_support.obj
 0001:000312a5       _ReadPointerNoFence        300322a5 f i LIBCMT:guard_support.obj
 0001:000312af       __guard_icall_checks_enforced 300322af f i LIBCMT:guard_support.obj
 0001:000312c1       ___isa_available_init      300322c1 f   LIBCMT:cpu_disp.obj
 0001:00031491       __get_startup_argv_mode    30032491 f   LIBCMT:argv_mode.obj
 0001:00031495       ___scrt_is_ucrt_dll_in_use 30032495 f   LIBCMT:ucrt_detection.obj
 0001:000314b0       _memset                    300324b0 f   libvcruntime:memset.obj
 0001:00031610       _strchr                    30032610 f   libvcruntime:strchr.obj
 0001:0003167e       ___from_strstr_to_strchr   3003267e     libvcruntime:strchr.obj
 0001:00031740       _memmove                   30032740 f   libvcruntime:memmove.obj
 0001:00031cc0       _memcpy                    30032cc0 f   libvcruntime:memcpy.obj
 0001:00032240       _strstr                    30033240 f   libvcruntime:strstr.obj
 0001:000324f0       __except_handler4          300334f0 f   libvcruntime:chandler4.obj
 0001:0003265f       ??$?RD@__crt_internal_free_policy@@QBEXQBD@Z 3003365f f i libvcruntime:std_type_info.obj
 0001:0003266f       ??$?RX@__crt_internal_free_policy@@QBEXQBX@Z 3003366f f i libvcruntime:std_type_info.obj
 0001:0003267f       ??$__crt_interlocked_compare_exchange_pointer@$$CBDPAD$$T@@YAPBDPDSBDQAD$$T@Z 3003367f f i libvcruntime:std_type_info.obj
 0001:00032691       ??$__crt_interlocked_read_pointer@$$CBD@@YAPBDPDSBD@Z 30033691 f i libvcruntime:std_type_info.obj
 0001:0003269b       ??0?$__crt_unique_heap_ptr@DU__crt_internal_free_policy@@@@QAE@QAD@Z 3003369b f i libvcruntime:std_type_info.obj
 0001:000326a9       ??0?$__crt_unique_heap_ptr@XU__crt_internal_free_policy@@@@QAE@QAX@Z 300336a9 f i libvcruntime:std_type_info.obj
 0001:000326b7       ??1?$__crt_unique_heap_ptr@DU__crt_internal_free_policy@@@@QAE@XZ 300336b7 f i libvcruntime:std_type_info.obj
 0001:000326c7       ??1?$__crt_unique_heap_ptr@XU__crt_internal_free_policy@@@@QAE@XZ 300336c7 f i libvcruntime:std_type_info.obj
 0001:000326d7       ??B?$__crt_unique_heap_ptr@DU__crt_internal_free_policy@@@@QBE_NXZ 300336d7 f i libvcruntime:std_type_info.obj
 0001:000326de       ??B?$__crt_unique_heap_ptr@XU__crt_internal_free_policy@@@@QBE_NXZ 300336de f i libvcruntime:std_type_info.obj
 0001:00032711       ?__crt_interlocked_read_32@@YAHPDH@Z 30033711 f i libvcruntime:std_type_info.obj
 0001:0003271b       ?detach@?$__crt_unique_heap_ptr@XU__crt_internal_free_policy@@@@QAEPAXXZ 3003371b f i libvcruntime:std_type_info.obj
 0001:00032721       ?get@?$__crt_unique_heap_ptr@DU__crt_internal_free_policy@@@@QBEPADXZ 30033721 f i libvcruntime:std_type_info.obj
 0001:00032724       ?get@?$__crt_unique_heap_ptr@XU__crt_internal_free_policy@@@@QBEPAXXZ 30033724 f i libvcruntime:std_type_info.obj
 0001:00032727       ?is_valid@?$__crt_unique_heap_ptr@DU__crt_internal_free_policy@@@@QBE_NXZ 30033727 f i libvcruntime:std_type_info.obj
 0001:0003272e       ?is_valid@?$__crt_unique_heap_ptr@XU__crt_internal_free_policy@@@@QBE_NXZ 3003372e f i libvcruntime:std_type_info.obj
 0001:00032735       ?release@?$__crt_unique_heap_ptr@DU__crt_internal_free_policy@@@@QAEXXZ 30033735 f i libvcruntime:std_type_info.obj
 0001:00032745       ?release@?$__crt_unique_heap_ptr@XU__crt_internal_free_policy@@@@QAEXXZ 30033745 f i libvcruntime:std_type_info.obj
 0001:00032755       ___std_type_info_compare   30033755 f   libvcruntime:std_type_info.obj
 0001:00032791       ___std_type_info_destroy_list 30033791 f   libvcruntime:std_type_info.obj
 0001:000327b4       ___std_type_info_hash      300337b4 f   libvcruntime:std_type_info.obj
 0001:000327da       ___std_type_info_name      300337da f   libvcruntime:std_type_info.obj
 0001:0003289f       ___vcrt_initialize         3003389f f   libvcruntime:initialization.obj
 0001:000328be       ___vcrt_thread_attach      300338be f   libvcruntime:initialization.obj
 0001:000328c9       ___vcrt_thread_detach      300338c9 f   libvcruntime:initialization.obj
 0001:000328d4       ___vcrt_uninitialize       300338d4 f   libvcruntime:initialization.obj
 0001:000328eb       ___vcrt_uninitialize_critical 300338eb f   libvcruntime:initialization.obj
 0001:000328f6       ___DestructExceptionObject 300338f6 f   libvcruntime:ehhelpers.obj
 0001:00032997       ?_CallMemberFunction0@@YGXQAX0@Z 30033997 f i libvcruntime:ehhelpers.obj
 0001:000329fc       ?raw_name@type_info@@QBEPBDXZ 300339fc f i libvcruntime:ehhelpers.obj
 0001:00032a00       __IsExceptionObjectToBeDestroyed 30033a00 f   libvcruntime:ehhelpers.obj
 0001:00032a26       __SetWinRTOutOfMemoryExceptionCallback 30033a26 f   libvcruntime:ehhelpers.obj
 0001:00032a33       ___AdjustPointer           30033a33 f   libvcruntime:ehhelpers.obj
 0001:00032a58       ___FrameUnwindFilter       30033a58 f   libvcruntime:ehhelpers.obj
 0001:00032aae       ___GetPlatformExceptionInfo 30033aae f   libvcruntime:ehhelpers.obj
 0001:00032afa       ___current_exception       30033afa f   libvcruntime:ehhelpers.obj
 0001:00032b03       ___current_exception_context 30033b03 f   libvcruntime:ehhelpers.obj
 0001:00032b0c       ___processing_throw        30033b0c f   libvcruntime:ehhelpers.obj
 0001:00032b15       ___std_terminate           30033b15 f   libvcruntime:ehhelpers.obj
 0001:00032b1a       __is_exception_typeof      30033b1a f   libvcruntime:ehhelpers.obj
 0001:00032bc0       __local_unwind4            30033bc0 f   libvcruntime:exsup4.obj
 0001:00032c94       __seh_longjmp_unwind4@4    30033c94 f   libvcruntime:exsup4.obj
 0001:00032cbc       @_EH4_CallFilterFunc@8     30033cbc f   libvcruntime:exsup4.obj
 0001:00032cd4       @_EH4_TransferToHandler@8  30033cd4 f   libvcruntime:exsup4.obj
 0001:00032cf0       @_EH4_GlobalUnwind2@8      30033cf0 f   libvcruntime:exsup4.obj
 0001:00032d0c       @_EH4_LocalUnwind@16       30033d0c f   libvcruntime:exsup4.obj
 0001:00032d2e       ___except_validate_context_record 30033d2e f   libvcruntime:jbcxrval.obj
 0001:00032d5e       ___except_validate_jump_buffer 30033d5e f   libvcruntime:jbcxrval.obj
 0001:00032d8b       ___except_validate_jump_buffer_common 30033d8b f i libvcruntime:jbcxrval.obj
 0001:00032dc4       ??$?0$00@DName@@QAE@PBDU?$StringLifeSelector@$00@@@Z 30033dc4 f i libvcruntime:undname.obj
 0001:00032dfa       ??$?0$00@pcharNode@@QAE@PBDHU?$StringLifeSelector@$00@@@Z 30033dfa f i libvcruntime:undname.obj
 0001:00032e15       ??$?0$01@DName@@QAE@PBDU?$StringLifeSelector@$01@@@Z 30033e15 f i libvcruntime:undname.obj
 0001:00032e4b       ??$?0$01@pcharNode@@QAE@PBDHU?$StringLifeSelector@$01@@@Z 30033e4b f i libvcruntime:undname.obj
 0001:00032e8b       ??$?0$0A@@DName@@QAE@PBDU?$StringLifeSelector@$0A@@@@Z 30033e8b f i libvcruntime:undname.obj
 0001:00032ec1       ??$?0$0A@@pcharNode@@QAE@PBDHU?$StringLifeSelector@$0A@@@@Z 30033ec1 f i libvcruntime:undname.obj
 0001:00032f01       ??$?0_K$0A@@?$optional@_K@std@@QAE@$$QA_K@Z 30033f01 f i libvcruntime:undname.obj
 0001:00032f1b       ??$?0_K@?$_Optional_construct_base@_K@std@@QAE@Uin_place_t@1@$$QA_K@Z 30033f1b f i libvcruntime:undname.obj
 0001:00032f35       ??$?0_K@?$_Optional_destruct_base@_K$00@std@@QAE@Uin_place_t@1@$$QA_K@Z 30033f35 f i libvcruntime:undname.obj
 0001:00032f4f       ??$append@VDNameNode@@@DName@@AAEXPBVDNameNode@@@Z 30033f4f f i libvcruntime:undname.obj
 0001:00032f90       ??$append@VDNameStatusNode@@@DName@@AAEXPBVDNameStatusNode@@@Z 30033f90 f i libvcruntime:undname.obj
 0001:00032fd1       ??$append@VcharNode@@@DName@@AAEXPBVcharNode@@@Z 30033fd1 f i libvcruntime:undname.obj
 0001:00033012       ??$append@VpDNameNode@@@DName@@AAEXPBVpDNameNode@@@Z 30034012 f i libvcruntime:undname.obj
 0001:00033053       ??$append@VpcharNode@@@DName@@AAEXPBVpcharNode@@@Z 30034053 f i libvcruntime:undname.obj
 0001:00033094       ??$doPchar@$00@DName@@AAEXPBDH@Z 30034094 f i libvcruntime:undname.obj
 0001:000330ff       ??$doPchar@$01@DName@@AAEXPBDH@Z 300340ff f i libvcruntime:undname.obj
 0001:00033173       ??$doPchar@$0A@@DName@@AAEXPBDH@Z 30034173 f i libvcruntime:undname.obj
 0001:000331e7       ??$forward@_K@std@@YA$$QA_KAA_K@Z 300341e7 f i libvcruntime:undname.obj
 0001:000331ef       ??$size@D$04@std@@YAIAAY04$$CBD@Z 300341ef f i libvcruntime:undname.obj
 0001:000331f3       ??$size@D$0EB@@std@@YAIAAY0EB@$$CBD@Z 300341f3 f i libvcruntime:undname.obj
 0001:000331f7       ??0?$_Optional_construct_base@_K@std@@QAE@XZ 300341f7 f i libvcruntime:undname.obj
 0001:00033201       ??0?$_Optional_destruct_base@_K$00@std@@QAE@XZ 30034201 f i libvcruntime:undname.obj
 0001:0003320b       ??0?$optional@_K@std@@QAE@XZ 3003420b f i libvcruntime:undname.obj
 0001:00033218       ??0Block@_HeapManager@@QAE@XZ 30034218 f i libvcruntime:undname.obj
 0001:0003321e       ??0DName@@QAE@AAPBDD@Z     3003421e f   libvcruntime:undname.obj
 0001:0003329e       ??0DName@@QAE@ABUStringLiteral@@@Z 3003429e f   libvcruntime:undname.obj
 0001:000332c5       ??0DName@@QAE@ABV0@@Z      300342c5 f i libvcruntime:undname.obj
 0001:000332db       ??0DName@@QAE@D@Z          300342db f   libvcruntime:undname.obj
 0001:000332f7       ??0DName@@QAE@PAV0@@Z      300342f7 f   libvcruntime:undname.obj
 0001:0003333e       ??0DName@@QAE@W4DNameStatus@@@Z 3003433e f   libvcruntime:undname.obj
 0001:0003337e       ??0DName@@QAE@XZ           3003437e f i libvcruntime:undname.obj
 0001:00033388       ??0DName@@QAE@_J@Z         30034388 f   libvcruntime:undname.obj
 0001:00033414       ??0DName@@QAE@_K@Z         30034414 f   libvcruntime:undname.obj
 0001:0003347a       ??0DNameNode@@IAE@XZ       3003447a f i libvcruntime:undname.obj
 0001:00033483       ??0Replicator@@QAE@XZ      30034483 f i libvcruntime:undname.obj
 0001:00033492       ??0UnDecorator@@QAE@PBDP6APADJ@ZK@Z 30034492 f i libvcruntime:undname.obj
 0001:000334de       ??0charNode@@QAE@D@Z       300344de f i libvcruntime:undname.obj
 0001:000334f3       ??0pDNameNode@@QAE@PAVDName@@@Z 300344f3 f   libvcruntime:undname.obj
 0001:0003351b       ??0pairNode@@QAE@PBVDNameNode@@0@Z 3003451b f i libvcruntime:undname.obj
 0001:00033541       ??2@YAPAXIAAV_HeapManager@@H@Z 30034541 f   libvcruntime:undname.obj
 0001:00033560       ??4DName@@QAEAAV0@ABUStringLiteral@@@Z 30034560 f   libvcruntime:undname.obj
 0001:00033581       ??4DName@@QAEAAV0@ABV0@@Z  30034581 f   libvcruntime:undname.obj
 0001:00033597       ??4DName@@QAEAAV0@D@Z      30034597 f i libvcruntime:undname.obj
 0001:000335b3       ??4DName@@QAEAAV0@PAV0@@Z  300345b3 f   libvcruntime:undname.obj
 0001:000335f6       ??4DName@@QAEAAV0@W4DNameStatus@@@Z 300345f6 f   libvcruntime:undname.obj
 0001:00033628       ??AReplicator@@QBE?AVDName@@H@Z 30034628 f   libvcruntime:undname.obj
 0001:00033671       ??B?$optional@_K@std@@QBE_NXZ 30034671 f i libvcruntime:undname.obj
 0001:00033675       ??D?$optional@_K@std@@QGAEAA_KXZ 30034675 f i libvcruntime:undname.obj
 0001:00033678       ??H@YA?AVDName@@ABUStringLiteral@@ABV0@@Z 30034678 f i libvcruntime:undname.obj
 0001:0003369a       ??H@YA?AVDName@@DABV0@@Z   3003469a f i libvcruntime:undname.obj
 0001:000336c5       ??H@YA?AVDName@@W4DNameStatus@@ABV0@@Z 300346c5 f i libvcruntime:undname.obj
 0001:000336e7       ??HDName@@QBE?AV0@ABUStringLiteral@@@Z 300346e7 f   libvcruntime:undname.obj
 0001:00033709       ??HDName@@QBE?AV0@ABV0@@Z  30034709 f   libvcruntime:undname.obj
 0001:0003372b       ??HDName@@QBE?AV0@D@Z      3003472b f   libvcruntime:undname.obj
 0001:0003374d       ??HDName@@QBE?AV0@PAV0@@Z  3003474d f   libvcruntime:undname.obj
 0001:0003376f       ??HDName@@QBE?AV0@W4DNameStatus@@@Z 3003476f f   libvcruntime:undname.obj
 0001:00033791       ??HStringLiteral@@QBE?AU0@H@Z 30034791 f i libvcruntime:undname.obj
 0001:000337ab       ??YDName@@QAEAAV0@ABUStringLiteral@@@Z 300347ab f   libvcruntime:undname.obj
 0001:00033803       ??YDName@@QAEAAV0@ABV0@@Z  30034803 f   libvcruntime:undname.obj
 0001:0003385a       ??YDName@@QAEAAV0@D@Z      3003485a f   libvcruntime:undname.obj
 0001:000338af       ??YDName@@QAEAAV0@PAV0@@Z  300348af f   libvcruntime:undname.obj
 0001:00033913       ??YDName@@QAEAAV0@W4DNameStatus@@@Z 30034913 f   libvcruntime:undname.obj
 0001:00033953       ??YReplicator@@QAEAAV0@ABVDName@@@Z 30034953 f   libvcruntime:undname.obj
 0001:00033991       ??_5DName@@QAEAAV0@ABV0@@Z 30034991 f   libvcruntime:undname.obj
 0001:000339ad       ??__K_l@@YA?AUStringLiteral@@PBDI@Z 300349ad f i libvcruntime:undname.obj
 0001:000339b8       ?Constructor@_HeapManager@@QAEXP6APAXI@ZP6AXPAX@Z@Z 300349b8 f i libvcruntime:undname.obj
 0001:000339d5       ?Destructor@_HeapManager@@QAEXXZ 300349d5 f i libvcruntime:undname.obj
 0001:00033a1c       ?UScore@UnDecorator@@SA?AUStringLiteral@@W4Tokens@@@Z 30034a1c f   libvcruntime:undname.obj
 0001:00033a43       ?composeDeclaration@UnDecorator@@CA?AVDName@@ABV2@@Z 30034a43 f i libvcruntime:undname.obj
 0001:000346c8       ?doAccessSpecifiers@UnDecorator@@SAHXZ 300356c8 f i libvcruntime:undname.obj
 0001:000346d6       ?doAllocationLanguage@UnDecorator@@SAHXZ 300356d6 f i libvcruntime:undname.obj
 0001:000346e4       ?doAllocationModel@UnDecorator@@SAHXZ 300356e4 f i libvcruntime:undname.obj
 0001:000346f2       ?doEcsu@UnDecorator@@SAHXZ 300356f2 f i libvcruntime:undname.obj
 0001:00034700       ?doEllipsis@UnDecorator@@SAHXZ 30035700 f i libvcruntime:undname.obj
 0001:0003470e       ?doFunctionReturns@UnDecorator@@SAHXZ 3003570e f i libvcruntime:undname.obj
 0001:0003471c       ?doMSKeywords@UnDecorator@@SAHXZ 3003571c f i libvcruntime:undname.obj
 0001:00034729       ?doMemberTypes@UnDecorator@@SAHXZ 30035729 f i libvcruntime:undname.obj
 0001:00034737       ?doNameOnly@UnDecorator@@SAHXZ 30035737 f i libvcruntime:undname.obj
 0001:00034742       ?doNoIdentCharCheck@UnDecorator@@SAHXZ 30035742 f i libvcruntime:undname.obj
 0001:0003474d       ?doPchar@DName@@AAEXD@Z    3003574d f   libvcruntime:undname.obj
 0001:00034785       ?doPtr64@UnDecorator@@SAHXZ 30035785 f i libvcruntime:undname.obj
 0001:00034793       ?doRestrictionSpec@UnDecorator@@SAHXZ 30035793 f i libvcruntime:undname.obj
 0001:000347a1       ?doThisTypes@UnDecorator@@SAHXZ 300357a1 f i libvcruntime:undname.obj
 0001:000347b3       ?doThrowTypes@UnDecorator@@SAHXZ 300357b3 f i libvcruntime:undname.obj
 0001:000347c1       ?doTypeOnly@UnDecorator@@SAHXZ 300357c1 f i libvcruntime:undname.obj
 0001:000347cc       ?doUnderScore@UnDecorator@@SAHXZ 300357cc f i libvcruntime:undname.obj
 0001:000347d7       ?getArgumentList@UnDecorator@@CA?AVDName@@XZ 300357d7 f   libvcruntime:undname.obj
 0001:000348e7       ?getArgumentTypes@UnDecorator@@CA?AVDName@@XZ 300358e7 f   libvcruntime:undname.obj
 0001:00034a00       ?getArrayObject@UnDecorator@@CA?AVDName@@XZ 30035a00 f   libvcruntime:undname.obj
 0001:00034aa2       ?getArrayType@UnDecorator@@CA?AVDName@@ABV2@@Z 30035aa2 f i libvcruntime:undname.obj
 0001:00034c3f       ?getBasedType@UnDecorator@@CA?AVDName@@XZ 30035c3f f   libvcruntime:undname.obj
 0001:00034cfa       ?getBasicDataType@UnDecorator@@CA?AVDName@@ABV2@@Z 30035cfa f   libvcruntime:undname.obj
 0001:000351ed       ?getCHPEName@UnDecorator@@QAEPADPADH@Z 300361ed f i libvcruntime:undname.obj
 0001:000352d0       ?getCallIndex@UnDecorator@@CA?AVDName@@XZ 300362d0 f i libvcruntime:undname.obj
 0001:000352e4       ?getCallingConvention@UnDecorator@@CA?AVDName@@XZ 300362e4 f   libvcruntime:undname.obj
 0001:000353c1       ?getDataIndirectType@UnDecorator@@CA?AVDName@@ABV2@W4IndirectionKind@@0H@Z 300363c1 f   libvcruntime:undname.obj
 0001:00035a57       ?getDataIndirectType@UnDecorator@@CA?AVDName@@XZ 30036a57 f i libvcruntime:undname.obj
 0001:00035a85       ?getDataType@UnDecorator@@CA?AVDName@@PAV2@@Z 30036a85 f   libvcruntime:undname.obj
 0001:00035b5c       ?getDecoratedName@UnDecorator@@CA?AVDName@@XZ 30036b5c f   libvcruntime:undname.obj
 0001:00035dc6       ?getDimension@UnDecorator@@CA?AVDName@@_N@Z 30036dc6 f   libvcruntime:undname.obj
 0001:00035edd       ?getDispatchTarget@UnDecorator@@CA?AVDName@@XZ 30036edd f   libvcruntime:undname.obj
 0001:00035f31       ?getDisplacement@UnDecorator@@CA?AVDName@@XZ 30036f31 f i libvcruntime:undname.obj
 0001:00035f45       ?getECSUDataType@UnDecorator@@CA?AVDName@@XZ 30036f45 f   libvcruntime:undname.obj
 0001:000360d5       ?getECSUName@UnDecorator@@CA?AVDName@@XZ 300370d5 f i libvcruntime:undname.obj
 0001:000360e6       ?getEnumType@UnDecorator@@CA?AVDName@@XZ 300370e6 f i libvcruntime:undname.obj
 0001:00036206       ?getExtendedDataIndirectType@UnDecorator@@CA?AVDName@@AAW4IndirectionKind@@AA_NH@Z 30037206 f   libvcruntime:undname.obj
 0001:000363bc       ?getExternalDataType@UnDecorator@@CA?AVDName@@ABV2@@Z 300373bc f i libvcruntime:undname.obj
 0001:00036421       ?getFloatingPoint@UnDecorator@@CA?AVDName@@H@Z 30037421 f   libvcruntime:undname.obj
 0001:0003650d       ?getFunctionIndirectType@UnDecorator@@CA?AVDName@@ABV2@@Z 3003750d f   libvcruntime:undname.obj
 0001:000368c6       ?getGuardNumber@UnDecorator@@CA?AVDName@@XZ 300378c6 f i libvcruntime:undname.obj
 0001:000368da       ?getLastChar@DName@@QBEDXZ 300378da f i libvcruntime:undname.obj
 0001:000368fa       ?getLastChar@DNameStatusNode@@UBEDXZ 300378fa f i libvcruntime:undname.obj
 0001:00036906       ?getLastChar@charNode@@UBEDXZ 30037906 f i libvcruntime:undname.obj
 0001:0003690a       ?getLastChar@pDNameNode@@UBEDXZ 3003790a f i libvcruntime:undname.obj
 0001:00036918       ?getLastChar@pairNode@@UBEDXZ 30037918 f i libvcruntime:undname.obj
 0001:0003694d       ?getLastChar@pcharNode@@UBEDXZ 3003794d f i libvcruntime:undname.obj
 0001:0003695f       ?getLexicalFrame@UnDecorator@@CA?AVDName@@XZ 3003795f f i libvcruntime:undname.obj
 0001:00036990       ?getMemoryWithBuffer@_HeapManager@@QAEPAXI@Z 30037990 f   libvcruntime:undname.obj
 0001:000369fa       ?getMemoryWithoutBuffer@_HeapManager@@QAEPAXI@Z 300379fa f   libvcruntime:undname.obj
 0001:00036a1a       ?getNoexcept@UnDecorator@@CA?AVDName@@XZ 30037a1a f   libvcruntime:undname.obj
 0001:00036a6e       ?getNumberOfDimensions@UnDecorator@@CAHXZ 30037a6e f   libvcruntime:undname.obj
 0001:00036acf       ?getOperatorName@UnDecorator@@CA?AVDName@@_NPA_N@Z 30037acf f i libvcruntime:undname.obj
 0001:00037175       ?getPointerType@UnDecorator@@CA?AVDName@@ABV2@0@Z 30038175 f i libvcruntime:undname.obj
 0001:00037190       ?getPointerTypeArray@UnDecorator@@CA?AVDName@@ABV2@0@Z 30038190 f i libvcruntime:undname.obj
 0001:000371ab       ?getPrimaryDataType@UnDecorator@@CA?AVDName@@ABV2@@Z 300381ab f   libvcruntime:undname.obj
 0001:000373ca       ?getPtrRefDataType@UnDecorator@@CA?AVDName@@ABV2@H@Z 300383ca f   libvcruntime:undname.obj
 0001:00037537       ?getPtrRefType@UnDecorator@@CA?AVDName@@ABV2@0W4IndirectionKind@@@Z 30038537 f   libvcruntime:undname.obj
 0001:00037648       ?getReferenceType@UnDecorator@@CA?AVDName@@ABV2@0W4IndirectionKind@@@Z 30038648 f i libvcruntime:undname.obj
 0001:00037664       ?getRestrictionSpec@UnDecorator@@CA?AVDName@@XZ 30038664 f   libvcruntime:undname.obj
 0001:0003778d       ?getReturnType@UnDecorator@@CA?AVDName@@PAV2@@Z 3003878d f   libvcruntime:undname.obj
 0001:000377bc       ?getScope@UnDecorator@@CA?AVDName@@XZ 300387bc f   libvcruntime:undname.obj
 0001:00037b6e       ?getScopedName@UnDecorator@@CA?AVDName@@XZ 30038b6e f   libvcruntime:undname.obj
 0001:00037c59       ?getSignedDimension@UnDecorator@@CA?AVDName@@XZ 30038c59 f   libvcruntime:undname.obj
 0001:00037caa       ?getStorageConvention@UnDecorator@@CA?AVDName@@XZ 30038caa f i libvcruntime:undname.obj
 0001:00037cbb       ?getString@DName@@QBEPADPAD0@Z 30038cbb f i libvcruntime:undname.obj
 0001:00037ce8       ?getString@DName@@QBEPADPADH@Z 30038ce8 f i libvcruntime:undname.obj
 0001:00037d3d       ?getString@DNameStatusNode@@UBEPADPAD0@Z 30038d3d f i libvcruntime:undname.obj
 0001:00037d83       ?getString@charNode@@UBEPADPAD0@Z 30038d83 f i libvcruntime:undname.obj
 0001:00037d98       ?getString@pDNameNode@@UBEPADPAD0@Z 30038d98 f i libvcruntime:undname.obj
 0001:00037daf       ?getString@pairNode@@UBEPADPAD0@Z 30038daf f i libvcruntime:undname.obj
 0001:00037dfd       ?getString@pcharNode@@UBEPADPAD0@Z 30038dfd f i libvcruntime:undname.obj
 0001:00037e18       ?getStringEncoding@UnDecorator@@CA?AVDName@@W4PrefixKind@@H@Z 30038e18 f   libvcruntime:undname.obj
 0001:00037ed0       ?getStringHelper@@YAPADPADPBD1H@Z 30038ed0 f i libvcruntime:undname.obj
 0001:00037efa       ?getStringObject@UnDecorator@@CA?AVDName@@XZ 30038efa f   libvcruntime:undname.obj
 0001:00037f51       ?getSymbolName@UnDecorator@@CA?AVDName@@XZ 30038f51 f i libvcruntime:undname.obj
 0001:00037f99       ?getTemplateArgumentList@UnDecorator@@CA?AVDName@@XZ 30038f99 f   libvcruntime:undname.obj
 0001:0003815f       ?getTemplateName@UnDecorator@@CA?AVDName@@_N@Z 3003915f f   libvcruntime:undname.obj
 0001:000382c0       ?getTemplateNonTypeArgument@UnDecorator@@CA?AVDName@@XZ 300392c0 f   libvcruntime:undname.obj
 0001:000385c9       ?getTemplateTypeArgument@UnDecorator@@CA?AVDName@@XZ 300395c9 f   libvcruntime:undname.obj
 0001:000386cf       ?getThisType@UnDecorator@@CA?AVDName@@XZ 300396cf f i libvcruntime:undname.obj
 0001:000386fe       ?getThrowTypes@UnDecorator@@CA?AVDName@@XZ 300396fe f   libvcruntime:undname.obj
 0001:00038721       ?getTypeEncoding@UnDecorator@@CAHXZ 30039721 f i libvcruntime:undname.obj
 0001:00038a51       ?getUndecoratedName@UnDecorator@@QAEPADPADH@Z 30039a51 f i libvcruntime:undname.obj
 0001:00038b70       ?getVCallThunkType@UnDecorator@@CA?AVDName@@XZ 30039b70 f i libvcruntime:undname.obj
 0001:00038bc6       ?getValue@UnDecorator@@CA?AV?$optional@_K@std@@XZ 30039bc6 f   libvcruntime:undname.obj
 0001:00038c3b       ?getValueObject@UnDecorator@@CA?AVDName@@XZ 30039c3b f   libvcruntime:undname.obj
 0001:00038d2e       ?getVbTableType@UnDecorator@@CA?AVDName@@ABV2@@Z 30039d2e f i libvcruntime:undname.obj
 0001:00038d43       ?getVdispMapType@UnDecorator@@CA?AVDName@@ABV2@@Z 30039d43 f i libvcruntime:undname.obj
 0001:00038da4       ?getVfTableType@UnDecorator@@CA?AVDName@@ABV2@@Z 30039da4 f i libvcruntime:undname.obj
 0001:00038efd       ?getZName@UnDecorator@@CA?AVDName@@_N0@Z 30039efd f   libvcruntime:undname.obj
 0001:00039115       ?haveTemplateParameters@UnDecorator@@SAHXZ 3003a115 f i libvcruntime:undname.obj
 0001:00039120       ?isArray@DName@@QBEHXZ     3003a120 f i libvcruntime:undname.obj
 0001:0003912a       ?isComArray@DName@@QBEHXZ  3003a12a f i libvcruntime:undname.obj
 0001:00039134       ?isEmpty@DName@@QBEHXZ     3003a134 f i libvcruntime:undname.obj
 0001:0003913c       ?isFull@Replicator@@QBEHXZ 3003a13c f i libvcruntime:undname.obj
 0001:00039145       ?isNoTE@DName@@QBEHXZ      3003a145 f i libvcruntime:undname.obj
 0001:0003914f       ?isPinPtr@DName@@QBEHXZ    3003a14f f i libvcruntime:undname.obj
 0001:00039159       ?isPtrRef@DName@@QBEHXZ    3003a159 f i libvcruntime:undname.obj
 0001:00039163       ?isUDC@DName@@QBEHXZ       3003a163 f i libvcruntime:undname.obj
 0001:00039174       ?isUDTThunk@DName@@QBEHXZ  3003a174 f i libvcruntime:undname.obj
[...]
 0002:00011eb8       __sehtable$??$?RV<lambda_4fdada1b837b2abbf20876fac97688ad>@@AAV<lambda_b57350f2640456a0859d250846f69caf>@@V<lambda_eed5e4f92b5b7d55fa22c48c484aaa54>@@@?$__crt_seh_guarded_call@X@@QAEX$$QAV<lambda_4fdada1b837b2abbf20876fac97688ad>@@AAV<lambda_b57350f2640456a0859d250846f69caf>@@$$QAV<lambda_eed5e4f92b5b7d55fa22c48c484aaa54>@@@Z 30089eb8     libucrt:wsetlocale.obj
 0002:00011ed8       __sehtable$??$?RV<lambda_135d2772fca65dc1248eeaa1b56e886a>@@AAV<lambda_2a444430fde8c29194d880d93eed5e8f>@@AAV<lambda_8dff2cf36a5417162780cd64fa2883ef>@@@?$__crt_seh_guarded_call@X@@QAEX$$QAV<lambda_135d2772fca65dc1248eeaa1b56e886a>@@AAV<lambda_2a444430fde8c29194d880d93eed5e8f>@@AAV<lambda_8dff2cf36a5417162780cd64fa2883ef>@@@Z 30089ed8     libucrt:wsetlocale.obj
 0002:00011ef8       __sehtable$_fputwc         30089ef8     libucrt:fputwc.obj
 0002:00011f18       __sehtable$_fputc          30089f18     libucrt:fputc.obj
 0002:00011f38       __sehtable$___acrt_initialize_lowio 30089f38     libucrt:ioinit.obj
 0002:00011f58       __sehtable$?update_thread_multibyte_data_internal@@YAPAU__crt_multibyte_data@@QAU__acrt_ptd@@QAPAU1@@Z 30089f58     libucrt:mbctype.obj
 0002:00011f78       __sehtable$??$?RV<lambda_ceb1ee4838e85a9d631eb091e2fbe199>@@AAV<lambda_ae742caa10f662c28703da3d2ea5e57e>@@V<lambda_cd08b5d6af4937fe54fc07d0c9bf6b37>@@@?$__crt_seh_guarded_call@X@@QAEX$$QAV<lambda_ceb1ee4838e85a9d631eb091e2fbe199>@@AAV<lambda_ae742caa10f662c28703da3d2ea5e57e>@@$$QAV<lambda_cd08b5d6af4937fe54fc07d0c9bf6b37>@@@Z 30089f78     libucrt:mbctype.obj
 0002:00011f98       __sehtable$??$?RV<lambda_6b4b7855443974f2b4b77000ea21c99c>@@AAV<lambda_8f7d3b162ab39427f4fa9995c67a7986>@@V<lambda_cc9a5ba8a5d8428b9634eab82665e5dc>@@@?$__crt_seh_guarded_call@H@@QAEH$$QAV<lambda_6b4b7855443974f2b4b77000ea21c99c>@@AAV<lambda_8f7d3b162ab39427f4fa9995c67a7986>@@$$QAV<lambda_cc9a5ba8a5d8428b9634eab82665e5dc>@@@Z 30089f98     libucrt:winapi_thunks.obj
 0002:00011fb8       __sehtable$__query_new_handler 30089fb8     libucrt:new_handler.obj
 0002:00011fd8       __sehtable$__set_new_handler 30089fd8     libucrt:new_handler.obj
 0002:00011ff8       __sehtable$_signal         30089ff8     libucrt:signal.obj
 0002:00012018       __sehtable$_raise          3008a018     libucrt:signal.obj
 0002:00012038       __sehtable$?ctrlevent_capture@@YGHK@Z 3008a038     libucrt:signal.obj
 0002:00012058       __sehtable$??$?RV<lambda_cbab9ec6f41b0180b23cc171c22676b0>@@AAV<lambda_44731a7d0e6d81c3e6aa82d741081786>@@V<lambda_4b292cb8dd18144e164572427af410ab>@@@?$__crt_seh_guarded_call@P6AXH@Z@@QAEP6AXH@Z$$QAV<lambda_cbab9ec6f41b0180b23cc171c22676b0>@@AAV<lambda_44731a7d0e6d81c3e6aa82d741081786>@@$$QAV<lambda_4b292cb8dd18144e164572427af410ab>@@@Z 3008a058     libucrt:signal.obj
 0002:00012078       __sehtable$??$?RV<lambda_2866be3712abc81a800a822484c830d8>@@AAV<lambda_39ca0ed439415581b5b15c265174cece>@@V<lambda_2b24c74d71094a6cd0cb82e44167d71b>@@@?$__crt_seh_guarded_call@X@@QAEX$$QAV<lambda_2866be3712abc81a800a822484c830d8>@@AAV<lambda_39ca0ed439415581b5b15c265174cece>@@$$QAV<lambda_2b24c74d71094a6cd0cb82e44167d71b>@@@Z 3008a078     libucrt:fflush.obj
 0002:00012098       __sehtable$??$?RV<lambda_2cc53f568c5a2bb6f192f930a45d44ea>@@AAV<lambda_ab61a845afdef5b7c387490eaf3616ee>@@V<lambda_c2ffc0b7726aa6be21d5f0026187e748>@@@?$__crt_seh_guarded_call@X@@QAEX$$QAV<lambda_2cc53f568c5a2bb6f192f930a45d44ea>@@AAV<lambda_ab61a845afdef5b7c387490eaf3616ee>@@$$QAV<lambda_c2ffc0b7726aa6be21d5f0026187e748>@@@Z 3008a098     libucrt:fflush.obj
 0002:000120b8       __sehtable$??$?RV<lambda_6d20deecaf4856105ebacbad442d1079>@@AAV<lambda_9a32fed5bf61b6b509b2d3f6003082a1>@@V<lambda_63ea2239ed67c638ddbae41947fdf875>@@@?$__crt_seh_guarded_call@H@@QAEH$$QAV<lambda_6d20deecaf4856105ebacbad442d1079>@@AAV<lambda_9a32fed5bf61b6b509b2d3f6003082a1>@@$$QAV<lambda_63ea2239ed67c638ddbae41947fdf875>@@@Z 3008a0b8     libucrt:fflush.obj
 0002:000120d8       __sehtable$___acrt_update_thread_locale_data 3008a0d8     libucrt:locale_refcounting.obj
 0002:000120f8       __sehtable$__fcloseall     3008a0f8     libucrt:closeall.obj
 0002:00012118       __sehtable$__open_osfhandle 3008a118     libucrt:osfinfo.obj
 0002:00012138       __sehtable$__alloc_osfhnd  3008a138     libucrt:osfinfo.obj
 0002:00012158       __sehtable$___acrt_lowio_ensure_fh_exists 3008a158     libucrt:osfinfo.obj
 0002:00012178       __sehtable$___set_fpsr_sse2 3008a178     libucrt:fpctrl.obj
 0002:00012198       __sehtable$??$?RV<lambda_9e9de3de5fa147e2223d7db92bc10aa6>@@AAV<lambda_38ce7e780aa69e748d6df282ebc68efe>@@V<lambda_8ca6da459f0f6780f1cff60fdc3d00e5>@@@?$__crt_seh_guarded_call@H@@QAEH$$QAV<lambda_9e9de3de5fa147e2223d7db92bc10aa6>@@AAV<lambda_38ce7e780aa69e748d6df282ebc68efe>@@$$QAV<lambda_8ca6da459f0f6780f1cff60fdc3d00e5>@@@Z 3008a198     libucrt:commit.obj
 0002:000121b8       __sehtable$__write         3008a1b8     libucrt:write.obj
 0002:000121d8       __sehtable$??$common_lseek@J@@YAJHJH@Z 3008a1d8     libucrt:lseek.obj
 0002:000121f8       __sehtable$??$common_lseek@_J@@YA_JH_JH@Z 3008a1f8     libucrt:lseek.obj
 0002:00012218       __sehtable$_fclose         3008a218     libucrt:fclose.obj
 0002:00012238       __sehtable$??$?RV<lambda_f828341fbe69b7c0d4c527b01f22877f>@@AAV<lambda_9e0b6ab72a5b3ae37ad997d08b519f50>@@V<lambda_f01deac0a8d65d6e0411edf7e0af5775>@@@?$__crt_seh_guarded_call@G@@QAEG$$QAV<lambda_f828341fbe69b7c0d4c527b01f22877f>@@AAV<lambda_9e0b6ab72a5b3ae37ad997d08b519f50>@@$$QAV<lambda_f01deac0a8d65d6e0411edf7e0af5775>@@@Z 3008a238     libucrt:putwch.obj
 0002:00012258       __sehtable$__read          3008a258     libucrt:read.obj
 0002:00012278       __sehtable$??$?RV<lambda_218ce3db14220d0be481dae8ef3383b6>@@AAV<lambda_628dfdc04ba53c8bfc02c9951375f3f5>@@V<lambda_57dc472bd5c9d5f3b2cbca59b8a843ae>@@@?$__crt_seh_guarded_call@H@@QAEH$$QAV<lambda_218ce3db14220d0be481dae8ef3383b6>@@AAV<lambda_628dfdc04ba53c8bfc02c9951375f3f5>@@$$QAV<lambda_57dc472bd5c9d5f3b2cbca59b8a843ae>@@@Z 3008a278     libucrt:close.obj
 0002:00012298       __sehtable$?__acrt_stdio_allocate_stream@@YA?AV__crt_stdio_stream@@XZ 3008a298     libucrt:stream.obj
 0002:000122b8       __sehtable$__IsNonwritableInCurrentImage 3008a2b8     LIBCMT:pesect.obj
 0002:000122e0       .edata                     3008a2e0     cgamex86.exp
 0002:00012308       rgpv                       3008a308     cgamex86.exp
 0002:00012310       rgszName                   3008a310     cgamex86.exp
 0002:00012318       rgwOrd                     3008a318     cgamex86.exp
 0002:0001231c       szName                     3008a31c     cgamex86.exp
 0002:00012329       $N00001                    3008a329     cgamex86.exp
 0002:00012332       $N00002                    3008a332     cgamex86.exp
 0002:00012a80       .idata$6                   3008aa80     kernel32:KERNEL32.dll
 0003:000016d8       ?staticNULL@?1??String_Alloc@@9@9 3008c6d8     ui_shared.obj
 0003:000016e0       _g_bindings                3008c6e0     ui_shared.obj
 0003:00001c80       _commands                  3008cc80     cg_consolecmds.obj
 0003:00001d40       ?colors@?1??CG_DrawStatusBar@@9@9 3008cd40     cg_draw.obj
 0003:00001d80       ?colors@?1??CG_DrawPowerups@@9@9 3008cd80     cg_draw.obj
 0003:00001da0       ?red@?1??CG_TeamColor@@9@9 3008cda0     cg_drawtools.obj
 0003:00001db0       ?blue@?1??CG_TeamColor@@9@9 3008cdb0     cg_drawtools.obj
 0003:00001dc0       ?other@?1??CG_TeamColor@@9@9 3008cdc0     cg_drawtools.obj
 0003:00001dd0       ?spectator@?1??CG_TeamColor@@9@9 3008cdd0     cg_drawtools.obj
 0003:00001de0       _propMap                   3008cde0     cg_drawtools.obj
 0003:000023e0       _propMapB                  3008d3e0     cg_drawtools.obj
 0003:00002518       ?seed@?1??CG_SmokePuff@@9@9 3008d518     cg_effects.obj
 0003:00002524       _cvarTableSize             3008d524     cg_main.obj
 0003:00002528       _cvarTable                 3008d528     cg_main.obj
 0003:00002ab8       ?sb_nums@?1??CG_RegisterGraphics@@9@9 3008dab8     cg_main.obj
 0003:00002af0       _shaderAnimNames           3008daf0     cg_marks.obj
 0003:00002b70       _shaderAnimCounts          3008db70     cg_marks.obj
 0003:00002bf0       _shaderAnimSTRatio         3008dbf0     cg_marks.obj
 0003:00002cf0       ?movementOffsets@?1??CG_PlayerAngles@@9@9 3008dcf0     cg_players.obj
 0003:00002d10       _syscall                   3008dd10     cg_syscalls.obj
 0003:00002d14       ?mins@?1??CG_OffsetThirdPersonView@@9@9 3008dd14     cg_view.obj
 0003:00002d20       ?maxs@?1??CG_OffsetThirdPersonView@@9@9 3008dd20     cg_view.obj
 0003:00002d60       ?prefix@?1??getDimension@UnDecorator@@CA?AVDName@@_N@Z@4UStringLiteral@@A 3008dd60     libvcruntime:undname.obj
 0003:00002d68       ?__vcrt_flsindex@@3KA      3008dd68     libvcruntime:per_thread_data.obj
 0003:00002d98       ?errno_no_memory@@3HA      3008dd98     libucrt:errno.obj
 0003:00002d9c       ?doserrno_no_memory@@3KA   3008dd9c     libucrt:errno.obj
 0003:00002da0       ?__acrt_flsindex@@3KA      3008dda0     libucrt:per_thread_data.obj
 0003:00002da4       __ctype_loc_style          3008dda4     libucrt:wsetlocale.obj
 0003:00003170       __mbctypes                 3008e170     libucrt:mbctype.obj
 0003:00003278       __mbcasemaps               3008e278     libucrt:mbctype.obj
 0003:00003378       ?__rgctypeflag@@3PADA      3008e378     libucrt:mbctype.obj
 0003:00003380       ?__rgcode_page_info@@3PAUcode_page_info@@A 3008e380     libucrt:mbctype.obj
 0003:000034d4       ?__DAZ_ENABLED@?1??__set_fpsr_sse2@@9@9 3008e4d4     libucrt:fpctrl.obj
 0003:000035e0       ?__dcrt_lowio_console_output_handle@@3PAXA 3008e5e0     libucrt:initcon.obj
 0003:00003710       ?bops_initialized@?1??BoxOnPlaneSide@@9@9 3008e710     q_math.obj
 0003:00003714       ?Ljmptab@?1??BoxOnPlaneSide@@9@9 3008e714     q_math.obj
 0003:00003734       ?sr@?1??AngleVectors@@9@9  3008e734     q_math.obj
 0003:00003738       ?sp@?1??AngleVectors@@9@9  3008e738     q_math.obj
 0003:0000373c       ?sy@?1??AngleVectors@@9@9  3008e73c     q_math.obj
 0003:00003740       ?cr@?1??AngleVectors@@9@9  3008e740     q_math.obj
 0003:00003744       ?cp@?1??AngleVectors@@9@9  3008e744     q_math.obj
 0003:00003748       ?cy@?1??AngleVectors@@9@9  3008e748     q_math.obj
 0003:00003750       _com_token                 3008e750     q_shared.obj
 0003:00003b50       _com_parsename             3008eb50     q_shared.obj
 0003:00003f50       _com_lines                 3008ef50     q_shared.obj
 0003:00003f54       ?index@?1??va@@9@9         3008ef54     q_shared.obj
 0003:00003f58       ?string@?1??COM_ParseError@@9@9 3008ef58     q_shared.obj
 0003:00004f58       ?string@?1??COM_ParseWarning@@9@9 3008ff58     q_shared.obj
 0003:00005f58       ?string@?1??va@@9@9        30090f58     q_shared.obj
 0003:00015958       ?value@?1??Info_ValueForKey@@9@9 300a0958     q_shared.obj
 0003:00019958       ?valueindex@?1??Info_ValueForKey@@9@9 300a4958     q_shared.obj
 0003:0001996c       _scrollInfo                300a496c     ui_shared.obj
 0003:0001998c       _captureFunc               300a498c     ui_shared.obj
 0003:00019990       _captureData               300a4990     ui_shared.obj
 0003:00019994       _itemCapture               300a4994     ui_shared.obj
 0003:00019998       _g_waitingForKey           300a4998     ui_shared.obj
 0003:0001999c       _g_editingField            300a499c     ui_shared.obj
 0003:000199a0       _g_bindItem                300a49a0     ui_shared.obj
 0003:000199a4       _g_editItem                300a49a4     ui_shared.obj
 0003:000199a8       _debugMode                 300a49a8     ui_shared.obj
 0003:000199ac       _lastListBoxClickTime      300a49ac     ui_shared.obj
 0003:000199b0       _memoryPool                300a49b0     ui_shared.obj
 0003:001199b0       _allocPoint                301a49b0     ui_shared.obj
 0003:001199b4       _outOfMemory               301a49b4     ui_shared.obj
 0003:001199b8       _strPoolIndex              301a49b8     ui_shared.obj
 0003:001199bc       _strHandleCount            301a49bc     ui_shared.obj
 0003:001199c0       _strPool                   301a49c0     ui_shared.obj
 0003:001799c0       _strHandle                 302049c0     ui_shared.obj
 0003:0017b9c0       ?string@?1??PC_SourceWarning@@9@9 302069c0     ui_shared.obj
 0003:0017c9c0       ?string@?1??PC_SourceError@@9@9 302079c0     ui_shared.obj
 0003:0017d9c0       ?rect@?1??Item_CorrectedTextRect@@9@9 302089c0     ui_shared.obj
 0003:0017d9d0       ?inHandleKey@?9??Menu_HandleKey@@9@9 302089d0     ui_shared.obj
 0003:0017d9d4       ?previousTimes@?1??CG_DrawFPS@@9@9 302089d4     cg_draw.obj
 0003:0017d9e4       ?index@?1??CG_DrawFPS@@9@9 302089e4     cg_draw.obj
 0003:0017d9e8       ?previous@?1??CG_DrawFPS@@9@9 302089e8     cg_draw.obj
 0003:0017d9ec       ?color@?1??CG_FadeColor@@9@9 302089ec     cg_drawtools.obj
 0003:0017d9fc       ?lastPos@?1??CG_ScorePlum@@9@9 302089fc     cg_effects.obj
 0003:0017da08       ?str@?1??CG_PlaceString@@9@9 30208a08     cg_event.obj
 0003:0017da48       _loadingPlayerIconCount    30208a48     cg_info.obj
 0003:0017da4c       _loadingItemIconCount      30208a4c     cg_info.obj
 0003:0017da50       _loadingPlayerIcons        30208a50     cg_info.obj
 0003:0017da90       _loadingItemIcons          30208a90     cg_info.obj
 0003:0017daf8       ?buffer@?1??CG_Argv@@9@9   30208af8     cg_main.obj
 0003:0017defc       _markTotal                 30208efc     cg_marks.obj
 0003:0017df00       _shaderAnims               30208f00     cg_marks.obj
 0003:0017ff00       _numShaderAnims            3020af00     cg_marks.obj
 0003:0017ff04       _roll                      3020af04     cg_marks.obj
 0003:0017ff08       _cg_pmove                  3020af08     cg_predict.obj
 0003:0017fff0       _cg_numSolidEntities       3020aff0     cg_predict.obj
 0003:0017fff4       _cg_numTriggerEntities     3020aff4     cg_predict.obj
 0003:0017fff8       _cg_solidEntities          3020aff8     cg_predict.obj
 0003:001803f8       _cg_triggerEntities        3020b3f8     cg_predict.obj
 0003:001807f8       _localClient               3020b7f8     cg_scoreboard.obj
 0003:00180800       _GS_ExceptionRecord        3020b800     LIBCMT:gs_report.obj
 0003:00180850       _GS_ContextRecord          3020b850     LIBCMT:gs_report.obj
 0003:00180b1c       ?__proc_attached@@3HA      3020bb1c     LIBCMT:dll_dllmain.obj
 0003:00180b40       ?is_initialized_as_dll@@3_NA 3020bb40     LIBCMT:utility.obj
 0003:00180b41       ?module_local_atexit_table_initialized@@3_NA 3020bb41     LIBCMT:utility.obj
 0003:00180b44       ?module_local_atexit_table@@3U_onexit_table_t@@A 3020bb44     LIBCMT:utility.obj
 0003:00180b50       ?module_local_at_quick_exit_table@@3U_onexit_table_t@@A 3020bb50     LIBCMT:utility.obj
 0003:00180b94       ?heap@@3V_HeapManager@@A   3020bb94     libvcruntime:undname.obj
 0003:00180ba8       ?__vcrt_startup_thread_ptd@@3U__vcrt_ptd@@A 3020bba8     libvcruntime:per_thread_data.obj
 0003:00180bd0       ___vcrt_lock_table         3020bbd0     libvcruntime:locks.obj
 0003:00180be8       ___vcrt_locks_initialized  3020bbe8     libvcruntime:locks.obj
 0003:00180bec       ?module_handles@@3PAPAUHINSTANCE__@@A 3020bbec     libvcruntime:winapi_downlevel.obj
 0003:00180bf8       ?function_pointers@@3PAPAXA 3020bbf8     libvcruntime:winapi_downlevel.obj
 0003:00180c10       ?c_termination_complete@@3JA 3020bc10     libucrt:exit.obj
 0003:00180c14       ?thread_local_exit_callback_func@@3P6GXPAXK0@ZA 3020bc14     libucrt:exit.obj
 0003:00180c20       ?program_name@?1???$common_configure_argv@D@@YAHW4_crt_argv_mode@@@Z@4PADA 3020bc20     libucrt:argv_parsing.obj
 0003:00180d28       ?program_name@?1???$common_configure_argv@_W@@YAHW4_crt_argv_mode@@@Z@4PA_WA 3020bd28     libucrt:argv_parsing.obj
 0003:00180f5c       __pmatherr_set             3020bf5c     libucrt:libm_error.obj
 0003:00180f60       ?__acrt_invalid_parameter_handler@@3V?$dual_state_global@P6AXPB_W00II@Z@__crt_state_management@@A 3020bf60     libucrt:invalid_parameter.obj
 0003:00180f6c       ?internal_state@?1??_mbtowc_l@@9@4U_Mbstatet@@A 3020bf6c     libucrt:mbtowc.obj
 0003:00180f80       ?enable_percent_n@@3IA     3020bf80     libucrt:printf_count_output.obj
 0003:00181198       ?__acrt_lock_table@@3PAU_RTL_CRITICAL_SECTION@@A 3020c198     libucrt:locks.obj
 0003:001812e8       ?__acrt_locks_initialized@@3IA 3020c2e8     libucrt:locks.obj
 0003:001812ec       ?state_cache@?1???$get_cached_win_policy@Ubegin_thread_init_policy_properties@?1??__acrt_get_begin_thread_init_policy@@YA?AW4begin_thread_init_policy@@XZ@@@YA?AW4begin_thread_init_policy@@W4AppPolicyThreadInitializationType@@@Z@4JA 3020c2ec     libucrt:win_policies.obj
 0003:001812f0       ?state_cache@?1???$get_cached_win_policy@Udeveloper_information_policy_properties@?1??__acrt_get_developer_information_policy@@YA?AW4developer_information_policy@@XZ@@@YA?AW4developer_information_policy@@W4AppPolicyShowDeveloperDiagnostic@@@Z@4JA 3020c2f0     libucrt:win_policies.obj
 0003:001812f4       ?state_cache@?1???$get_cached_win_policy@Uwindowing_model_policy_properties@?1??__acrt_get_windowing_model_policy@@YA?AW4windowing_model_policy@@XZ@@@YA?AW4windowing_model_policy@@W4AppPolicyWindowingModel@@@Z@4JA 3020c2f4     libucrt:win_policies.obj
 0003:00181304       ?fSystemSet@@3HA           3020c304     libucrt:mbctype.obj
 0003:00181308       ?initialized@?1??__acrt_initialize_multibyte@@9@4_NA 3020c308     libucrt:mbctype.obj
 0003:00181328       ?module_handles@@3PAPAUHINSTANCE__@@A 3020c328     libucrt:winapi_thunks.obj
 0003:00181378       ?encoded_function_pointers@@3PAPAXA 3020c378     libucrt:winapi_thunks.obj
 0003:00181400       ?static_enum_proc@?1??enum_system_locales_ex_nolock@@YAHQ6GHPA_WKJ@Z@Z@4P6GH0KJ@ZA 3020c400     libucrt:winapi_thunks.obj
 0003:00181408       ?__acrt_new_handler@@3V?$dual_state_global@P6AHI@Z@__crt_state_management@@A 3020c408     libucrt:new_handler.obj
 0003:0018140c       ?console_ctrl_handler_installed@@3_NA 3020c40c     libucrt:signal.obj
 0003:00181410       ?ctrlc_action@@3V?$dual_state_global@P6AXH@Z@__crt_state_management@@A 3020c410     libucrt:signal.obj
 0003:00181414       ?ctrlbreak_action@@3V?$dual_state_global@P6AXH@Z@__crt_state_management@@A 3020c414     libucrt:signal.obj
 0003:00181418       ?abort_action@@3V?$dual_state_global@P6AXH@Z@__crt_state_management@@A 3020c418     libucrt:signal.obj
 0003:0018141c       ?term_action@@3V?$dual_state_global@P6AXH@Z@__crt_state_management@@A 3020c41c     libucrt:signal.obj
 0003:00181420       ?user_matherr@@3V?$dual_state_global@P6AHPAU_exception@@@Z@__crt_state_management@@A 3020c420     libucrt:matherr.obj
 0003:00181430       ?__acrt_global_new_mode@@3V?$dual_state_global@J@__crt_state_management@@A 3020c430     libucrt:new_mode.obj
 0003:00181434       ?mbst@?1??mbrlen@@9@4U_Mbstatet@@A 3020c434     libucrt:mbrtowc.obj
 0003:0018143c       ?mbst@?1??mbrtowc@@9@4U_Mbstatet@@A 3020c43c     libucrt:mbrtowc.obj
 0003:00181444       ?mbst@?1??_mbsrtowcs_helper@@YAIPA_WPAPBDIPAU_Mbstatet@@@Z@4U2@A 3020c444     libucrt:mbrtowc.obj
 0003:0018144c       ?internal_pst@?1??__mbrtoc32_utf8@__crt_mbstring@@YAIPA_UPBDIPAU_Mbstatet@@@Z@4U3@A 3020c44c     libucrt:mbrtoc32.obj
 0003:00181454       ?__acrt_app_type@@3W4_crt_app_type@@A 3020c454     libucrt:report_runtime_error.obj
 0003:00181458       ?outmsg@?9??__acrt_report_runtime_error@@9@4PA_WA 3020c458     libucrt:report_runtime_error.obj
 0003:00181a80       ___acrt_error_mode         3020ca80     libucrt:set_error_mode.obj
 0004:00000060       $R000000                   3059d060     * linker generated manifest res *
