 qagamex86

 Timestamp is 60286b07 (Sat Feb 13 19:12:55 2021)

 Preferred load address is 20000000

 Start         Length     Name                   Class
 0001:00000000 00091616H .text$mn                CODE
 0001:00091616 00000047H .text$x                 CODE
 0002:00000000 00000144H .idata$5                DATA
 0002:00000144 00000008H .00cfg                  DATA
 0002:0000014c 00000004H .CRT$XCA                DATA
 0002:00000150 00000004H .CRT$XCZ                DATA
 0002:00000154 00000004H .CRT$XIA                DATA
 0002:00000158 0000000cH .CRT$XIC                DATA
 0002:00000164 00000004H .CRT$XIZ                DATA
 0002:00000168 00000004H .CRT$XPA                DATA
 0002:0000016c 00000008H .CRT$XPX                DATA
 0002:00000174 00000004H .CRT$XPXA               DATA
 0002:00000178 00000004H .CRT$XPZ                DATA
 0002:0000017c 00000004H .CRT$XTA                DATA
 0002:00000180 00000010H .CRT$XTZ                DATA
 0002:00000184 00000000H .gfids$y                DATA
 0002:00000190 0000f190H .rdata                  DATA
 0002:0000f320 000002a0H .rdata$r                DATA
 0002:0000f5c0 0000001cH .rdata$sxdata           DATA
 0002:0000f5dc 00000300H .rdata$zzzdbg           DATA
 0002:0000f8dc 00000004H .rtc$IAA                DATA
 0002:0000f8e0 00000004H .rtc$IZZ                DATA
 0002:0000f8e4 00000004H .rtc$TAA                DATA
 0002:0000f8e8 00000008H .rtc$TZZ                DATA
 0002:0000f8f0 00000970H .xdata$x                DATA
 0002:00010260 0000005cH .edata                  DATA
 0002:000102bc 00000014H .idata$2                DATA
 0002:000102d0 00000014H .idata$3                DATA
 0002:000102e4 00000144H .idata$4                DATA
 0002:00010428 000005e6H .idata$6                DATA
 0003:00000000 00002920H .data                   DATA
 0003:00002920 00000120H .data$r                 DATA
 0003:00002a40 001501b0H .bss                    DATA
 0004:00000000 00000060H .rsrc$01                DATA
 0004:00000060 00000180H .rsrc$02                DATA

  Address         Publics by Value              Rva+Base       Lib:Object

 0000:00000000       ___guard_eh_cont_count     00000000     <absolute>
 0000:00000000       ___guard_iat_table         00000000     <absolute>
 0000:00000000       ___guard_iat_count         00000000     <absolute>
 0000:00000000       ___guard_fids_table        00000000     <absolute>
 0000:00000000       ___dynamic_value_reloc_table 00000000     <absolute>
 0000:00000000       ___x64_code_ranges_to_entry_points 00000000     <absolute>
 0000:00000000       ___guard_eh_cont_table     00000000     <absolute>
 0000:00000000       ___volatile_metadata       00000000     <absolute>
 0000:00000000       ___arm64x_redirection_metadata 00000000     <absolute>
 0000:00000000       ___AbsoluteZero            00000000     <absolute>
 0000:00000000       ___hybrid_code_map_count   00000000     <absolute>
 0000:00000000       ___arm64x_native_entrypoint 00000000     <absolute>
 0000:00000000       ___x64_code_ranges_to_entry_points_count 00000000     <absolute>
 0000:00000000       ___enclave_config          00000000     <absolute>
 0000:00000000       ___hybrid_auxiliary_iat    00000000     <absolute>
 0000:00000000       ___arm64x_redirection_metadata_count 00000000     <absolute>
 0000:00000000       __except_list              00000000     <absolute>
 0000:00000000       ___hybrid_code_map         00000000     <absolute>
 0000:00000000       ___guard_fids_count        00000000     <absolute>
 0000:00000000       ___guard_longjmp_count     00000000     <absolute>
 0000:00000000       ___guard_longjmp_table     00000000     <absolute>
 0000:00000000       ___arm64x_extra_rfe_table_size 00000000     <absolute>
 0000:00000000       ___arm64x_extra_rfe_table  00000000     <absolute>
 0000:00000007       ___safe_se_handler_count   00000007     <absolute>
 0000:00000100       ___guard_flags             00000100     <absolute>
 0000:00000000       ___ImageBase               20000000     <linker-defined>
 0001:00000000       _BotChatTest               20001000 f   ai_chat.obj
 0001:00000970       _BotChatTime               20001970 f   ai_chat.obj
 0001:000009a0       _BotChat_Death             200019a0 f   ai_chat.obj
 0001:00000d60       _BotChat_EndLevel          20001d60 f   ai_chat.obj
 0001:00000f40       _BotChat_EnemySuicide      20001f40 f   ai_chat.obj
 0001:00001090       _BotChat_EnterGame         20002090 f   ai_chat.obj
 0001:000011d0       _BotChat_ExitGame          200021d0 f   ai_chat.obj
 0001:00001300       _BotChat_HitNoDeath        20002300 f   ai_chat.obj
 0001:000014d0       _BotChat_HitNoKill         200024d0 f   ai_chat.obj
 0001:00001680       _BotChat_HitTalking        20002680 f   ai_chat.obj
 0001:00001820       _BotChat_Kill              20002820 f   ai_chat.obj
 0001:00001a80       _BotChat_Random            20002a80 f   ai_chat.obj
 0001:00001d00       _BotChat_StartLevel        20002d00 f   ai_chat.obj
 0001:00001e30       _BotFirstClientInRankings  20002e30 f   ai_chat.obj
 0001:00001f40       _BotIsFirstInRankings      20002f40 f   ai_chat.obj
 0001:00002050       _BotIsLastInRankings       20003050 f   ai_chat.obj
 0001:00002160       _BotLastClientInRankings   20003160 f   ai_chat.obj
 0001:00002270       _BotMapTitle               20003270 f   ai_chat.obj
 0001:000022e0       _BotNumActivePlayers       200032e0 f   ai_chat.obj
 0001:000023b0       _BotRandomOpponentName     200033b0 f   ai_chat.obj
 0001:00002540       _BotRandomWeaponName       20003540 f   ai_chat.obj
 0001:000025f0       _BotValidChatPosition      200035f0 f   ai_chat.obj
 0001:00002790       _BotVisibleEnemies         20003790 f   ai_chat.obj
 0001:00002890       _BotWeaponNameForMeansOfDeath 20003890 f   ai_chat.obj
 0001:00002980       _BotAddressedToBot         20003980 f   ai_cmd.obj
 0001:00002c00       _BotGPSToPosition          20003c00 f   ai_cmd.obj
 0001:00002cb0       _BotGetItemTeamGoal        20003cb0 f   ai_cmd.obj
 0001:00002d00       _BotGetMessageTeamGoal     20003d00 f   ai_cmd.obj
 0001:00002d60       _BotGetPatrolWaypoints     20003d60 f   ai_cmd.obj
 0001:00002f50       _BotGetTime                20003f50 f   ai_cmd.obj
 0001:000030d0       _BotMatchMessage           200040d0 f   ai_cmd.obj
 0001:000033f0       _BotMatch_AttackEnemyBase  200043f0 f   ai_cmd.obj
 0001:00003520       _BotMatch_CTF              20004520 f   ai_cmd.obj
 0001:000036f0       _BotMatch_Camp             200046f0 f   ai_cmd.obj
 0001:00003a20       _BotMatch_CheckPoint       20004a20 f   ai_cmd.obj
 0001:00003c70       _BotMatch_DefendKeyArea    20004c70 f   ai_cmd.obj
 0001:00003dc0       _BotMatch_Dismiss          20004dc0 f   ai_cmd.obj
 0001:00003e70       _BotMatch_EnterGame        20004e70 f   ai_cmd.obj
 0001:00003ec0       _BotMatch_FormationSpace   20004ec0 f   ai_cmd.obj
 0001:00003f80       _BotMatch_GetFlag          20004f80 f   ai_cmd.obj
 0001:000040e0       _BotMatch_GetItem          200050e0 f   ai_cmd.obj
 0001:00004200       _BotMatch_Harvest          20005200 f   ai_cmd.obj
 0001:00004320       _BotMatch_HelpAccompany    20005320 f   ai_cmd.obj
 0001:00004700       _BotMatch_JoinSubteam      20005700 f   ai_cmd.obj
 0001:000047c0       _BotMatch_Kill             200057c0 f   ai_cmd.obj
 0001:000048f0       _BotMatch_LeadTheWay       200058f0 f   ai_cmd.obj
 0001:00004b40       _BotMatch_LeaveSubteam     20005b40 f   ai_cmd.obj
 0001:00004be0       _BotMatch_NewLeader        20005be0 f   ai_cmd.obj
 0001:00004c40       _BotMatch_Patrol           20005c40 f   ai_cmd.obj
 0001:00004d70       _BotMatch_ReturnFlag       20005d70 f   ai_cmd.obj
 0001:00004e70       _BotMatch_RushBase         20005e70 f   ai_cmd.obj
 0001:00004fb0       _BotMatch_StartTeamLeaderShip 20005fb0 f   ai_cmd.obj
 0001:00005060       _BotMatch_StopTeamLeaderShip 20006060 f   ai_cmd.obj
 0001:00005130       _BotMatch_Suicide          20006130 f   ai_cmd.obj
 0001:000051c0       _BotMatch_TaskPreference   200061c0 f   ai_cmd.obj
 0001:000052e0       _BotMatch_WhatAreYouDoing  200062e0 f   ai_cmd.obj
 0001:000054f0       _BotMatch_WhatIsMyCommand  200064f0 f   ai_cmd.obj
 0001:00005550       _BotMatch_WhereAreYou      20006550 f   ai_cmd.obj
 0001:00005870       _BotMatch_WhichTeam        20006870 f   ai_cmd.obj
 0001:000058f0       _BotMatch_WhoIsTeamLeader  200068f0 f   ai_cmd.obj
 0001:00005960       _BotNearestVisibleItem     20006960 f   ai_cmd.obj
 0001:00005ae0       _FindClientByName          20006ae0 f   ai_cmd.obj
 0001:00005bc0       _FindEnemyByName           20006bc0 f   ai_cmd.obj
 0001:00005cc0       _NumPlayersOnSameTeam      20006cc0 f   ai_cmd.obj
 0001:00005d70       ___local_stdio_scanf_options 20006d70 f i ai_cmd.obj
 0001:00005d80       _sscanf                    20006d80 f i ai_cmd.obj
 0001:00005db0       _AIEnter_Battle_Chase      20006db0 f   ai_dmnet.obj
 0001:00005df0       _AIEnter_Battle_Fight      20006df0 f   ai_dmnet.obj
 0001:00005e30       _AIEnter_Battle_NBG        20006e30 f   ai_dmnet.obj
 0001:00005e60       _AIEnter_Battle_Retreat    20006e60 f   ai_dmnet.obj
 0001:00005e90       _AIEnter_Battle_SuicidalFight 20006e90 f   ai_dmnet.obj
 0001:00005ed0       _AIEnter_Intermission      20006ed0 f   ai_dmnet.obj
 0001:00005f20       _AIEnter_Observer          20006f20 f   ai_dmnet.obj
 0001:00005f50       _AIEnter_Respawn           20006f50 f   ai_dmnet.obj
 0001:00006020       _AIEnter_Seek_ActivateEntity 20007020 f   ai_dmnet.obj
 0001:00006050       _AIEnter_Seek_LTG          20007050 f   ai_dmnet.obj
 0001:000060e0       _AIEnter_Seek_NBG          200070e0 f   ai_dmnet.obj
 0001:00006170       _AIEnter_Stand             20007170 f   ai_dmnet.obj
 0001:000061c0       _AINode_Battle_Chase       200071c0 f   ai_dmnet.obj
 0001:00006680       _AINode_Battle_Fight       20007680 f   ai_dmnet.obj
 0001:00006b80       _AINode_Battle_NBG         20007b80 f   ai_dmnet.obj
 0001:00007020       _AINode_Battle_Retreat     20008020 f   ai_dmnet.obj
 0001:00007620       _AINode_Intermission       20008620 f   ai_dmnet.obj
 0001:00007690       _AINode_Observer           20008690 f   ai_dmnet.obj
 0001:000076c0       _AINode_Respawn            200086c0 f   ai_dmnet.obj
 0001:000077a0       _AINode_Seek_ActivateEntity 200087a0 f   ai_dmnet.obj
 0001:00007df0       _AINode_Seek_LTG           20008df0 f   ai_dmnet.obj
 0001:00008430       _AINode_Seek_NBG           20009430 f   ai_dmnet.obj
 0001:00008850       _AINode_Stand              20009850 f   ai_dmnet.obj
 0001:00008970       _BotClearPath              20009970 f   ai_dmnet.obj
 0001:00008dc0       _BotDumpNodeSwitches       20009dc0 f   ai_dmnet.obj
 0001:00008e60       _BotGetAirGoal             20009e60 f   ai_dmnet.obj
 0001:00008ff0       _BotGetItemLongTermGoal    20009ff0 f   ai_dmnet.obj
 0001:000090e0       _BotGetLongTermGoal        2000a0e0 f   ai_dmnet.obj
 0001:0000b340       _BotGoForAir               2000c340 f   ai_dmnet.obj
 0001:0000b460       _BotLongTermGoal           2000c460 f   ai_dmnet.obj
 0001:0000b920       _BotNearbyGoal             2000c920 f   ai_dmnet.obj
 0001:0000b9c0       _BotReachedGoal            2000c9c0 f   ai_dmnet.obj
 0001:0000bb00       _BotRecordNodeSwitch       2000cb00 f   ai_dmnet.obj
 0001:0000bb90       _BotResetNodeSwitches      2000cb90 f   ai_dmnet.obj
 0001:0000bba0       _BotSelectActivateWeapon   2000cba0 f   ai_dmnet.obj
 0001:0000bc90       _Bot1FCTFCarryingFlag      2000cc90 f   ai_dmq3.obj
 0001:0000bcc0       _Bot1FCTFRetreatGoals      2000ccc0 f   ai_dmq3.obj
 0001:0000bd40       _Bot1FCTFSeekGoals         2000cd40 f   ai_dmq3.obj
 0001:0000c400       _BotAIBlocked              2000d400 f   ai_dmq3.obj
 0001:0000c6f0       _BotAIPredictObstacles     2000d6f0 f   ai_dmq3.obj
 0001:0000c850       _BotAggression             2000d850 f   ai_dmq3.obj
 0001:0000c960       _BotAimAtEnemy             2000d960 f   ai_dmq3.obj
 0001:0000dd80       _BotAlternateRoute         2000ed80 f   ai_dmq3.obj
 0001:0000de20       _BotAttackMove             2000ee20 f   ai_dmq3.obj
 0001:0000e440       _BotBattleUseItems         2000f440 f   ai_dmq3.obj
 0001:0000e4c0       _BotCTFCarryingFlag        2000f4c0 f   ai_dmq3.obj
 0001:0000e500       _BotCTFRetreatGoals        2000f500 f   ai_dmq3.obj
 0001:0000e570       _BotCTFSeekGoals           2000f570 f   ai_dmq3.obj
 0001:0000edd0       _BotCanAndWantsToRocketJump 2000fdd0 f   ai_dmq3.obj
 0001:0000ee60       _BotCheckAir               2000fe60 f   ai_dmq3.obj
 0001:0000eea0       _BotCheckAttack            2000fea0 f   ai_dmq3.obj
 0001:0000f3b0       _BotCheckConsoleMessages   200103b0 f   ai_dmq3.obj
 0001:0000f740       _BotCheckEvents            20010740 f   ai_dmq3.obj
 0001:0000fc20       _BotCheckForGrenades       20010c20 f   ai_dmq3.obj
 0001:0000fc60       _BotCheckForKamikazeBody   20010c60 f   ai_dmq3.obj
 0001:0000fc90       _BotCheckForProxMines      20010c90 f   ai_dmq3.obj
 0001:0000fd40       _BotCheckItemPickup        20010d40 f   ai_dmq3.obj
 0001:0000ff50       _BotCheckSnapshot          20010f50 f   ai_dmq3.obj
 0001:00010040       _BotChooseWeapon           20011040 f   ai_dmq3.obj
 0001:000100b0       _BotClearActivateGoalStack 200110b0 f   ai_dmq3.obj
 0001:000100e0       _BotCreateWayPoint         200110e0 f   ai_dmq3.obj
 0001:00010180       _BotDeathmatchAI           20011180 f   ai_dmq3.obj
 0001:00010450       _BotDontAvoid              20011450 f   ai_dmq3.obj
 0001:000104c0       _BotEnableActivateGoalAreas 200114c0 f   ai_dmq3.obj
 0001:00010520       _BotEnemyCubeCarrierVisible 20011520 f   ai_dmq3.obj
 0001:00010600       _BotEnemyFlag              20011600 f   ai_dmq3.obj
 0001:00010630       _BotEnemyFlagCarrierVisible 20011630 f   ai_dmq3.obj
 0001:00010710       _BotEntityVisible          20011710 f   ai_dmq3.obj
 0001:00010b60       _BotFeelingBad             20011b60 f   ai_dmq3.obj
 0001:00010bb0       _BotFindEnemy              20011bb0 f   ai_dmq3.obj
 0001:00011190       _BotFindWayPoint           20012190 f   ai_dmq3.obj
 0001:000111d0       _BotFreeWaypoints          200121d0 f   ai_dmq3.obj
 0001:00011200       _BotFuncButtonActivateGoal 20012200 f   ai_dmq3.obj
 0001:00011c30       _BotFuncDoorActivateGoal   20012c30 f   ai_dmq3.obj
 0001:00011db0       _BotGetActivateGoal        20012db0 f   ai_dmq3.obj
 0001:000125a0       _BotGetAlternateRouteGoal  200135a0 f   ai_dmq3.obj
 0001:000126b0       _BotGoCamp                 200136b0 f   ai_dmq3.obj
 0001:000127d0       _BotGoForActivateGoal      200137d0 f   ai_dmq3.obj
 0001:000128a0       _BotGoForPowerups          200138a0 f   ai_dmq3.obj
 0001:000128f0       _BotGoHarvest              200138f0 f   ai_dmq3.obj
 0001:000129b0       _BotGoalForBSPEntity       200139b0 f   ai_dmq3.obj
 0001:00012b30       _BotHarvesterCarryingCubes 20013b30 f   ai_dmq3.obj
 0001:00012b60       _BotHarvesterRetreatGoals  20013b60 f   ai_dmq3.obj
 0001:00012bd0       _BotHarvesterSeekGoals     20013bd0 f   ai_dmq3.obj
 0001:00013070       _BotHasPersistantPowerupAndWeapon 20014070 f   ai_dmq3.obj
 0001:00013160       _BotInLavaOrSlime          20014160 f   ai_dmq3.obj
 0001:000131c0       _BotInitWaypoints          200141c0 f   ai_dmq3.obj
 0001:000131e0       _BotIntermission           200141e0 f   ai_dmq3.obj
 0001:00013210       _BotIsDead                 20014210 f   ai_dmq3.obj
 0001:00013230       _BotIsGoingToActivateEntity 20014230 f   ai_dmq3.obj
 0001:000132b0       _BotIsObserver             200142b0 f   ai_dmq3.obj
 0001:00013330       _BotMapScripts             20014330 f   ai_dmq3.obj
 0001:000136a0       _BotModelMinsMaxs          200146a0 f   ai_dmq3.obj
 0001:000137c0       _BotObeliskRetreatGoals    200147c0 f   ai_dmq3.obj
 0001:000137d0       _BotObeliskSeekGoals       200147d0 f   ai_dmq3.obj
 0001:00013b80       _BotOppositeTeam           20014b80 f   ai_dmq3.obj
 0001:00013bb0       _BotPointAreaNum           20014bb0 f   ai_dmq3.obj
 0001:00013c30       _BotPopFromActivateGoalStack 20014c30 f   ai_dmq3.obj
 0001:00013c90       _BotPrintActivateGoalInfo  20014c90 f   ai_dmq3.obj
 0001:00013d60       _BotPushOntoActivateGoalStack 20014d60 f   ai_dmq3.obj
 0001:00013eb0       _BotRandomMove             20014eb0 f   ai_dmq3.obj
 0001:00013f60       _BotRefuseOrder            20014f60 f   ai_dmq3.obj
 0001:00013fd0       _BotRememberLastOrderedTask 20014fd0 f   ai_dmq3.obj
 0001:00014040       _BotRoamGoal               20015040 f   ai_dmq3.obj
 0001:000143a0       _BotSameTeam               200153a0 f   ai_dmq3.obj
 0001:00014470       _BotSetEntityNumForGoal    20015470 f   ai_dmq3.obj
 0001:00014510       _BotSetEntityNumForGoalWithModel 20015510 f   ai_dmq3.obj
 0001:000145b0       _BotSetLastOrderedTask     200155b0 f   ai_dmq3.obj
 0001:00014710       _BotSetMovedir             20015710 f   ai_dmq3.obj
 0001:000147f0       _BotSetTeamStatus          200157f0 f   ai_dmq3.obj
 0001:00014900       _BotSetTeleportTime        20015900 f   ai_dmq3.obj
 0001:00014930       _BotSetUserInfo            20015930 f   ai_dmq3.obj
 0001:000149a0       _BotSetupAlternativeRouteGoals 200159a0 f   ai_dmq3.obj
 0001:00014b00       _BotSetupDeathmatchAI      20015b00 f   ai_dmq3.obj
 0001:00014e70       _BotSetupForMovement       20015e70 f   ai_dmq3.obj
 0001:00014f90       _BotShutdownDeathmatchAI   20015f90 f   ai_dmq3.obj
 0001:00014fa0       _BotSynonymContext         20015fa0 f   ai_dmq3.obj
 0001:00015020       _BotTeam                   20016020 f   ai_dmq3.obj
 0001:000150c0       _BotTeamCubeCarrierVisible 200160c0 f   ai_dmq3.obj
 0001:000151a0       _BotTeamFlag               200161a0 f   ai_dmq3.obj
 0001:000151d0       _BotTeamFlagCarrier        200161d0 f   ai_dmq3.obj
 0001:00015270       _BotTeamFlagCarrierVisible 20016270 f   ai_dmq3.obj
 0001:00015350       _BotTeamGoals              20016350 f   ai_dmq3.obj
 0001:00015430       _BotTriggerMultipleActivateGoal 20016430 f   ai_dmq3.obj
 0001:00015690       _BotUpdateBattleInventory  20016690 f   ai_dmq3.obj
 0001:00015740       _BotUpdateInventory        20016740 f   ai_dmq3.obj
 0001:00015a20       _BotUseInvulnerability     20016a20 f   ai_dmq3.obj
 0001:00015d50       _BotUseKamikaze            20016d50 f   ai_dmq3.obj
 0001:000160e0       _BotVisibleTeamMatesAndEnemies 200170e0 f   ai_dmq3.obj
 0001:00016230       _BotWantsToCamp            20017230 f   ai_dmq3.obj
 0001:00016440       _BotWantsToChase           20017440 f   ai_dmq3.obj
 0001:00016540       _BotWantsToHelp            20017540 f   ai_dmq3.obj
 0001:00016550       _BotWantsToRetreat         20017550 f   ai_dmq3.obj
 0001:00016690       _ClientFromName            20017690 f   ai_dmq3.obj
 0001:00016750       _ClientName                20017750 f   ai_dmq3.obj
 0001:00016800       _ClientOnSameTeamFromName  20017800 f   ai_dmq3.obj
 0001:000168d0       _ClientSkin                200178d0 f   ai_dmq3.obj
 0001:00016970       _EasyClientName            20017970 f   ai_dmq3.obj
 0001:00016b90       _EntityCarriesCubes        20017b90 f   ai_dmq3.obj
 0001:00016bf0       _EntityCarriesFlag         20017bf0 f   ai_dmq3.obj
 0001:00016c10       _EntityHasKamikaze         20017c10 f   ai_dmq3.obj
 0001:00016c30       _EntityHasQuad             20017c30 f   ai_dmq3.obj
 0001:00016c50       _EntityIsChatting          20017c50 f   ai_dmq3.obj
 0001:00016c70       _EntityIsDead              20017c70 f   ai_dmq3.obj
 0001:00016cd0       _EntityIsInvisible         20017cd0 f   ai_dmq3.obj
 0001:00016d00       _EntityIsShooting          20017d00 f   ai_dmq3.obj
 0001:00016d20       _InFieldOfVision           20017d20 f   ai_dmq3.obj
 0001:00016e10       _TeamPlayIsOn              20017e10 f   ai_dmq3.obj
 0001:00016e20       _stristr                   20017e20 f   ai_dmq3.obj
 0001:00016eb0       _AngleDifference           20017eb0 f   ai_main.obj
 0001:00016f20       _BotAI                     20017f20 f   ai_main.obj
 0001:00017320       _BotAILoadMap              20018320 f   ai_main.obj
 0001:000173b0       _BotAIRegularUpdate        200183b0 f   ai_main.obj
 0001:000173f0       _BotAISetup                200183f0 f   ai_main.obj
 0001:00017550       _BotAISetupClient          20018550 f   ai_main.obj
 0001:000178d0       _BotAIShutdown             200188d0 f   ai_main.obj
 0001:00017920       _BotAIShutdownClient       20018920 f   ai_main.obj
 0001:000179f0       _BotAIStartFrame           200189f0 f   ai_main.obj
 0001:00017eb0       _BotAI_BotInitialChat      20018eb0 f   ai_main.obj
 0001:00017f30       _BotAI_GetClientState      20018f30 f   ai_main.obj
 0001:00017f70       _BotAI_GetEntityState      20018f70 f   ai_main.obj
 0001:00017fd0       _BotAI_GetSnapshotEntity   20018fd0 f   ai_main.obj
 0001:00018020       _BotAI_Print               20019020 f   ai_main.obj
 0001:00018150       _BotAI_Trace               20019150 f   ai_main.obj
 0001:000181f0       _BotChangeViewAngle        200191f0 f   ai_main.obj
 0001:000182c0       _BotChangeViewAngles       200192c0 f   ai_main.obj
 0001:00018520       _BotEntityInfo             20019520 f   ai_main.obj
 0001:00018530       _BotInitLibrary            20019530 f   ai_main.obj
 0001:000189f0       _BotInputToUserCommand     200199f0 f   ai_main.obj
 0001:00018cd0       _BotInterbreedBots         20019cd0 f   ai_main.obj
 0001:00018e00       _BotInterbreedEndMatch     20019e00 f   ai_main.obj
 0001:00018e70       _BotInterbreeding          20019e70 f   ai_main.obj
 0001:00018f70       _BotReadSessionData        20019f70 f   ai_main.obj
 0001:00019040       _BotReportStatus           2001a040 f   ai_main.obj
 0001:000193e0       _BotResetState             2001a3e0 f   ai_main.obj
 0001:000195a0       _BotScheduleBotThink       2001a5a0 f   ai_main.obj
 0001:000195e0       _BotSetInfoConfigString    2001a5e0 f   ai_main.obj
 0001:000198b0       _BotTeamLeader             2001a8b0 f   ai_main.obj
 0001:000198f0       _BotTeamplayReport         2001a8f0 f   ai_main.obj
 0001:00019ab0       _BotTestAAS                2001aab0 f   ai_main.obj
 0001:00019b90       _BotUpdateInfoConfigStrings 2001ab90 f   ai_main.obj
 0001:00019c50       _BotUpdateInput            2001ac50 f   ai_main.obj
 0001:00019d90       _BotWriteInterbreeded      2001ad90 f   ai_main.obj
 0001:00019e10       _BotWriteSessionData       2001ae10 f   ai_main.obj
 0001:00019f10       _NumBots                   2001af10 f   ai_main.obj
 0001:00019f20       _RemoveColorEscapeSequences 2001af20 f   ai_main.obj
 0001:00019f70       ___local_stdio_printf_options 2001af70 f i ai_main.obj
 0001:00019f80       _Bot1FCTFOrders            2001af80 f   ai_team.obj
 0001:00019fd0       _Bot1FCTFOrders_EnemyDroppedFlag 2001afd0 f   ai_team.obj
 0001:0001a440       _Bot1FCTFOrders_EnemyHasFlag 2001b440 f   ai_team.obj
 0001:0001a900       _Bot1FCTFOrders_FlagAtCenter 2001b900 f   ai_team.obj
 0001:0001ad70       _Bot1FCTFOrders_TeamHasFlag 2001bd70 f   ai_team.obj
 0001:0001b3d0       _BotCTFOrders              2001c3d0 f   ai_team.obj
 0001:0001b450       _BotCTFOrders_BothFlagsAtBase 2001c450 f   ai_team.obj
 0001:0001b8b0       _BotCTFOrders_BothFlagsNotAtBase 2001c8b0 f   ai_team.obj
 0001:0001bc60       _BotCTFOrders_EnemyFlagNotAtBase 2001cc60 f   ai_team.obj
 0001:0001bfd0       _BotCTFOrders_FlagNotAtBase 2001cfd0 f   ai_team.obj
 0001:0001c430       _BotClientTravelTimeToGoal 2001d430 f   ai_team.obj
 0001:0001c4b0       _BotCreateGroup            2001d4b0 f   ai_team.obj
 0001:0001c550       _BotGetTeamMateTaskPreference 2001d550 f   ai_team.obj
 0001:0001c5c0       _BotHarvesterOrders        2001d5c0 f   ai_team.obj
 0001:0001ca30       _BotNumTeamMates           2001da30 f   ai_team.obj
 0001:0001cb20       _BotObeliskOrders          2001db20 f   ai_team.obj
 0001:0001cf90       _BotSayTeamOrder           2001df90 f   ai_team.obj
 0001:0001cfd0       _BotSayTeamOrderAlways     2001dfd0 f   ai_team.obj
 0001:0001d080       _BotSayVoiceTeamOrder      2001e080 f   ai_team.obj
 0001:0001d090       _BotSetTeamMateTaskPreference 2001e090 f   ai_team.obj
 0001:0001d0f0       _BotSortTeamMatesByBaseTravelTime 2001e0f0 f   ai_team.obj
 0001:0001d310       _BotSortTeamMatesByTaskPreference 2001e310 f   ai_team.obj
 0001:0001d420       _BotTeamAI                 2001e420 f   ai_team.obj
 0001:0001da20       _BotTeamOrders             2001ea20 f   ai_team.obj
 0001:0001dbf0       _BotValidTeamLeader        2001ebf0 f   ai_team.obj
 0001:0001dc30       _BotVoiceChat              2001ec30 f   ai_team.obj
 0001:0001dc80       _BotVoiceChatOnly          2001ec80 f   ai_team.obj
 0001:0001dcd0       _FindHumanTeamLeader       2001ecd0 f   ai_team.obj
 0001:0001dd50       _BotVoiceChat_Defend       2001ed50 f   ai_vcmd.obj
 0001:0001df20       _BotVoiceChat_GetFlag      2001ef20 f   ai_vcmd.obj
 0001:0001e020       _BotVoiceChat_Offense      2001f020 f   ai_vcmd.obj
 0001:0001e150       _BotVoiceChat_DefendFlag   2001f150 f   ai_vcmd.obj
 0001:0001e160       _BotVoiceChat_Patrol       2001f160 f   ai_vcmd.obj
 0001:0001e1d0       _BotVoiceChat_Camp         2001f1d0 f   ai_vcmd.obj
 0001:0001e390       _BotVoiceChat_FollowMe     2001f390 f   ai_vcmd.obj
 0001:0001e560       _BotVoiceChat_FollowFlagCarrier 2001f560 f   ai_vcmd.obj
 0001:0001e590       _BotVoiceChat_ReturnFlag   2001f590 f   ai_vcmd.obj
 0001:0001e640       _BotVoiceChat_StartLeader  2001f640 f   ai_vcmd.obj
 0001:0001e660       _BotVoiceChat_StopLeader   2001f660 f   ai_vcmd.obj
 0001:0001e6c0       _BotVoiceChat_WhoIsLeader  2001f6c0 f   ai_vcmd.obj
 0001:0001e750       _BotVoiceChat_WantOnDefense 2001f750 f   ai_vcmd.obj
 0001:0001e7e0       _BotVoiceChat_WantOnOffense 2001f7e0 f   ai_vcmd.obj
 0001:0001e870       _BotVoiceChat_Dummy        2001f870 f   ai_vcmd.obj
 0001:0001e880       _BotVoiceChatCommand       2001f880 f   ai_vcmd.obj
 0001:0001e9f0       _BG_AddPredictableEventToPlayerstate 2001f9f0 f   bg_misc.obj
 0001:0001ea20       _BG_CanItemBeGrabbed       2001fa20 f   bg_misc.obj
 0001:0001ec70       _BG_EvaluateTrajectory     2001fc70 f   bg_misc.obj
 0001:0001ee00       _BG_EvaluateTrajectoryDelta 2001fe00 f   bg_misc.obj
 0001:0001ef70       _BG_FindItem               2001ff70 f   bg_misc.obj
 0001:0001efb0       _BG_FindItemForHoldable    2001ffb0 f   bg_misc.obj
 0001:0001f000       _BG_FindItemForPowerup     20020000 f   bg_misc.obj
 0001:0001f050       _BG_FindItemForWeapon      20020050 f   bg_misc.obj
 0001:0001f090       _BG_PlayerStateToEntityState 20020090 f   bg_misc.obj
 0001:0001f300       _BG_PlayerStateToEntityStateExtraPolate 20020300 f   bg_misc.obj
 0001:0001f580       _BG_PlayerTouchesItem      20020580 f   bg_misc.obj
 0001:0001f610       _BG_TouchJumpPad           20020610 f   bg_misc.obj
 0001:0001f770       _PM_AddEvent               20020770 f   bg_pmove.obj
 0001:0001f790       _PM_AddTouchEnt            20020790 f   bg_pmove.obj
 0001:0001fed0       _PM_ClipVelocity           20020ed0 f   bg_pmove.obj
 0001:000215d0       _PM_UpdateViewAngles       200225d0 f   bg_pmove.obj
 0001:00022060       _Pmove                     20023060 f   bg_pmove.obj
 0001:000220f0       _PmoveSingle               200230f0 f   bg_pmove.obj
 0001:00022470       _PM_SlideMove              20023470 f   bg_slidemove.obj
 0001:00022c70       _PM_StepSlideMove          20023c70 f   bg_slidemove.obj
 0001:00022fa0       _ClientEndFrame            20023fa0 f   g_active.obj
 0001:00023180       _ClientEvents              20024180 f   g_active.obj
 0001:000234a0       _ClientImpacts             200244a0 f   g_active.obj
 0001:00023570       _ClientInactivityTimer     20024570 f   g_active.obj
 0001:00023680       _ClientIntermissionThink   20024680 f   g_active.obj
 0001:000236c0       _ClientThink               200246c0 f   g_active.obj
 0001:00023720       _ClientThink_real          20024720 f   g_active.obj
 0001:00023da0       _ClientTimerActions        20024da0 f   g_active.obj
 0001:00024080       _G_RunClient               20025080 f   g_active.obj
 0001:000240c0       _G_SetClientSound          200250c0 f   g_active.obj
 0001:00024130       _G_TouchTriggers           20025130 f   g_active.obj
 0001:00024390       _P_DamageFeedback          20025390 f   g_active.obj
 0001:000244e0       _P_WorldEffects            200254e0 f   g_active.obj
 0001:00024690       _SendPendingPredictableEvents 20025690 f   g_active.obj
 0001:00024730       _SpectatorClientEndFrame   20025730 f   g_active.obj
 0001:00024820       _SpectatorThink            20025820 f   g_active.obj
 0001:000251c0       _SpawnModelsOnVictoryPads  200261c0 f   g_arenas.obj
 0001:00025490       _Svcmd_AbortPodium_f       20026490 f   g_arenas.obj
 0001:000254c0       _UpdateTournamentInfo      200264c0 f   g_arenas.obj
 0001:00025b80       _G_AddRandomBot            20026b80 f   g_bot.obj
 0001:00025e00       _G_BotConnect              20026e00 f   g_bot.obj
 0001:00025ef0       _G_CheckBotSpawn           20026ef0 f   g_bot.obj
 0001:00025f80       _G_CheckMinimumPlayers     20026f80 f   g_bot.obj
 0001:000260f0       _G_CountBotPlayers         200270f0 f   g_bot.obj
 0001:00026190       _G_CountHumanPlayers       20027190 f   g_bot.obj
 0001:000261f0       _G_GetArenaInfoByMap       200271f0 f   g_bot.obj
 0001:00026240       _G_GetBotInfoByName        20027240 f   g_bot.obj
 0001:00026290       _G_GetBotInfoByNumber      20027290 f   g_bot.obj
 0001:000262d0       _G_InitBots                200272d0 f   g_bot.obj
 0001:00026910       _G_ParseInfos              20027910 f   g_bot.obj
 0001:00026b30       _G_RemoveQueuedBotBegin    20027b30 f   g_bot.obj
 0001:00026b60       _G_RemoveRandomBot         20027b60 f   g_bot.obj
 0001:00026e00       _Svcmd_AddBot_f            20027e00 f   g_bot.obj
 0001:00026f80       _Svcmd_BotList_f           20027f80 f   g_bot.obj
 0001:00027140       _trap_Cvar_VariableValue   20028140 f   g_bot.obj
 0001:000271a0       _BodySink                  200281a0 f   g_client.obj
 0001:000271f0       _ClientBegin               200281f0 f   g_client.obj
 0001:000273c0       _ClientConnect             200283c0 f   g_client.obj
 0001:000275f0       _ClientDisconnect          200285f0 f   g_client.obj
 0001:000277c0       _ClientSpawn               200287c0 f   g_client.obj
 0001:00027e50       _ClientUserinfoChanged     20028e50 f   g_client.obj
 0001:00028350       _CopyToBodyQue             20029350 f   g_client.obj
 0001:00028640       _InitBodyQue               20029640 f   g_client.obj
 0001:00028680       _PickTeam                  20029680 f   g_client.obj
 0001:000286c0       _SP_info_player_deathmatch 200296c0 f   g_client.obj
 0001:00028720       _SP_info_player_intermission 20029720 f   g_client.obj
 0001:00028730       _SP_info_player_start      20029730 f   g_client.obj
 0001:00028750       _SelectInitialSpawnPoint   20029750 f   g_client.obj
 0001:000287f0       _SelectNearestDeathmatchSpawnPoint 200297f0 f   g_client.obj
 0001:000288d0       _SelectRandomDeathmatchSpawnPoint 200298d0 f   g_client.obj
 0001:00028980       _SelectRandomFurthestSpawnPoint 20029980 f   g_client.obj
 0001:00028c60       _SelectSpawnPoint          20029c60 f   g_client.obj
 0001:00028c70       _SelectSpectatorSpawnPoint 20029c70 f   g_client.obj
 0001:00028cd0       _SetClientViewAngle        20029cd0 f   g_client.obj
 0001:00028d90       _SpotWouldTelefrag         20029d90 f   g_client.obj
 0001:00028e70       _TeamCount                 20029e70 f   g_client.obj
 0001:00028ec0       _TeamLeader                20029ec0 f   g_client.obj
 0001:00028f10       _respawn                   20029f10 f   g_client.obj
 0001:00028f50       _BroadcastTeamChange       20029f50 f   g_cmds.obj
 0001:00028fc0       _CheatsOk                  20029fc0 f   g_cmds.obj
 0001:00029050       _ClientCommand             2002a050 f   g_cmds.obj
 0001:000296b0       _ClientNumberFromString    2002a6b0 f   g_cmds.obj
 0001:00029840       _Cmd_CallTeamVote_f        2002a840 f   g_cmds.obj
 0001:00029e60       _Cmd_CallVote_f            2002ae60 f   g_cmds.obj
 0001:0002a470       _Cmd_FollowCycle_f         2002b470 f   g_cmds.obj
 0001:0002a550       _Cmd_Follow_f              2002b550 f   g_cmds.obj
 0001:0002a650       _Cmd_GameCommand_f         2002b650 f   g_cmds.obj
 0001:0002a700       _Cmd_Give_f                2002b700 f   g_cmds.obj
 0001:0002a9d0       _Cmd_God_f                 2002b9d0 f   g_cmds.obj
 0001:0002aa30       _Cmd_Kill_f                2002ba30 f   g_cmds.obj
 0001:0002aa80       _Cmd_LevelShot_f           2002ba80 f   g_cmds.obj
 0001:0002aae0       _Cmd_Noclip_f              2002bae0 f   g_cmds.obj
 0001:0002ab50       _Cmd_Notarget_f            2002bb50 f   g_cmds.obj
 0001:0002abf0       _Cmd_Score_f               2002bbf0 f   g_cmds.obj
 0001:0002ac00       _Cmd_SetViewpos_f          2002bc00 f   g_cmds.obj
 0001:0002ad10       _Cmd_Stats_f               2002bd10 f   g_cmds.obj
 0001:0002ad20       _Cmd_TeamTask_f            2002bd20 f   g_cmds.obj
 0001:0002ade0       _Cmd_TeamVote_f            2002bde0 f   g_cmds.obj
 0001:0002af60       _Cmd_Team_f                2002bf60 f   g_cmds.obj
 0001:0002b520       _Cmd_Vote_f                2002c520 f   g_cmds.obj
 0001:0002b650       _Cmd_Where_f               2002c650 f   g_cmds.obj
 0001:0002b6a0       _ConcatArgs                2002c6a0 f   g_cmds.obj
 0001:0002b770       _DeathmatchScoreboardMessage 2002c770 f   g_cmds.obj
 0001:0002b950       _G_Say                     2002c950 f   g_cmds.obj
 0001:0002bca0       _G_Voice                   2002cca0 f   g_cmds.obj
 0001:0002be00       _SanitizeString            2002ce00 f   g_cmds.obj
 0001:0002be50       _SetTeam                   2002ce50 f   g_cmds.obj
 0001:0002c1d0       _StopFollowing             2002d1d0 f   g_cmds.obj
 0001:0002c240       _AddScore                  2002d240 f   g_combat.obj
 0001:0002c2a0       _CanDamage                 2002d2a0 f   g_combat.obj
 0001:0002c540       _CheckAlmostCapture        2002d540 f   g_combat.obj
 0001:0002c650       _CheckAlmostScored         2002d650 f   g_combat.obj
 0001:0002c720       _CheckArmor                2002d720 f   g_combat.obj
 0001:0002c7a0       _G_Damage                  2002d7a0 f   g_combat.obj
 0001:0002ccf0       _G_InvulnerabilityEffect   2002dcf0 f   g_combat.obj
 0001:0002ce70       _G_RadiusDamage            2002de70 f   g_combat.obj
 0001:0002d140       _GibEntity                 2002e140 f   g_combat.obj
 0001:0002d1f0       _Kamikaze_DeathActivate    2002e1f0 f   g_combat.obj
 0001:0002d210       _Kamikaze_DeathTimer       2002e210 f   g_combat.obj
 0001:0002d270       _LookAtKiller              2002e270 f   g_combat.obj
 0001:0002d320       _RaySphereIntersections    2002e320 f   g_combat.obj
 0001:0002d510       _ScorePlum                 2002e510 f   g_combat.obj
 0001:0002d550       _TossClientCubes           2002e550 f   g_combat.obj
 0001:0002d710       _TossClientItems           2002e710 f   g_combat.obj
 0001:0002d850       _TossClientPersistantPowerups 2002e850 f   g_combat.obj
 0001:0002d8b0       _body_die                  2002e8b0 f   g_combat.obj
 0001:0002d8f0       _player_die                2002e8f0 f   g_combat.obj
 0001:0002de60       _Add_Ammo                  2002ee60 f   g_items.obj
 0001:0002dea0       _ClearRegisteredItems      2002eea0 f   g_items.obj
 0001:0002df00       _Drop_Item                 2002ef00 f   g_items.obj
 0001:0002dff0       _FinishSpawningItem        2002eff0 f   g_items.obj
 0001:0002e230       _G_BounceItem              2002f230 f   g_items.obj
 0001:0002e3f0       _G_CheckTeamItems          2002f3f0 f   g_items.obj
 0001:0002e620       _G_ItemDisabled            2002f620 f   g_items.obj
 0001:0002e670       _G_RunItem                 2002f670 f   g_items.obj
 0001:0002e7d0       _G_SpawnItem               2002f7d0 f   g_items.obj
 0001:0002e890       _LaunchItem                2002f890 f   g_items.obj
 0001:0002e9d0       _Pickup_Ammo               2002f9d0 f   g_items.obj
 0001:0002ea00       _Pickup_Armor              2002fa00 f   g_items.obj
 0001:0002ea60       _Pickup_Health             2002fa60 f   g_items.obj
 0001:0002eb00       _Pickup_Holdable           2002fb00 f   g_items.obj
 0001:0002eb60       _Pickup_PersistantPowerup  2002fb60 f   g_items.obj
 0001:0002ee20       _Pickup_Powerup            2002fe20 f   g_items.obj
 0001:0002f020       _Pickup_Weapon             20030020 f   g_items.obj
 0001:0002f0f0       _RegisterItem              200300f0 f   g_items.obj
 0001:0002f130       _RespawnItem               20030130 f   g_items.obj
 0001:0002f270       _SaveRegisteredItems       20030270 f   g_items.obj
 0001:0002f300       _Touch_Item                20030300 f   g_items.obj
 0001:0002f5b0       _Use_Item                  200305b0 f   g_items.obj
 0001:0002f5c0       _AddTournamentPlayer       200305c0 f   g_main.obj
 0001:0002f680       _AdjustTournamentScores    20030680 f   g_main.obj
 0001:0002f6e0       _BeginIntermission         200306e0 f   g_main.obj
 0001:0002f780       _CalculateRanks            20030780 f   g_main.obj
 0001:0002fa90       _CheckCvars                20030a90 f   g_main.obj
 0001:0002faf0       _CheckExitRules            20030af0 f   g_main.obj
 0001:0002fcb0       _CheckIntermissionExit     20030cb0 f   g_main.obj
 0001:0002fdd0       _CheckTeamLeader           20030dd0 f   g_main.obj
 0001:0002fe90       _CheckTeamVote             20030e90 f   g_main.obj
 0001:0002ffc0       _CheckTournament           20030fc0 f   g_main.obj
 0001:000301e0       _CheckVote                 200311e0 f   g_main.obj
 0001:00030290       _Com_Error                 20031290 f   g_main.obj
 0001:000302f0       _Com_Printf                200312f0 f   g_main.obj
 0001:00030350       _ExitLevel                 20031350 f   g_main.obj
 0001:00030460       _FindIntermissionPoint     20031460 f   g_main.obj
 0001:00030570       _G_Error                   20031570 f   g_main.obj
 0001:000305d0       _G_FindTeams               200315d0 f   g_main.obj
 0001:00030740       _G_InitGame                20031740 f   g_main.obj
 0001:00030aa0       _G_LogPrintf               20031aa0 f   g_main.obj
 0001:00030ba0       _G_Printf                  20031ba0 f   g_main.obj
 0001:00030c00       _G_RegisterCvars           20031c00 f   g_main.obj
 0001:00030c90       _G_RemapTeamShaders        20031c90 f   g_main.obj
 0001:00030da0       _G_RunFrame                20031da0 f   g_main.obj
 0001:00030fb0       _G_RunThink                20031fb0 f   g_main.obj
 0001:00031010       _G_ShutdownGame            20032010 f   g_main.obj
 0001:00031070       _G_UpdateCvars             20032070 f   g_main.obj
 0001:000310f0       _LogExit                   200320f0 f   g_main.obj
 0001:00031250       _MoveClientToIntermission  20032250 f   g_main.obj
 0001:00031380       _PrintTeam                 20032380 f   g_main.obj
 0001:000313e0       _RemoveTournamentLoser     200323e0 f   g_main.obj
 0001:00031420       _RemoveTournamentWinner    20032420 f   g_main.obj
 0001:00031460       _ScoreIsTied               20032460 f   g_main.obj
 0001:000314c0       _SendScoreboardMessageToAllClients 200324c0 f   g_main.obj
 0001:00031520       _SetLeader                 20032520 f   g_main.obj
 0001:000315f0       _SortRanks                 200325f0 f   g_main.obj
 0001:000316a0       _vmMain                    200326a0 f   g_main.obj
 0001:00031790       _G_Alloc                   20032790 f   g_mem.obj
 0001:00031800       _G_InitMemory              20032800 f   g_mem.obj
 0001:00031810       _Svcmd_GameMem_f           20032810 f   g_mem.obj
 0001:00031830       _DropPortalDestination     20032830 f   g_misc.obj
 0001:000319c0       _DropPortalSource          200329c0 f   g_misc.obj
 0001:00031b80       _InitShooter               20032b80 f   g_misc.obj
 0001:00031e40       _SP_info_camp              20032e40 f   g_misc.obj
 0001:00031e60       _SP_info_notnull           20032e60 f   g_misc.obj
 0001:00031e80       _SP_info_null              20032e80 f   g_misc.obj
 0001:00031e90       _SP_light                  20032e90 f   g_misc.obj
 0001:00031ea0       _SP_misc_model             20032ea0 f   g_misc.obj
 0001:00031eb0       _SP_misc_portal_camera     20032eb0 f   g_misc.obj
 0001:00031f40       _SP_misc_portal_surface    20032f40 f   g_misc.obj
 0001:00031fe0       _SP_misc_teleporter_dest   20032fe0 f   g_misc.obj
 0001:00031ff0       _SP_shooter_grenade        20032ff0 f   g_misc.obj
 0001:00032010       _SP_shooter_plasma         20033010 f   g_misc.obj
 0001:00032030       _SP_shooter_rocket         20033030 f   g_misc.obj
 0001:00032050       _TeleportPlayer            20033050 f   g_misc.obj
 0001:000321c0       _Use_Shooter               200331c0 f   g_misc.obj
 0001:00032410       _locateCamera              20033410 f   g_misc.obj
 0001:00032540       _G_BounceMissile           20033540 f   g_missile.obj
 0001:00032720       _G_ExplodeMissile          20033720 f   g_missile.obj
 0001:00032840       _G_MissileImpact           20033840 f   g_missile.obj
 0001:00032ee0       _G_RunMissile              20033ee0 f   g_missile.obj
 0001:00033360       _ProximityMine_Trigger     20034360 f   g_missile.obj
 0001:00033450       _fire_bfg                  20034450 f   g_missile.obj
 0001:000335b0       _fire_grapple              200345b0 f   g_missile.obj
 0001:000336f0       _fire_grenade              200346f0 f   g_missile.obj
 0001:00033850       _fire_nail                 20034850 f   g_missile.obj
 0001:00033b50       _fire_plasma               20034b50 f   g_missile.obj
 0001:00033cb0       _fire_prox                 20034cb0 f   g_missile.obj
 0001:00033e30       _fire_rocket               20034e30 f   g_missile.obj
 0001:00033f90       _Blocked_Door              20034f90 f   g_mover.obj
 0001:00034010       _G_CheckProxMinePosition   20035010 f   g_mover.obj
 0001:00034120       _G_CreateRotationMatrix    20035120 f   g_mover.obj
 0001:00034170       _G_MoverPush               20035170 f   g_mover.obj
 0001:000347c0       _G_MoverTeam               200357c0 f   g_mover.obj
 0001:00034970       _G_RotatePoint             20035970 f   g_mover.obj
 0001:00034a00       _G_RunMover                20035a00 f   g_mover.obj
 0001:00034a40       _G_TestEntityPosition      20035a40 f   g_mover.obj
 0001:00034ad0       _G_TransposeMatrix         20035ad0 f   g_mover.obj
 0001:00034b10       _G_TryPushingEntity        20035b10 f   g_mover.obj
 0001:00034ed0       _G_TryPushingProxMine      20035ed0 f   g_mover.obj
 0001:00035070       _InitMover                 20036070 f   g_mover.obj
 0001:00035300       _MatchTeam                 20036300 f   g_mover.obj
 0001:00035330       _Reached_BinaryMover       20036330 f   g_mover.obj
 0001:00035420       _Reached_Train             20036420 f   g_mover.obj
 0001:000355b0       _ReturnToPos1              200365b0 f   g_mover.obj
 0001:000355f0       _SP_func_bobbing           200365f0 f   g_mover.obj
 0001:00035700       _SP_func_button            20036700 f   g_mover.obj
 0001:000358a0       _SP_func_door              200368a0 f   g_mover.obj
 0001:00035b00       _SP_func_pendulum          20036b00 f   g_mover.obj
 0001:00035c40       _SP_func_plat              20036c40 f   g_mover.obj
 0001:00035db0       _SP_func_rotating          20036db0 f   g_mover.obj
 0001:00035e90       _SP_func_static            20036e90 f   g_mover.obj
 0001:00035ef0       _SP_func_train             20036ef0 f   g_mover.obj
 0001:00035fc0       _SP_path_corner            20036fc0 f   g_mover.obj
 0001:00035ff0       _SetMoverState             20036ff0 f   g_mover.obj
 0001:00036190       _SpawnPlatTrigger          20037190 f   g_mover.obj
 0001:00036320       _Think_BeginMoving         20037320 f   g_mover.obj
 0001:00036340       _Think_MatchTeam           20037340 f   g_mover.obj
 0001:00036360       _Think_SetupTrainTargets   20037360 f   g_mover.obj
 0001:00036470       _Think_SpawnNewDoorTrigger 20037470 f   g_mover.obj
 0001:00036660       _Touch_Button              20037660 f   g_mover.obj
 0001:00036690       _Touch_DoorTrigger         20037690 f   g_mover.obj
 0001:00036850       _Touch_Plat                20037850 f   g_mover.obj
 0001:00036890       _Touch_PlatCenterTrigger   20037890 f   g_mover.obj
 0001:000368d0       _Use_BinaryMover           200378d0 f   g_mover.obj
 0001:00036a10       _G_InitSessionData         20037a10 f   g_session.obj
 0001:00036ad0       _G_InitWorldSession        20037ad0 f   g_session.obj
 0001:00036b40       _G_ReadSessionData         20037b40 f   g_session.obj
 0001:00036c10       _G_WriteClientSessionData  20037c10 f   g_session.obj
 0001:00036c80       _G_WriteSessionData        20037c80 f   g_session.obj
 0001:00036ce0       _SP_item_botroam           20037ce0 f   g_spawn.obj
 0001:00036cf0       _G_AddSpawnVarToken        20037cf0 f   g_spawn.obj
 0001:00036d60       _G_CallSpawn               20037d60 f   g_spawn.obj
 0001:00036e50       _G_NewString               20037e50 f   g_spawn.obj
 0001:00036ec0       _G_ParseField              20037ec0 f   g_spawn.obj
 0001:00037050       _G_ParseSpawnVars          20038050 f   g_spawn.obj
 0001:000371a0       _G_SpawnEntitiesFromString 200381a0 f   g_spawn.obj
 0001:00037200       _G_SpawnFloat              20038200 f   g_spawn.obj
 0001:00037230       _G_SpawnGEntityFromSpawnVars 20038230 f   g_spawn.obj
 0001:00037390       _G_SpawnInt                20038390 f   g_spawn.obj
 0001:000373c0       _G_SpawnString             200383c0 f   g_spawn.obj
 0001:00037430       _G_SpawnVector             20038430 f   g_spawn.obj
 0001:00037470       _SP_worldspawn             20038470 f   g_spawn.obj
 0001:00037670       _ClientForString           20038670 f   g_svcmds.obj
 0001:00037750       _ConsoleCommand            20038750 f   g_svcmds.obj
 0001:000379a0       _G_FilterPacket            200389a0 f   g_svcmds.obj
 0001:00037a50       _G_ProcessIPBans           20038a50 f   g_svcmds.obj
 0001:00037be0       _Svcmd_AddIP_f             20038be0 f   g_svcmds.obj
 0001:00037c50       _Svcmd_EntityList_f        20038c50 f   g_svcmds.obj
 0001:00037de0       _Svcmd_ForceTeam_f         20038de0 f   g_svcmds.obj
 0001:00037e70       _Svcmd_RemoveIP_f          20038e70 f   g_svcmds.obj
 0001:000380b0       _PASSFLOAT                 200390b0 f   g_syscalls.obj
 0001:000380d0       _dllEntry                  200390d0 f   g_syscalls.obj
 0001:000380e0       _trap_AAS_AlternativeRouteGoals 200390e0 f   g_syscalls.obj
 0001:00038110       _trap_AAS_AreaInfo         20039110 f   g_syscalls.obj
 0001:00038130       _trap_AAS_AreaReachability 20039130 f   g_syscalls.obj
 0001:00038150       _trap_AAS_AreaTravelTimeToGoalArea 20039150 f   g_syscalls.obj
 0001:00038170       _trap_AAS_BBoxAreas        20039170 f   g_syscalls.obj
 0001:00038190       _trap_AAS_EnableRoutingArea 20039190 f   g_syscalls.obj
 0001:000381b0       _trap_AAS_EntityInfo       200391b0 f   g_syscalls.obj
 0001:000381d0       _trap_AAS_FloatForBSPEpairKey 200391d0 f   g_syscalls.obj
 0001:000381f0       _trap_AAS_Initialized      200391f0 f   g_syscalls.obj
 0001:00038200       _trap_AAS_IntForBSPEpairKey 20039200 f   g_syscalls.obj
 0001:00038220       _trap_AAS_NextBSPEntity    20039220 f   g_syscalls.obj
 0001:00038240       _trap_AAS_PointAreaNum     20039240 f   g_syscalls.obj
 0001:00038260       _trap_AAS_PointContents    20039260 f   g_syscalls.obj
 0001:00038280       _trap_AAS_PointReachabilityAreaIndex 20039280 f   g_syscalls.obj
 0001:000382a0       _trap_AAS_PredictClientMovement 200392a0 f   g_syscalls.obj
 0001:000382f0       _trap_AAS_PredictRoute     200392f0 f   g_syscalls.obj
 0001:00038330       _trap_AAS_PresenceTypeBoundingBox 20039330 f   g_syscalls.obj
 0001:00038350       _trap_AAS_Swimming         20039350 f   g_syscalls.obj
 0001:00038370       _trap_AAS_Time             20039370 f   g_syscalls.obj
 0001:00038390       _trap_AAS_TraceAreas       20039390 f   g_syscalls.obj
 0001:000383c0       _trap_AAS_ValueForBSPEpairKey 200393c0 f   g_syscalls.obj
 0001:000383e0       _trap_AAS_VectorForBSPEpairKey 200393e0 f   g_syscalls.obj
 0001:00038400       _trap_AdjustAreaPortalState 20039400 f   g_syscalls.obj
 0001:00038420       _trap_AreasConnected       20039420 f   g_syscalls.obj
 0001:00038440       _trap_Argc                 20039440 f   g_syscalls.obj
 0001:00038450       _trap_Argv                 20039450 f   g_syscalls.obj
 0001:00038470       _trap_BotAddAvoidSpot      20039470 f   g_syscalls.obj
 0001:000384a0       _trap_BotAllocChatState    200394a0 f   g_syscalls.obj
 0001:000384b0       _trap_BotAllocGoalState    200394b0 f   g_syscalls.obj
 0001:000384d0       _trap_BotAllocMoveState    200394d0 f   g_syscalls.obj
 0001:000384e0       _trap_BotAllocWeaponState  200394e0 f   g_syscalls.obj
 0001:000384f0       _trap_BotAllocateClient    200394f0 f   g_syscalls.obj
 0001:00038500       _trap_BotAvoidGoalTime     20039500 f   g_syscalls.obj
 0001:00038530       _trap_BotChatLength        20039530 f   g_syscalls.obj
 0001:00038550       _trap_BotChooseBestFightWeapon 20039550 f   g_syscalls.obj
 0001:00038570       _trap_BotChooseLTGItem     20039570 f   g_syscalls.obj
 0001:00038590       _trap_BotChooseNBGItem     20039590 f   g_syscalls.obj
 0001:000385d0       _trap_BotDumpAvoidGoals    200395d0 f   g_syscalls.obj
 0001:000385f0       _trap_BotDumpGoalStack     200395f0 f   g_syscalls.obj
 0001:00038610       _trap_BotEmptyGoalStack    20039610 f   g_syscalls.obj
 0001:00038630       _trap_BotEnterChat         20039630 f   g_syscalls.obj
 0001:00038650       _trap_BotFindMatch         20039650 f   g_syscalls.obj
 0001:00038670       _trap_BotFreeCharacter     20039670 f   g_syscalls.obj
 0001:00038690       _trap_BotFreeChatState     20039690 f   g_syscalls.obj
 0001:000386b0       _trap_BotFreeClient        200396b0 f   g_syscalls.obj
 0001:000386d0       _trap_BotFreeGoalState     200396d0 f   g_syscalls.obj
 0001:000386f0       _trap_BotFreeItemWeights   200396f0 f   g_syscalls.obj
 0001:00038710       _trap_BotFreeMoveState     20039710 f   g_syscalls.obj
 0001:00038730       _trap_BotFreeWeaponState   20039730 f   g_syscalls.obj
 0001:00038750       _trap_BotGetChatMessage    20039750 f   g_syscalls.obj
 0001:00038770       _trap_BotGetLevelItemGoal  20039770 f   g_syscalls.obj
 0001:00038790       _trap_BotGetMapLocationGoal 20039790 f   g_syscalls.obj
 0001:000387b0       _trap_BotGetNextCampSpotGoal 200397b0 f   g_syscalls.obj
 0001:000387d0       _trap_BotGetSecondGoal     200397d0 f   g_syscalls.obj
 0001:000387f0       _trap_BotGetServerCommand  200397f0 f   g_syscalls.obj
 0001:00038810       _trap_BotGetSnapshotEntity 20039810 f   g_syscalls.obj
 0001:00038830       _trap_BotGetTopGoal        20039830 f   g_syscalls.obj
 0001:00038850       _trap_BotGetWeaponInfo     20039850 f   g_syscalls.obj
 0001:00038870       _trap_BotGoalName          20039870 f   g_syscalls.obj
 0001:00038890       _trap_BotInitLevelItems    20039890 f   g_syscalls.obj
 0001:000388a0       _trap_BotInitMoveState     200398a0 f   g_syscalls.obj
 0001:000388c0       _trap_BotInitialChat       200398c0 f   g_syscalls.obj
 0001:00038900       _trap_BotInterbreedGoalFuzzyLogic 20039900 f   g_syscalls.obj
 0001:00038920       _trap_BotItemGoalInVisButNotVisible 20039920 f   g_syscalls.obj
 0001:00038940       _trap_BotLibDefine         20039940 f   g_syscalls.obj
 0001:00038960       _trap_BotLibLoadMap        20039960 f   g_syscalls.obj
 0001:00038980       _trap_BotLibSetup          20039980 f   g_syscalls.obj
 0001:00038990       _trap_BotLibShutdown       20039990 f   g_syscalls.obj
 0001:000389a0       _trap_BotLibStartFrame     200399a0 f   g_syscalls.obj
 0001:000389d0       _trap_BotLibTest           200399d0 f   g_syscalls.obj
 0001:000389f0       _trap_BotLibUpdateEntity   200399f0 f   g_syscalls.obj
 0001:00038a10       _trap_BotLibVarGet         20039a10 f   g_syscalls.obj
 0001:00038a30       _trap_BotLibVarSet         20039a30 f   g_syscalls.obj
 0001:00038a50       _trap_BotLoadCharacter     20039a50 f   g_syscalls.obj
 0001:00038a80       _trap_BotLoadChatFile      20039a80 f   g_syscalls.obj
 0001:00038aa0       _trap_BotLoadItemWeights   20039aa0 f   g_syscalls.obj
 0001:00038ac0       _trap_BotLoadWeaponWeights 20039ac0 f   g_syscalls.obj
 0001:00038ae0       _trap_BotMatchVariable     20039ae0 f   g_syscalls.obj
 0001:00038b00       _trap_BotMoveInDirection   20039b00 f   g_syscalls.obj
 0001:00038b30       _trap_BotMoveToGoal        20039b30 f   g_syscalls.obj
 0001:00038b50       _trap_BotMovementViewTarget 20039b50 f   g_syscalls.obj
 0001:00038b90       _trap_BotMutateGoalFuzzyLogic 20039b90 f   g_syscalls.obj
 0001:00038bc0       _trap_BotNextConsoleMessage 20039bc0 f   g_syscalls.obj
 0001:00038be0       _trap_BotNumConsoleMessages 20039be0 f   g_syscalls.obj
 0001:00038c00       _trap_BotNumInitialChats   20039c00 f   g_syscalls.obj
 0001:00038c20       _trap_BotPopGoal           20039c20 f   g_syscalls.obj
 0001:00038c40       _trap_BotPredictVisiblePosition 20039c40 f   g_syscalls.obj
 0001:00038c70       _trap_BotPushGoal          20039c70 f   g_syscalls.obj
 0001:00038c90       _trap_BotQueueConsoleMessage 20039c90 f   g_syscalls.obj
 0001:00038cb0       _trap_BotReachabilityArea  20039cb0 f   g_syscalls.obj
 0001:00038cd0       _trap_BotRemoveConsoleMessage 20039cd0 f   g_syscalls.obj
 0001:00038cf0       _trap_BotRemoveFromAvoidGoals 20039cf0 f   g_syscalls.obj
 0001:00038d10       _trap_BotReplaceSynonyms   20039d10 f   g_syscalls.obj
 0001:00038d30       _trap_BotReplyChat         20039d30 f   g_syscalls.obj
 0001:00038d70       _trap_BotResetAvoidGoals   20039d70 f   g_syscalls.obj
 0001:00038d90       _trap_BotResetAvoidReach   20039d90 f   g_syscalls.obj
 0001:00038db0       _trap_BotResetGoalState    20039db0 f   g_syscalls.obj
 0001:00038dd0       _trap_BotResetLastAvoidReach 20039dd0 f   g_syscalls.obj
 0001:00038df0       _trap_BotResetMoveState    20039df0 f   g_syscalls.obj
 0001:00038e10       _trap_BotResetWeaponState  20039e10 f   g_syscalls.obj
 0001:00038e30       _trap_BotSaveGoalFuzzyLogic 20039e30 f   g_syscalls.obj
 0001:00038e50       _trap_BotSetAvoidGoalTime  20039e50 f   g_syscalls.obj
 0001:00038e80       _trap_BotSetChatGender     20039e80 f   g_syscalls.obj
 0001:00038ea0       _trap_BotSetChatName       20039ea0 f   g_syscalls.obj
 0001:00038ec0       _trap_BotTouchingGoal      20039ec0 f   g_syscalls.obj
 0001:00038ee0       _trap_BotUpdateEntityItems 20039ee0 f   g_syscalls.obj
 0001:00038ef0       _trap_BotUserCommand       20039ef0 f   g_syscalls.obj
 0001:00038f10       _trap_Characteristic_BFloat 20039f10 f   g_syscalls.obj
 0001:00038f60       _trap_Characteristic_BInteger 20039f60 f   g_syscalls.obj
 0001:00038f80       _trap_Characteristic_Float 20039f80 f   g_syscalls.obj
 0001:00038fb0       _trap_Characteristic_Integer 20039fb0 f   g_syscalls.obj
 0001:00038fd0       _trap_Characteristic_String 20039fd0 f   g_syscalls.obj
 0001:00038ff0       _trap_Cvar_Register        20039ff0 f   g_syscalls.obj
 0001:00039010       _trap_Cvar_Set             2003a010 f   g_syscalls.obj
 0001:00039030       _trap_Cvar_Update          2003a030 f   g_syscalls.obj
 0001:00039050       _trap_Cvar_VariableIntegerValue 2003a050 f   g_syscalls.obj
 0001:00039070       _trap_Cvar_VariableStringBuffer 2003a070 f   g_syscalls.obj
 0001:00039090       _trap_DebugPolygonCreate   2003a090 f   g_syscalls.obj
 0001:000390b0       _trap_DebugPolygonDelete   2003a0b0 f   g_syscalls.obj
 0001:000390d0       _trap_DropClient           2003a0d0 f   g_syscalls.obj
 0001:000390f0       _trap_EA_Action            2003a0f0 f   g_syscalls.obj
 0001:00039110       _trap_EA_Attack            2003a110 f   g_syscalls.obj
 0001:00039130       _trap_EA_Command           2003a130 f   g_syscalls.obj
 0001:00039150       _trap_EA_Crouch            2003a150 f   g_syscalls.obj
 0001:00039170       _trap_EA_DelayedJump       2003a170 f   g_syscalls.obj
 0001:00039190       _trap_EA_EndRegular        2003a190 f   g_syscalls.obj
 0001:000391c0       _trap_EA_Gesture           2003a1c0 f   g_syscalls.obj
 0001:000391e0       _trap_EA_GetInput          2003a1e0 f   g_syscalls.obj
 0001:00039210       _trap_EA_Jump              2003a210 f   g_syscalls.obj
 0001:00039230       _trap_EA_Move              2003a230 f   g_syscalls.obj
 0001:00039260       _trap_EA_MoveBack          2003a260 f   g_syscalls.obj
 0001:00039280       _trap_EA_MoveDown          2003a280 f   g_syscalls.obj
 0001:000392a0       _trap_EA_MoveForward       2003a2a0 f   g_syscalls.obj
 0001:000392c0       _trap_EA_MoveLeft          2003a2c0 f   g_syscalls.obj
 0001:000392e0       _trap_EA_MoveRight         2003a2e0 f   g_syscalls.obj
 0001:00039300       _trap_EA_MoveUp            2003a300 f   g_syscalls.obj
 0001:00039320       _trap_EA_ResetInput        2003a320 f   g_syscalls.obj
 0001:00039340       _trap_EA_Respawn           2003a340 f   g_syscalls.obj
 0001:00039360       _trap_EA_Say               2003a360 f   g_syscalls.obj
 0001:00039380       _trap_EA_SayTeam           2003a380 f   g_syscalls.obj
 0001:000393a0       _trap_EA_SelectWeapon      2003a3a0 f   g_syscalls.obj
 0001:000393c0       _trap_EA_Talk              2003a3c0 f   g_syscalls.obj
 0001:000393e0       _trap_EA_Use               2003a3e0 f   g_syscalls.obj
 0001:00039400       _trap_EA_View              2003a400 f   g_syscalls.obj
 0001:00039420       _trap_EntitiesInBox        2003a420 f   g_syscalls.obj
 0001:00039440       _trap_EntityContact        2003a440 f   g_syscalls.obj
 0001:00039460       _trap_EntityContactCapsule 2003a460 f   g_syscalls.obj
 0001:00039480       _trap_Error                2003a480 f   g_syscalls.obj
 0001:000394a0       _trap_FS_FCloseFile        2003a4a0 f   g_syscalls.obj
 0001:000394c0       _trap_FS_FOpenFile         2003a4c0 f   g_syscalls.obj
 0001:000394e0       _trap_FS_GetFileList       2003a4e0 f   g_syscalls.obj
 0001:00039500       _trap_FS_Read              2003a500 f   g_syscalls.obj
 0001:00039520       _trap_FS_Seek              2003a520 f   g_syscalls.obj
 0001:00039540       _trap_FS_Write             2003a540 f   g_syscalls.obj
 0001:00039560       _trap_GeneticParentsAndChildSelection 2003a560 f   g_syscalls.obj
 0001:00039590       _trap_GetConfigstring      2003a590 f   g_syscalls.obj
 0001:000395b0       _trap_GetEntityToken       2003a5b0 f   g_syscalls.obj
 0001:000395d0       _trap_GetServerinfo        2003a5d0 f   g_syscalls.obj
 0001:000395f0       _trap_GetUsercmd           2003a5f0 f   g_syscalls.obj
 0001:00039610       _trap_GetUserinfo          2003a610 f   g_syscalls.obj
 0001:00039630       _trap_InPVS                2003a630 f   g_syscalls.obj
 0001:00039650       _trap_InPVSIgnorePortals   2003a650 f   g_syscalls.obj
 0001:00039670       _trap_LinkEntity           2003a670 f   g_syscalls.obj
 0001:00039690       _trap_LocateGameData       2003a690 f   g_syscalls.obj
 0001:000396b0       _trap_Milliseconds         2003a6b0 f   g_syscalls.obj
 0001:000396c0       _trap_PC_FreeSource        2003a6c0 f   g_syscalls.obj
 0001:000396e0       _trap_PC_LoadSource        2003a6e0 f   g_syscalls.obj
 0001:00039700       _trap_PC_ReadToken         2003a700 f   g_syscalls.obj
 0001:00039720       _trap_PC_SourceFileAndLine 2003a720 f   g_syscalls.obj
 0001:00039740       _trap_PointContents        2003a740 f   g_syscalls.obj
 0001:00039760       _trap_Printf               2003a760 f   g_syscalls.obj
 0001:00039780       _trap_RealTime             2003a780 f   g_syscalls.obj
 0001:000397a0       _trap_SendConsoleCommand   2003a7a0 f   g_syscalls.obj
 0001:000397c0       _trap_SendServerCommand    2003a7c0 f   g_syscalls.obj
 0001:000397e0       _trap_SetBrushModel        2003a7e0 f   g_syscalls.obj
 0001:00039800       _trap_SetConfigstring      2003a800 f   g_syscalls.obj
 0001:00039820       _trap_SetUserinfo          2003a820 f   g_syscalls.obj
 0001:00039840       _trap_SnapVector           2003a840 f   g_syscalls.obj
 0001:00039860       _trap_StringContains       2003a860 f   g_syscalls.obj
 0001:00039880       _trap_Trace                2003a880 f   g_syscalls.obj
 0001:000398b0       _trap_TraceCapsule         2003a8b0 f   g_syscalls.obj
 0001:000398e0       _trap_UnifyWhiteSpaces     2003a8e0 f   g_syscalls.obj
 0001:00039900       _trap_UnlinkEntity         2003a900 f   g_syscalls.obj
 0001:00039920       _SP_target_delay           2003a920 f   g_target.obj
 0001:00039980       _SP_target_give            2003a980 f   g_target.obj
 0001:000399a0       _SP_target_kill            2003a9a0 f   g_target.obj
 0001:000399c0       _SP_target_laser           2003a9c0 f   g_target.obj
 0001:000399e0       _SP_target_location        2003a9e0 f   g_target.obj
 0001:00039a10       _SP_target_position        2003aa10 f   g_target.obj
 0001:00039a30       _SP_target_print           2003aa30 f   g_target.obj
 0001:00039a50       _SP_target_relay           2003aa50 f   g_target.obj
 0001:00039a70       _SP_target_remove_powerups 2003aa70 f   g_target.obj
 0001:00039a90       _SP_target_score           2003aa90 f   g_target.obj
 0001:00039ac0       _SP_target_speaker         2003aac0 f   g_target.obj
 0001:00039c20       _SP_target_teleporter      2003ac20 f   g_target.obj
 0001:00039c60       _Think_Target_Delay        2003ac60 f   g_target.obj
 0001:00039c80       _Use_Target_Delay          2003ac80 f   g_target.obj
 0001:00039d10       _Use_Target_Give           2003ad10 f   g_target.obj
 0001:00039dc0       _Use_Target_Print          2003adc0 f   g_target.obj
 0001:00039e90       _Use_Target_Score          2003ae90 f   g_target.obj
 0001:00039eb0       _Use_Target_Speaker        2003aeb0 f   g_target.obj
 0001:00039f30       _Use_target_remove_powerups 2003af30 f   g_target.obj
 0001:00039f90       _target_kill_use           2003af90 f   g_target.obj
 0001:00039fc0       _target_laser_off          2003afc0 f   g_target.obj
 0001:00039fe0       _target_laser_on           2003afe0 f   g_target.obj
 0001:0003a000       _target_laser_start        2003b000 f   g_target.obj
 0001:0003a0c0       _target_laser_think        2003b0c0 f   g_target.obj
 0001:0003a2c0       _target_laser_use          2003b2c0 f   g_target.obj
 0001:0003a3a0       _target_relay_use          2003b3a0 f   g_target.obj
 0001:0003a420       _target_teleporter_use     2003b420 f   g_target.obj
 0001:0003a470       _AddTeamScore              2003b470 f   g_team.obj
 0001:0003a540       _CheckObeliskAttack        2003b540 f   g_team.obj
 0001:0003a610       _CheckTeamStatus           2003b610 f   g_team.obj
 0001:0003aa70       _OnSameTeam                2003ba70 f   g_team.obj
 0001:0003aab0       _OtherTeam                 2003bab0 f   g_team.obj
 0001:0003aad0       _OtherTeamName             2003bad0 f   g_team.obj
 0001:0003ab00       _Pickup_Team               2003bb00 f   g_team.obj
 0001:0003ac60       _PrintMsg                  2003bc60 f   g_team.obj
 0001:0003ad40       _SP_team_CTF_blueplayer    2003bd40 f   g_team.obj
 0001:0003ad50       _SP_team_CTF_bluespawn     2003bd50 f   g_team.obj
 0001:0003ad60       _SP_team_CTF_redplayer     2003bd60 f   g_team.obj
 0001:0003ad70       _SP_team_CTF_redspawn      2003bd70 f   g_team.obj
 0001:0003ad80       _SP_team_blueobelisk       2003bd80 f   g_team.obj
 0001:0003ae10       _SP_team_neutralobelisk    2003be10 f   g_team.obj
 0001:0003ae80       _SP_team_redobelisk        2003be80 f   g_team.obj
 0001:0003af10       _SelectCTFSpawnPoint       2003bf10 f   g_team.obj
 0001:0003af80       _SelectRandomTeamSpawnPoint 2003bf80 f   g_team.obj
 0001:0003b090       _SpawnObelisk              2003c090 f   g_team.obj
 0001:0003b290       _TeamColorString           2003c290 f   g_team.obj
 0001:0003b2c0       _TeamName                  2003c2c0 f   g_team.obj
 0001:0003b2f0       _Team_CaptureFlagSound     2003c2f0 f   g_team.obj
 0001:0003b330       _Team_CheckDroppedItem     2003c330 f   g_team.obj
 0001:0003b380       _Team_CheckHurtCarrier     2003c380 f   g_team.obj
 0001:0003b420       _Team_DroppedFlagThink     2003c420 f   g_team.obj
 0001:0003b470       _Team_ForceGesture         2003c470 f   g_team.obj
 0001:0003b4c0       _Team_FragBonuses          2003c4c0 f   g_team.obj
 0001:0003bb20       _Team_FreeEntity           2003cb20 f   g_team.obj
 0001:0003bb70       _Team_GetLocation          2003cb70 f   g_team.obj
 0001:0003bc60       _Team_GetLocationMsg       2003cc60 f   g_team.obj
 0001:0003bcf0       _Team_InitGame             2003ccf0 f   g_team.obj
 0001:0003bd60       _Team_ResetFlag            2003cd60 f   g_team.obj
 0001:0003be00       _Team_ResetFlags           2003ce00 f   g_team.obj
 0001:0003be30       _Team_ReturnFlag           2003ce30 f   g_team.obj
 0001:0003be80       _Team_ReturnFlagSound      2003ce80 f   g_team.obj
 0001:0003bed0       _Team_SetFlagStatus        2003ced0 f   g_team.obj
 0001:0003bf80       _Team_TakeFlagSound        2003cf80 f   g_team.obj
 0001:0003c020       _Team_TouchEnemyFlag       2003d020 f   g_team.obj
 0001:0003c0f0       _Team_TouchOurFlag         2003d0f0 f   g_team.obj
 0001:0003c3d0       _TeamplayInfoMessage       2003d3d0 f   g_team.obj
 0001:0003c5e0       _AimAtTarget               2003d5e0 f   g_trigger.obj
 0001:0003c750       _InitTrigger               2003d750 f   g_trigger.obj
 0001:0003c7d0       _SP_func_timer             2003d7d0 f   g_trigger.obj
 0001:0003c880       _SP_target_push            2003d880 f   g_trigger.obj
 0001:0003c970       _SP_trigger_always         2003d970 f   g_trigger.obj
 0001:0003c9a0       _SP_trigger_hurt           2003d9a0 f   g_trigger.obj
 0001:0003ca10       _SP_trigger_multiple       2003da10 f   g_trigger.obj
 0001:0003caa0       _SP_trigger_push           2003daa0 f   g_trigger.obj
 0001:0003cb00       _SP_trigger_teleport       2003db00 f   g_trigger.obj
 0001:0003cb60       _Touch_Multi               2003db60 f   g_trigger.obj
 0001:0003cb80       _Use_Multi                 2003db80 f   g_trigger.obj
 0001:0003cba0       _Use_target_push           2003dba0 f   g_trigger.obj
 0001:0003cc10       _func_timer_think          2003dc10 f   g_trigger.obj
 0001:0003cca0       _func_timer_use            2003dca0 f   g_trigger.obj
 0001:0003ccd0       _hurt_touch                2003dcd0 f   g_trigger.obj
 0001:0003cd50       _hurt_use                  2003dd50 f   g_trigger.obj
 0001:0003cd80       _multi_trigger             2003dd80 f   g_trigger.obj
 0001:0003ce90       _multi_wait                2003de90 f   g_trigger.obj
 0001:0003ceb0       _trigger_always_think      2003deb0 f   g_trigger.obj
 0001:0003ced0       _trigger_push_touch        2003ded0 f   g_trigger.obj
 0001:0003cef0       _trigger_teleporter_touch  2003def0 f   g_trigger.obj
 0001:0003cf60       _AddRemap                  2003df60 f   g_utils.obj
 0001:0003d040       _BuildShaderStateConfig    2003e040 f   g_utils.obj
 0001:0003d0f0       _DebugLine                 2003e0f0 f   g_utils.obj
 0001:0003d2f0       _G_AddEvent                2003e2f0 f   g_utils.obj
 0001:0003d3a0       _G_AddPredictableEvent     2003e3a0 f   g_utils.obj
 0001:0003d3d0       _G_EntitiesFree            2003e3d0 f   g_utils.obj
 0001:0003d400       _G_Find                    2003e400 f   g_utils.obj
 0001:0003d490       _G_FindConfigstringIndex   2003e490 f   g_utils.obj
 0001:0003d580       _G_FreeEntity              2003e580 f   g_utils.obj
 0001:0003d5e0       _G_InitGentity             2003e5e0 f   g_utils.obj
 0001:0003d630       _G_KillBox                 2003e630 f   g_utils.obj
 0001:0003d730       _G_ModelIndex              2003e730 f   g_utils.obj
 0001:0003d750       _G_PickTarget              2003e750 f   g_utils.obj
 0001:0003d810       _G_SetMovedir              2003e810 f   g_utils.obj
 0001:0003d900       _G_SetOrigin               2003e900 f   g_utils.obj
 0001:0003d960       _G_Sound                   2003e960 f   g_utils.obj
 0001:0003d990       _G_SoundIndex              2003e990 f   g_utils.obj
 0001:0003d9b0       _G_Spawn                   2003e9b0 f   g_utils.obj
 0001:0003dab0       _G_TeamCommand             2003eab0 f   g_utils.obj
 0001:0003db20       _G_TempEntity              2003eb20 f   g_utils.obj
 0001:0003dbb0       _G_UseTargets              2003ebb0 f   g_utils.obj
 0001:0003dc90       _tv                        2003ec90 f   g_utils.obj
 0001:0003dcd0       _vectoyaw                  2003ecd0 f   g_utils.obj
 0001:0003dd80       _vtos                      2003ed80 f   g_utils.obj
 0001:0003ddd0       _BFG_Fire                  2003edd0 f   g_weapon.obj
 0001:0003de30       _Bullet_Fire               2003ee30 f   g_weapon.obj
 0001:0003e1c0       _CalcMuzzlePoint           2003f1c0 f   g_weapon.obj
 0001:0003e270       _CalcMuzzlePointOrigin     2003f270 f   g_weapon.obj
 0001:0003e320       _CheckGauntletAttack       2003f320 f   g_weapon.obj
 0001:0003e510       _FireWeapon                2003f510 f   g_weapon.obj
 0001:0003e6e0       _G_BounceProjectile        2003f6e0 f   g_weapon.obj
 0001:0003e7d0       _G_StartKamikaze           2003f7d0 f   g_weapon.obj
 0001:0003f1c0       _LogAccuracyHit            200401c0 f   g_weapon.obj
 0001:0003f210       _ShotgunPattern            20040210 f   g_weapon.obj
 0001:0003f3b0       _ShotgunPellet             200403b0 f   g_weapon.obj
 0001:0003f550       _SnapVectorTowards         20040550 f   g_weapon.obj
 0001:0003f590       _Weapon_Gauntlet           20040590 f   g_weapon.obj
 0001:0003f5a0       _Weapon_GrapplingHook_Fire 200405a0 f   g_weapon.obj
 0001:0003f5f0       _Weapon_HookFree           200405f0 f   g_weapon.obj
 0001:0003f630       _Weapon_HookThink          20040630 f   g_weapon.obj
 0001:0003f780       _Weapon_LightningFire      20040780 f   g_weapon.obj
 0001:0003fa80       _Weapon_Nailgun_Fire       20040a80 f   g_weapon.obj
 0001:0003fb00       _Weapon_Plasmagun_Fire     20040b00 f   g_weapon.obj
 0001:0003fb60       _Weapon_RocketLauncher_Fire 20040b60 f   g_weapon.obj
 0001:0003fbc0       _weapon_grenadelauncher_fire 20040bc0 f   g_weapon.obj
 0001:0003fc40       _weapon_proxlauncher_fire  20040c40 f   g_weapon.obj
 0001:0003fcc0       _weapon_railgun_fire       20040cc0 f   g_weapon.obj
 0001:000400d0       _weapon_supershotgun_fire  200410d0 f   g_weapon.obj
 0001:00040180       _AddPointToBounds          20041180 f   q_math.obj
 0001:00040200       _AngleDelta                20041200 f   q_math.obj
 0001:00040220       _AngleMod                  20041220 f   q_math.obj
 0001:00040260       _AngleNormalize180         20041260 f   q_math.obj
 0001:000402a0       _AngleNormalize360         200412a0 f   q_math.obj
 0001:000402e0       _AngleSubtract             200412e0 f   q_math.obj
 0001:00040340       _AngleVectors              20041340 f   q_math.obj
 0001:00040520       _AnglesSubtract            20041520 f   q_math.obj
 0001:00040590       _AnglesToAxis              20041590 f   q_math.obj
 0001:000405f0       _AxisClear                 200415f0 f   q_math.obj
 0001:00040640       _AxisCopy                  20041640 f   q_math.obj
 0001:00040680       _BoxOnPlaneSide            20041680 f   q_math.obj
 0001:000408c0       _ByteToDir                 200418c0 f   q_math.obj
 0001:00040920       _ClampChar                 20041920 f   q_math.obj
 0001:00040940       _ClampShort                20041940 f   q_math.obj
 0001:00040970       _ClearBounds               20041970 f   q_math.obj
 0001:000409b0       _ColorBytes3               200419b0 f   q_math.obj
 0001:000409f0       _ColorBytes4               200419f0 f   q_math.obj
 0001:00040a40       _DirToByte                 20041a40 f   q_math.obj
 0001:00040ac0       _LerpAngle                 20041ac0 f   q_math.obj
 0001:00040b20       _MakeNormalVectors         20041b20 f   q_math.obj
 0001:00040c10       _MatrixMultiply            20041c10 f   q_math.obj
 0001:00040da0       _NormalizeColor            20041da0 f   q_math.obj
 0001:00040e10       _PerpendicularVector       20041e10 f   q_math.obj
 0001:00040ee0       _PlaneFromPoints           20041ee0 f   q_math.obj
 0001:00040fc0       _ProjectPointOnPlane       20041fc0 f   q_math.obj
 0001:00041070       _Q_crandom                 20042070 f   q_math.obj
 0001:000410a0       _Q_fabs                    200420a0 f   q_math.obj
 0001:000410b0       _Q_log2                    200420b0 f   q_math.obj
 0001:000410d0       _Q_rand                    200420d0 f   q_math.obj
 0001:000410f0       _Q_random                  200420f0 f   q_math.obj
 0001:00041120       _Q_rsqrt                   20042120 f   q_math.obj
 0001:00041170       _RadiusFromBounds          20042170 f   q_math.obj
 0001:00041210       _RotateAroundDirection     20042210 f   q_math.obj
 0001:000412d0       _RotatePointAroundVector   200422d0 f   q_math.obj
 0001:00041510       _SetPlaneSignbits          20042510 f   q_math.obj
 0001:00041540       _Vector4Scale              20042540 f   q_math.obj
 0001:00041590       _VectorNormalize           20042590 f   q_math.obj
 0001:00041650       _VectorNormalize2          20042650 f   q_math.obj
 0001:00041710       _VectorRotate              20042710 f   q_math.obj
 0001:000417a0       __DotProduct               200427a0 f   q_math.obj
 0001:000417c0       __VectorAdd                200427c0 f   q_math.obj
 0001:00041800       __VectorCopy               20042800 f   q_math.obj
 0001:00041820       __VectorMA                 20042820 f   q_math.obj
 0001:00041870       __VectorScale              20042870 f   q_math.obj
 0001:000418b0       __VectorSubtract           200428b0 f   q_math.obj
 0001:000418f0       _vectoangles               200428f0 f   q_math.obj
 0001:00041a80       _COM_BeginParseSession     20042a80 f   q_shared.obj
 0001:00041ab0       _COM_Compress              20042ab0 f   q_shared.obj
 0001:00041bb0       _COM_DefaultExtension      20042bb0 f   q_shared.obj
 0001:00041c30       _COM_GetCurrentParseLine   20042c30 f   q_shared.obj
 0001:00041c40       _COM_MatchToken            20042c40 f   q_shared.obj
 0001:00041ca0       _COM_Parse                 20042ca0 f   q_shared.obj
 0001:00041cc0       _COM_ParseError            20042cc0 f   q_shared.obj
 0001:00041d10       _COM_ParseExt              20042d10 f   q_shared.obj
 0001:00041e80       _COM_ParseWarning          20042e80 f   q_shared.obj
 0001:00041ed0       _COM_SkipPath              20042ed0 f   q_shared.obj
 0001:00041f00       _COM_StripExtension        20042f00 f   q_shared.obj
 0001:00041f30       _Com_Clamp                 20042f30 f   q_shared.obj
 0001:00041f60       _Com_sprintf               20042f60 f   q_shared.obj
 0001:00042010       _FloatNoSwap               20043010 f   q_shared.obj
 0001:00042020       _FloatSwap                 20043020 f   q_shared.obj
 0001:00042040       _Info_NextPair             20043040 f   q_shared.obj
 0001:000420b0       _Info_RemoveKey            200430b0 f   q_shared.obj
 0001:000421d0       _Info_RemoveKey_Big        200431d0 f   q_shared.obj
 0001:00042300       _Info_SetValueForKey       20043300 f   q_shared.obj
 0001:000424b0       _Info_SetValueForKey_Big   200434b0 f   q_shared.obj
 0001:00042650       _Info_Validate             20043650 f   q_shared.obj
 0001:00042680       _Info_ValueForKey          20043680 f   q_shared.obj
 0001:00042790       _Long64NoSwap              20043790 f   q_shared.obj
 0001:000427a0       _Long64Swap                200437a0 f   q_shared.obj
 0001:000427f0       _LongNoSwap                200437f0 f   q_shared.obj
 0001:00042800       _LongSwap                  20043800 f   q_shared.obj
 0001:00042840       _Parse1DMatrix             20043840 f   q_shared.obj
 0001:00042890       _Parse2DMatrix             20043890 f   q_shared.obj
 0001:000428f0       _Parse3DMatrix             200438f0 f   q_shared.obj
 0001:00042950       _Q_CleanStr                20043950 f   q_shared.obj
 0001:000429b0       _Q_PrintStrlen             200439b0 f   q_shared.obj
 0001:000429f0       _Q_isalpha                 200439f0 f   q_shared.obj
 0001:00042a20       _Q_islower                 20043a20 f   q_shared.obj
 0001:00042a40       _Q_isprint                 20043a40 f   q_shared.obj
 0001:00042a60       _Q_isupper                 20043a60 f   q_shared.obj
 0001:00042a80       _Q_strcat                  20043a80 f   q_shared.obj
 0001:00042ad0       _Q_stricmp                 20043ad0 f   q_shared.obj
 0001:00042b00       _Q_stricmpn                20043b00 f   q_shared.obj
 0001:00042b90       _Q_strlwr                  20043b90 f   q_shared.obj
 0001:00042bc0       _Q_strncmp                 20043bc0 f   q_shared.obj
 0001:00042c10       _Q_strncpyz                20043c10 f   q_shared.obj
 0001:00042c70       _Q_strrchr                 20043c70 f   q_shared.obj
 0001:00042ca0       _Q_strupr                  20043ca0 f   q_shared.obj
 0001:00042cd0       _ShortNoSwap               20043cd0 f   q_shared.obj
 0001:00042ce0       _ShortSwap                 20043ce0 f   q_shared.obj
 0001:00042d10       _SkipBracedSection         20043d10 f   q_shared.obj
 0001:00042d50       _SkipRestOfLine            20043d50 f   q_shared.obj
 0001:00042dd0       _va                        20043dd0 f   q_shared.obj
 0001:00042e19       @__security_check_cookie@4 20043e19 f   LIBCMT:secchk.obj
 0001:00042e30       __alloca_probe             20043e30 f   LIBCMT:chkstk.obj
 0001:00042e30       __chkstk                   20043e30 f   LIBCMT:chkstk.obj
 0001:00042e5d       ___raise_securityfailure   20043e5d f   LIBCMT:gs_report.obj
 0001:00042e85       ___report_gsfailure        20043e85 f   LIBCMT:gs_report.obj
 0001:00042f7e       ___report_rangecheckfailure 20043f7e f   LIBCMT:gs_report.obj
 0001:00042f8a       ___report_securityfailure  20043f8a f   LIBCMT:gs_report.obj
 0001:00043058       ___report_securityfailureEx 20044058 f   LIBCMT:gs_report.obj
 0001:00043170       __ftol2_sse                20044170     LIBCMT:ftol2.obj
 0001:00043170       __ftoi2                    20044170 f   LIBCMT:ftol2.obj
 0001:00043170       __ftol2_sse_excpt          20044170     LIBCMT:ftol2.obj
 0001:000431f0       __ftoui2                   200441f0 f   LIBCMT:ftol2.obj
 0001:000432a0       __ftol2                    200442a0 f   LIBCMT:ftol2.obj
 0001:00043350       __ftoul2                   20044350 f   LIBCMT:ftol2.obj
 0001:00043409       ___isa_available_init      20044409 f   LIBCMT:cpu_disp.obj
 0001:00043919       __CRT_INIT@12              20044919 f   LIBCMT:dll_dllmain.obj
 0001:00043922       __DllMainCRTStartup@12     20044922 f   LIBCMT:dll_dllmain.obj
 0001:00043992       ___security_init_cookie    20044992 f   LIBCMT:gs_support.obj
 0001:000439dd       _DllMain@12                200449dd f   LIBCMT:dll_dllmain_stub.obj
[...]
 0002:0000fde0       __sehtable$??$?RV<lambda_135d2772fca65dc1248eeaa1b56e886a>@@AAV<lambda_2a444430fde8c29194d880d93eed5e8f>@@AAV<lambda_8dff2cf36a5417162780cd64fa2883ef>@@@?$__crt_seh_guarded_call@X@@QAEX$$QAV<lambda_135d2772fca65dc1248eeaa1b56e886a>@@AAV<lambda_2a444430fde8c29194d880d93eed5e8f>@@AAV<lambda_8dff2cf36a5417162780cd64fa2883ef>@@@Z 200a2de0     libucrt:wsetlocale.obj
 0002:0000fe00       __sehtable$_fgetwc         200a2e00     libucrt:fgetwc.obj
 0002:0000fe20       __sehtable$_ungetwc        200a2e20     libucrt:ungetwc.obj
 0002:0000fe40       __sehtable$_fgetc          200a2e40     libucrt:fgetc.obj
 0002:0000fe60       __sehtable$_ungetc         200a2e60     libucrt:ungetc.obj
 0002:0000fe80       __sehtable$___acrt_initialize_lowio 200a2e80     libucrt:ioinit.obj
 0002:0000fea0       __sehtable$_fputwc         200a2ea0     libucrt:fputwc.obj
 0002:0000fec0       __sehtable$_fputc          200a2ec0     libucrt:fputc.obj
 0002:0000fee0       __sehtable$?update_thread_multibyte_data_internal@@YAPAU__crt_multibyte_data@@QAU__acrt_ptd@@QAPAU1@@Z 200a2ee0     libucrt:mbctype.obj
 0002:0000ff00       __sehtable$??$?RV<lambda_ceb1ee4838e85a9d631eb091e2fbe199>@@AAV<lambda_ae742caa10f662c28703da3d2ea5e57e>@@V<lambda_cd08b5d6af4937fe54fc07d0c9bf6b37>@@@?$__crt_seh_guarded_call@X@@QAEX$$QAV<lambda_ceb1ee4838e85a9d631eb091e2fbe199>@@AAV<lambda_ae742caa10f662c28703da3d2ea5e57e>@@$$QAV<lambda_cd08b5d6af4937fe54fc07d0c9bf6b37>@@@Z 200a2f00     libucrt:mbctype.obj
 0002:0000ff20       __sehtable$??$?RV<lambda_6b4b7855443974f2b4b77000ea21c99c>@@AAV<lambda_8f7d3b162ab39427f4fa9995c67a7986>@@V<lambda_cc9a5ba8a5d8428b9634eab82665e5dc>@@@?$__crt_seh_guarded_call@H@@QAEH$$QAV<lambda_6b4b7855443974f2b4b77000ea21c99c>@@AAV<lambda_8f7d3b162ab39427f4fa9995c67a7986>@@$$QAV<lambda_cc9a5ba8a5d8428b9634eab82665e5dc>@@@Z 200a2f20     libucrt:winapi_thunks.obj
 0002:0000ff40       __sehtable$__query_new_handler 200a2f40     libucrt:new_handler.obj
 0002:0000ff60       __sehtable$__set_new_handler 200a2f60     libucrt:new_handler.obj
 0002:0000ff80       __sehtable$_signal         200a2f80     libucrt:signal.obj
 0002:0000ffa0       __sehtable$_raise          200a2fa0     libucrt:signal.obj
 0002:0000ffc0       __sehtable$?ctrlevent_capture@@YGHK@Z 200a2fc0     libucrt:signal.obj
 0002:0000ffe0       __sehtable$??$?RV<lambda_cbab9ec6f41b0180b23cc171c22676b0>@@AAV<lambda_44731a7d0e6d81c3e6aa82d741081786>@@V<lambda_4b292cb8dd18144e164572427af410ab>@@@?$__crt_seh_guarded_call@P6AXH@Z@@QAEP6AXH@Z$$QAV<lambda_cbab9ec6f41b0180b23cc171c22676b0>@@AAV<lambda_44731a7d0e6d81c3e6aa82d741081786>@@$$QAV<lambda_4b292cb8dd18144e164572427af410ab>@@@Z 200a2fe0     libucrt:signal.obj
 0002:00010000       __sehtable$??$?RV<lambda_2866be3712abc81a800a822484c830d8>@@AAV<lambda_39ca0ed439415581b5b15c265174cece>@@V<lambda_2b24c74d71094a6cd0cb82e44167d71b>@@@?$__crt_seh_guarded_call@X@@QAEX$$QAV<lambda_2866be3712abc81a800a822484c830d8>@@AAV<lambda_39ca0ed439415581b5b15c265174cece>@@$$QAV<lambda_2b24c74d71094a6cd0cb82e44167d71b>@@@Z 200a3000     libucrt:fflush.obj
 0002:00010020       __sehtable$??$?RV<lambda_2cc53f568c5a2bb6f192f930a45d44ea>@@AAV<lambda_ab61a845afdef5b7c387490eaf3616ee>@@V<lambda_c2ffc0b7726aa6be21d5f0026187e748>@@@?$__crt_seh_guarded_call@X@@QAEX$$QAV<lambda_2cc53f568c5a2bb6f192f930a45d44ea>@@AAV<lambda_ab61a845afdef5b7c387490eaf3616ee>@@$$QAV<lambda_c2ffc0b7726aa6be21d5f0026187e748>@@@Z 200a3020     libucrt:fflush.obj
 0002:00010040       __sehtable$??$?RV<lambda_6d20deecaf4856105ebacbad442d1079>@@AAV<lambda_9a32fed5bf61b6b509b2d3f6003082a1>@@V<lambda_63ea2239ed67c638ddbae41947fdf875>@@@?$__crt_seh_guarded_call@H@@QAEH$$QAV<lambda_6d20deecaf4856105ebacbad442d1079>@@AAV<lambda_9a32fed5bf61b6b509b2d3f6003082a1>@@$$QAV<lambda_63ea2239ed67c638ddbae41947fdf875>@@@Z 200a3040     libucrt:fflush.obj
 0002:00010060       __sehtable$___acrt_update_thread_locale_data 200a3060     libucrt:locale_refcounting.obj
 0002:00010080       __sehtable$__fcloseall     200a3080     libucrt:closeall.obj
 0002:000100a0       __sehtable$__open_osfhandle 200a30a0     libucrt:osfinfo.obj
 0002:000100c0       __sehtable$__alloc_osfhnd  200a30c0     libucrt:osfinfo.obj
 0002:000100e0       __sehtable$___acrt_lowio_ensure_fh_exists 200a30e0     libucrt:osfinfo.obj
 0002:00010100       __sehtable$___set_fpsr_sse2 200a3100     libucrt:fpctrl.obj
 0002:00010120       __sehtable$??$?RV<lambda_9e9de3de5fa147e2223d7db92bc10aa6>@@AAV<lambda_38ce7e780aa69e748d6df282ebc68efe>@@V<lambda_8ca6da459f0f6780f1cff60fdc3d00e5>@@@?$__crt_seh_guarded_call@H@@QAEH$$QAV<lambda_9e9de3de5fa147e2223d7db92bc10aa6>@@AAV<lambda_38ce7e780aa69e748d6df282ebc68efe>@@$$QAV<lambda_8ca6da459f0f6780f1cff60fdc3d00e5>@@@Z 200a3120     libucrt:commit.obj
 0002:00010140       __sehtable$__write         200a3140     libucrt:write.obj
 0002:00010160       __sehtable$__read          200a3160     libucrt:read.obj
 0002:00010180       __sehtable$_fclose         200a3180     libucrt:fclose.obj
 0002:000101a0       __sehtable$??$common_lseek@J@@YAJHJH@Z 200a31a0     libucrt:lseek.obj
 0002:000101c0       __sehtable$??$common_lseek@_J@@YA_JH_JH@Z 200a31c0     libucrt:lseek.obj
 0002:000101e0       __sehtable$??$?RV<lambda_f828341fbe69b7c0d4c527b01f22877f>@@AAV<lambda_9e0b6ab72a5b3ae37ad997d08b519f50>@@V<lambda_f01deac0a8d65d6e0411edf7e0af5775>@@@?$__crt_seh_guarded_call@G@@QAEG$$QAV<lambda_f828341fbe69b7c0d4c527b01f22877f>@@AAV<lambda_9e0b6ab72a5b3ae37ad997d08b519f50>@@$$QAV<lambda_f01deac0a8d65d6e0411edf7e0af5775>@@@Z 200a31e0     libucrt:putwch.obj
 0002:00010200       __sehtable$??$?RV<lambda_218ce3db14220d0be481dae8ef3383b6>@@AAV<lambda_628dfdc04ba53c8bfc02c9951375f3f5>@@V<lambda_57dc472bd5c9d5f3b2cbca59b8a843ae>@@@?$__crt_seh_guarded_call@H@@QAEH$$QAV<lambda_218ce3db14220d0be481dae8ef3383b6>@@AAV<lambda_628dfdc04ba53c8bfc02c9951375f3f5>@@$$QAV<lambda_57dc472bd5c9d5f3b2cbca59b8a843ae>@@@Z 200a3200     libucrt:close.obj
 0002:00010220       __sehtable$?__acrt_stdio_allocate_stream@@YA?AV__crt_stdio_stream@@XZ 200a3220     libucrt:stream.obj
 0002:00010240       __sehtable$__IsNonwritableInCurrentImage 200a3240     LIBCMT:pesect.obj
 0002:00010260       .edata                     200a3260     qagamex86.exp
 0002:00010288       rgpv                       200a3288     qagamex86.exp
 0002:00010290       rgszName                   200a3290     qagamex86.exp
 0002:00010298       rgwOrd                     200a3298     qagamex86.exp
 0002:0001029c       szName                     200a329c     qagamex86.exp
 0002:000102aa       $N00001                    200a32aa     qagamex86.exp
 0002:000102b3       $N00002                    200a32b3     qagamex86.exp
 0002:00010a00       .idata$6                   200a3a00     kernel32:KERNEL32.dll
 0003:00000000       _VEC_UP                    200a4000     ai_dmq3.obj
 0003:0000000c       _MOVEDIR_UP                200a400c     ai_dmq3.obj
 0003:00000018       _VEC_DOWN                  200a4018     ai_dmq3.obj
 0003:00000024       _MOVEDIR_DOWN              200a4024     ai_dmq3.obj
 0003:00000cd0       ?range@?1??G_TouchTriggers@@9@9 200a4cd0     g_active.obj
 0003:00000cdc       _offsetFirst               200a4cdc     g_arenas.obj
 0003:00000ce8       _offsetSecond              200a4ce8     g_arenas.obj
 0003:00000cf4       _offsetThird               200a4cf4     g_arenas.obj
 0003:00000d00       _playerMins                200a4d00     g_client.obj
 0003:00000d0c       _playerMaxs                200a4d0c     g_client.obj
 0003:00000d18       _gc_orders                 200a4d18     g_cmds.obj
 0003:00000d34       _gameNames                 200a4d34     g_cmds.obj
 0003:00000dd0       _gameCvarTable             200a4dd0     g_main.obj
 0003:0000140c       _gameCvarTableSize         200a540c     g_main.obj
 0003:00001410       ?lastMod@?1??CheckCvars@@9@9 200a5410     g_main.obj
 0003:00001708       ?gametypeNames@?1??G_SpawnGEntityFromSpawnVars@@9@9 200a5708     g_spawn.obj
 0003:0000172c       _syscall                   200a572c     g_syscalls.obj
 0003:00001730       _ctfFlagStatusRemap        200a5730     g_team.obj
 0003:00001738       _oneFlagStatusRemap        200a5738     g_team.obj
 0003:00001740       ?VEC_UP@?1??G_SetMovedir@@9@9 200a5740     g_utils.obj
 0003:0000174c       ?MOVEDIR_UP@?1??G_SetMovedir@@9@9 200a574c     g_utils.obj
 0003:00001758       ?VEC_DOWN@?1??G_SetMovedir@@9@9 200a5758     g_utils.obj
 0003:00001764       ?MOVEDIR_DOWN@?1??G_SetMovedir@@9@9 200a5764     g_utils.obj
 0003:00002080       ?prefix@?1??getDimension@UnDecorator@@CA?AVDName@@_N@Z@4UStringLiteral@@A 200a6080     libvcruntime:undname.obj
 0003:00002088       ?__vcrt_flsindex@@3KA      200a6088     libvcruntime:per_thread_data.obj
 0003:000020b0       ?__acrt_flsindex@@3KA      200a60b0     libucrt:per_thread_data.obj
 0003:000020bc       ?errno_no_memory@@3HA      200a60bc     libucrt:errno.obj
 0003:000020c0       ?doserrno_no_memory@@3KA   200a60c0     libucrt:errno.obj
 0003:000020c4       __ctype_loc_style          200a60c4     libucrt:wsetlocale.obj
 0003:00002490       __mbctypes                 200a6490     libucrt:mbctype.obj
 0003:00002598       __mbcasemaps               200a6598     libucrt:mbctype.obj
 0003:00002698       ?__rgctypeflag@@3PADA      200a6698     libucrt:mbctype.obj
 0003:000026a0       ?__rgcode_page_info@@3PAUcode_page_info@@A 200a66a0     libucrt:mbctype.obj
 0003:00002800       ?__DAZ_ENABLED@?1??__set_fpsr_sse2@@9@9 200a6800     libucrt:fpctrl.obj
 0003:00002910       ?__dcrt_lowio_console_output_handle@@3PAXA 200a6910     libucrt:initcon.obj
 0003:00002a40       ?maxclients@?1??BotNumActivePlayers@@9@9 200a6a40     ai_chat.obj
 0003:00002a44       ?maxclients@?1??BotIsFirstInRankings@@9@9 200a6a44     ai_chat.obj
 0003:00002a48       ?maxclients@?1??BotIsLastInRankings@@9@9 200a6a48     ai_chat.obj
 0003:00002a4c       ?name@?1??BotFirstClientInRankings@@9@9 200a6a4c     ai_chat.obj
 0003:00002a6c       ?maxclients@?1??BotFirstClientInRankings@@9@9 200a6a6c     ai_chat.obj
 0003:00002a70       ?name@?1??BotLastClientInRankings@@9@9 200a6a70     ai_chat.obj
 0003:00002a90       ?maxclients@?1??BotLastClientInRankings@@9@9 200a6a90     ai_chat.obj
 0003:00002a94       ?maxclients@?1??BotRandomOpponentName@@9@9 200a6a94     ai_chat.obj
 0003:00002a98       ?name@?1??BotRandomOpponentName@@9@9 200a6a98     ai_chat.obj
 0003:00002ab8       ?mapname@?1??BotMapTitle@@9@9 200a6ab8     ai_chat.obj
 0003:00002b38       ?maxclients@?1??FindClientByName@@9@9 200a6b38     ai_cmd.obj
 0003:00002b3c       ?maxclients@?1??FindEnemyByName@@9@9 200a6b3c     ai_cmd.obj
 0003:00002b40       ?maxclients@?1??NumPlayersOnSameTeam@@9@9 200a6b40     ai_cmd.obj
 0003:00002b44       ?maxclients@?1??ClientFromName@@9@9 200a6b44     ai_dmq3.obj
 0003:00002b48       ?maxclients@?1??ClientOnSameTeamFromName@@9@9 200a6b48     ai_dmq3.obj
 0003:00002b4c       ?local_time@?1??BotAIStartFrame@@9@9 200a6b4c     ai_main.obj
 0003:00002b50       ?botlib_residual@?1??BotAIStartFrame@@9@9 200a6b50     ai_main.obj
 0003:00002b54       ?lastbotthink_time@?1??BotAIStartFrame@@9@9 200a6b54     ai_main.obj
 0003:00002b58       ?maxclients@?1??BotNumTeamMates@@9@9 200a6b58     ai_team.obj
 0003:00002b5c       ?maxclients@?1??BotSortTeamMatesByBaseTravelTime@@9@9 200a6b5c     ai_team.obj
 0003:00002b60       ?maxclients@?1??BotTeamOrders@@9@9 200a6b60     ai_team.obj
 0003:00002b68       _g_numBots                 200a6b68     g_bot.obj
 0003:00002b6c       ?checkminimumplayers_time@?1??G_CheckMinimumPlayers@@9@9 200a6b6c     g_bot.obj
 0003:00002b70       _g_botInfos                200a6b70     g_bot.obj
 0003:00003b70       _g_arenaInfos              200a7b70     g_bot.obj
 0003:00004b70       _botSpawnQueue             200a8b70     g_bot.obj
 0003:00004bf0       ?line@?1??ConcatArgs@@9@9  200a8bf0     g_cmds.obj
 0003:00004ff0       ?i@?CE@??player_die@@9@9   200a8ff0     g_combat.obj
 0003:00004ff8       _memoryPool                200a8ff8     g_mem.obj
 0003:00044ff8       _allocPoint                200e8ff8     g_mem.obj
 0003:00045000       _ipFilters                 200e9000     g_svcmds.obj
 0003:00047000       _numIPFilters              200eb000     g_svcmds.obj
 0003:0004700c       ?index@?1??tv@@9@9         200eb00c     g_utils.obj
 0003:00047010       ?buff@?1??BuildShaderStateConfig@@9@9 200eb010     g_utils.obj
 0003:00048010       ?vecs@?1??tv@@9@9          200ec010     g_utils.obj
 0003:00048070       ?index@?1??vtos@@9@9       200ec070     g_utils.obj
 0003:00048078       ?str@?1??vtos@@9@9         200ec078     g_utils.obj
 0003:00048178       _s_quadFactor              200ec178     g_weapon.obj
 0003:0004817c       _forward                   200ec17c     g_weapon.obj
 0003:00048188       _right                     200ec188     g_weapon.obj
 0003:00048194       _up                        200ec194     g_weapon.obj
 0003:000481a0       _muzzle                    200ec1a0     g_weapon.obj
 0003:000481b8       ?bops_initialized@?1??BoxOnPlaneSide@@9@9 200ec1b8     q_math.obj
 0003:000481bc       ?Ljmptab@?1??BoxOnPlaneSide@@9@9 200ec1bc     q_math.obj
 0003:000481dc       ?sr@?1??AngleVectors@@9@9  200ec1dc     q_math.obj
 0003:000481e0       ?sp@?1??AngleVectors@@9@9  200ec1e0     q_math.obj
 0003:000481e4       ?sy@?1??AngleVectors@@9@9  200ec1e4     q_math.obj
 0003:000481e8       ?cr@?1??AngleVectors@@9@9  200ec1e8     q_math.obj
 0003:000481ec       ?cp@?1??AngleVectors@@9@9  200ec1ec     q_math.obj
 0003:000481f0       ?cy@?1??AngleVectors@@9@9  200ec1f0     q_math.obj
 0003:000481f8       _com_token                 200ec1f8     q_shared.obj
 0003:000485f8       _com_parsename             200ec5f8     q_shared.obj
 0003:000489f8       _com_lines                 200ec9f8     q_shared.obj
 0003:000489fc       ?index@?1??va@@9@9         200ec9fc     q_shared.obj
 0003:00048a00       ?string@?1??COM_ParseError@@9@9 200eca00     q_shared.obj
 0003:00049a00       ?string@?1??COM_ParseWarning@@9@9 200eda00     q_shared.obj
 0003:0004aa00       ?string@?1??va@@9@9        200eea00     q_shared.obj
 0003:0005a400       ?value@?1??Info_ValueForKey@@9@9 200fe400     q_shared.obj
 0003:0005e400       ?valueindex@?1??Info_ValueForKey@@9@9 20102400     q_shared.obj
 0003:0005e408       _GS_ExceptionRecord        20102408     LIBCMT:gs_report.obj
 0003:0005e458       _GS_ContextRecord          20102458     LIBCMT:gs_report.obj
 0003:0005e72c       ?__proc_attached@@3HA      2010272c     LIBCMT:dll_dllmain.obj
 0003:0005e750       ?is_initialized_as_dll@@3_NA 20102750     LIBCMT:utility.obj
 0003:0005e751       ?module_local_atexit_table_initialized@@3_NA 20102751     LIBCMT:utility.obj
 0003:0005e754       ?module_local_atexit_table@@3U_onexit_table_t@@A 20102754     LIBCMT:utility.obj
 0003:0005e760       ?module_local_at_quick_exit_table@@3U_onexit_table_t@@A 20102760     LIBCMT:utility.obj
 0003:0005e79c       ?heap@@3V_HeapManager@@A   2010279c     libvcruntime:undname.obj
 0003:0005e7b0       ?__vcrt_startup_thread_ptd@@3U__vcrt_ptd@@A 201027b0     libvcruntime:per_thread_data.obj
 0003:0005e7d8       ___vcrt_lock_table         201027d8     libvcruntime:locks.obj
 0003:0005e7f0       ___vcrt_locks_initialized  201027f0     libvcruntime:locks.obj
 0003:0005e7f4       ?module_handles@@3PAPAUHINSTANCE__@@A 201027f4     libvcruntime:winapi_downlevel.obj
 0003:0005e800       ?function_pointers@@3PAPAXA 20102800     libvcruntime:winapi_downlevel.obj
 0003:0005e818       ?c_termination_complete@@3JA 20102818     libucrt:exit.obj
 0003:0005e81c       ?thread_local_exit_callback_func@@3P6GXPAXK0@ZA 2010281c     libucrt:exit.obj
 0003:0005e828       ?program_name@?1???$common_configure_argv@D@@YAHW4_crt_argv_mode@@@Z@4PADA 20102828     libucrt:argv_parsing.obj
 0003:0005e930       ?program_name@?1???$common_configure_argv@_W@@YAHW4_crt_argv_mode@@@Z@4PA_WA 20102930     libucrt:argv_parsing.obj
 0003:0005eb64       ?__acrt_invalid_parameter_handler@@3V?$dual_state_global@P6AXPB_W00II@Z@__crt_state_management@@A 20102b64     libucrt:invalid_parameter.obj
 0003:0005eb70       ?internal_state@?1??_mbtowc_l@@9@4U_Mbstatet@@A 20102b70     libucrt:mbtowc.obj
 0003:0005ed8c       __pmatherr_set             20102d8c     libucrt:libm_error.obj
 0003:0005ed90       ?enable_percent_n@@3IA     20102d90     libucrt:printf_count_output.obj
 0003:0005eda0       ?__acrt_lock_table@@3PAU_RTL_CRITICAL_SECTION@@A 20102da0     libucrt:locks.obj
 0003:0005eef0       ?__acrt_locks_initialized@@3IA 20102ef0     libucrt:locks.obj
 0003:0005eef4       ?state_cache@?1???$get_cached_win_policy@Ubegin_thread_init_policy_properties@?1??__acrt_get_begin_thread_init_policy@@YA?AW4begin_thread_init_policy@@XZ@@@YA?AW4begin_thread_init_policy@@W4AppPolicyThreadInitializationType@@@Z@4JA 20102ef4     libucrt:win_policies.obj
 0003:0005eef8       ?state_cache@?1???$get_cached_win_policy@Udeveloper_information_policy_properties@?1??__acrt_get_developer_information_policy@@YA?AW4developer_information_policy@@XZ@@@YA?AW4developer_information_policy@@W4AppPolicyShowDeveloperDiagnostic@@@Z@4JA 20102ef8     libucrt:win_policies.obj
 0003:0005eefc       ?state_cache@?1???$get_cached_win_policy@Uwindowing_model_policy_properties@?1??__acrt_get_windowing_model_policy@@YA?AW4windowing_model_policy@@XZ@@@YA?AW4windowing_model_policy@@W4AppPolicyWindowingModel@@@Z@4JA 20102efc     libucrt:win_policies.obj
 0003:0005ef0c       ?fSystemSet@@3HA           20102f0c     libucrt:mbctype.obj
 0003:0005ef10       ?initialized@?1??__acrt_initialize_multibyte@@9@4_NA 20102f10     libucrt:mbctype.obj
 0003:0005ef30       ?module_handles@@3PAPAUHINSTANCE__@@A 20102f30     libucrt:winapi_thunks.obj
 0003:0005ef80       ?encoded_function_pointers@@3PAPAXA 20102f80     libucrt:winapi_thunks.obj
 0003:0005f008       ?static_enum_proc@?1??enum_system_locales_ex_nolock@@YAHQ6GHPA_WKJ@Z@Z@4P6GH0KJ@ZA 20103008     libucrt:winapi_thunks.obj
 0003:0005f010       ?__acrt_new_handler@@3V?$dual_state_global@P6AHI@Z@__crt_state_management@@A 20103010     libucrt:new_handler.obj
 0003:0005f014       ?console_ctrl_handler_installed@@3_NA 20103014     libucrt:signal.obj
 0003:0005f018       ?ctrlc_action@@3V?$dual_state_global@P6AXH@Z@__crt_state_management@@A 20103018     libucrt:signal.obj
 0003:0005f01c       ?ctrlbreak_action@@3V?$dual_state_global@P6AXH@Z@__crt_state_management@@A 2010301c     libucrt:signal.obj
 0003:0005f020       ?abort_action@@3V?$dual_state_global@P6AXH@Z@__crt_state_management@@A 20103020     libucrt:signal.obj
 0003:0005f024       ?term_action@@3V?$dual_state_global@P6AXH@Z@__crt_state_management@@A 20103024     libucrt:signal.obj
 0003:0005f028       ?user_matherr@@3V?$dual_state_global@P6AHPAU_exception@@@Z@__crt_state_management@@A 20103028     libucrt:matherr.obj
 0003:0005f034       ?__acrt_global_new_mode@@3V?$dual_state_global@J@__crt_state_management@@A 20103034     libucrt:new_mode.obj
 0003:0005f038       ?mbst@?1??mbrlen@@9@4U_Mbstatet@@A 20103038     libucrt:mbrtowc.obj
 0003:0005f040       ?mbst@?1??mbrtowc@@9@4U_Mbstatet@@A 20103040     libucrt:mbrtowc.obj
 0003:0005f048       ?mbst@?1??_mbsrtowcs_helper@@YAIPA_WPAPBDIPAU_Mbstatet@@@Z@4U2@A 20103048     libucrt:mbrtowc.obj
 0003:0005f054       ?internal_pst@?1??__mbrtoc32_utf8@__crt_mbstring@@YAIPA_UPBDIPAU_Mbstatet@@@Z@4U3@A 20103054     libucrt:mbrtoc32.obj
 0003:0005f05c       ?__acrt_app_type@@3W4_crt_app_type@@A 2010305c     libucrt:report_runtime_error.obj
 0003:0005f060       ?outmsg@?9??__acrt_report_runtime_error@@9@4PA_WA 20103060     libucrt:report_runtime_error.obj
 0003:0005f688       ___acrt_error_mode         20103688     libucrt:set_error_mode.obj
 0004:00000060       $R000000                   201f7060     * linker generated manifest res *
