 qagamex86

 Timestamp is 601ca5c8 (Thu Feb  4 20:56:24 2021)

 Preferred load address is 20000000

 Start         Length     Name                   Class
 0001:00000000 00087b66H .text$mn                CODE
 0001:00087b66 00000047H .text$x                 CODE
 0002:00000000 00000144H .idata$5                DATA
 0002:00000144 00000008H .00cfg                  DATA
 0002:0000014c 00000004H .CRT$XCA                DATA
 0002:00000150 00000004H .CRT$XCZ                DATA
 0002:00000154 00000004H .CRT$XIA                DATA
 0002:00000158 0000000cH .CRT$XIC                DATA
 0002:00000164 00000004H .CRT$XIZ                DATA
 0002:00000168 00000004H .CRT$XPA                DATA
 0002:0000016c 00000008H .CRT$XPX                DATA
 0002:00000174 00000004H .CRT$XPXA               DATA
 0002:00000178 00000004H .CRT$XPZ                DATA
 0002:0000017c 00000004H .CRT$XTA                DATA
 0002:00000180 00000010H .CRT$XTZ                DATA
 0002:00000184 00000000H .gfids$y                DATA
 0002:00000190 0000e4d0H .rdata                  DATA
 0002:0000e660 000002a0H .rdata$r                DATA
 0002:0000e900 0000001cH .rdata$sxdata           DATA
 0002:0000e91c 00000300H .rdata$zzzdbg           DATA
 0002:0000ec1c 00000004H .rtc$IAA                DATA
 0002:0000ec20 00000004H .rtc$IZZ                DATA
 0002:0000ec24 00000004H .rtc$TAA                DATA
 0002:0000ec28 00000008H .rtc$TZZ                DATA
 0002:0000ec30 00000970H .xdata$x                DATA
 0002:0000f5a0 0000005cH .edata                  DATA
 0002:0000f5fc 00000014H .idata$2                DATA
 0002:0000f610 00000014H .idata$3                DATA
 0002:0000f624 00000144H .idata$4                DATA
 0002:0000f768 000005e6H .idata$6                DATA
 0003:00000000 00002470H .data                   DATA
 0003:00002470 00000110H .data$r                 DATA
 0003:00002580 0014c350H .bss                    DATA
 0004:00000000 00000060H .rsrc$01                DATA
 0004:00000060 00000180H .rsrc$02                DATA

  Address         Publics by Value              Rva+Base       Lib:Object

 0000:00000000       ___hybrid_code_map         00000000     <absolute>
 0000:00000000       ___guard_eh_cont_count     00000000     <absolute>
 0000:00000000       ___arm64x_redirection_metadata_count 00000000     <absolute>
 0000:00000000       ___AbsoluteZero            00000000     <absolute>
 0000:00000000       ___arm64x_redirection_metadata 00000000     <absolute>
 0000:00000000       ___hybrid_auxiliary_iat    00000000     <absolute>
 0000:00000000       ___arm64x_extra_rfe_table_size 00000000     <absolute>
 0000:00000000       ___volatile_metadata       00000000     <absolute>
 0000:00000000       ___arm64x_extra_rfe_table  00000000     <absolute>
 0000:00000000       ___guard_fids_table        00000000     <absolute>
 0000:00000000       ___guard_eh_cont_table     00000000     <absolute>
 0000:00000000       ___guard_iat_count         00000000     <absolute>
 0000:00000000       ___x64_code_ranges_to_entry_points 00000000     <absolute>
 0000:00000000       ___dynamic_value_reloc_table 00000000     <absolute>
 0000:00000000       ___guard_longjmp_count     00000000     <absolute>
 0000:00000000       ___hybrid_code_map_count   00000000     <absolute>
 0000:00000000       __except_list              00000000     <absolute>
 0000:00000000       ___guard_iat_table         00000000     <absolute>
 0000:00000000       ___guard_longjmp_table     00000000     <absolute>
 0000:00000000       ___x64_code_ranges_to_entry_points_count 00000000     <absolute>
 0000:00000000       ___arm64x_native_entrypoint 00000000     <absolute>
 0000:00000000       ___guard_fids_count        00000000     <absolute>
 0000:00000000       ___enclave_config          00000000     <absolute>
 0000:00000007       ___safe_se_handler_count   00000007     <absolute>
 0000:00000100       ___guard_flags             00000100     <absolute>
 0000:00000000       ___ImageBase               20000000     <linker-defined>
 0001:00000000       _BotChatTest               20001000 f   ai_chat.obj
 0001:00000970       _BotChatTime               20001970 f   ai_chat.obj
 0001:000009a0       _BotChat_Death             200019a0 f   ai_chat.obj
 0001:00000d30       _BotChat_EndLevel          20001d30 f   ai_chat.obj
 0001:00000f10       _BotChat_EnemySuicide      20001f10 f   ai_chat.obj
 0001:00001060       _BotChat_EnterGame         20002060 f   ai_chat.obj
 0001:000011a0       _BotChat_ExitGame          200021a0 f   ai_chat.obj
 0001:000012d0       _BotChat_HitNoDeath        200022d0 f   ai_chat.obj
 0001:000014a0       _BotChat_HitNoKill         200024a0 f   ai_chat.obj
 0001:00001650       _BotChat_HitTalking        20002650 f   ai_chat.obj
 0001:000017f0       _BotChat_Kill              200027f0 f   ai_chat.obj
 0001:00001a20       _BotChat_Random            20002a20 f   ai_chat.obj
 0001:00001ca0       _BotChat_StartLevel        20002ca0 f   ai_chat.obj
 0001:00001dd0       _BotFirstClientInRankings  20002dd0 f   ai_chat.obj
 0001:00001ee0       _BotIsFirstInRankings      20002ee0 f   ai_chat.obj
 0001:00001ff0       _BotIsLastInRankings       20002ff0 f   ai_chat.obj
 0001:00002100       _BotLastClientInRankings   20003100 f   ai_chat.obj
 0001:00002210       _BotMapTitle               20003210 f   ai_chat.obj
 0001:00002280       _BotNumActivePlayers       20003280 f   ai_chat.obj
 0001:00002350       _BotRandomOpponentName     20003350 f   ai_chat.obj
 0001:000024e0       _BotRandomWeaponName       200034e0 f   ai_chat.obj
 0001:00002570       _BotValidChatPosition      20003570 f   ai_chat.obj
 0001:00002710       _BotVisibleEnemies         20003710 f   ai_chat.obj
 0001:00002810       _BotWeaponNameForMeansOfDeath 20003810 f   ai_chat.obj
 0001:000028c0       _BotAddressedToBot         200038c0 f   ai_cmd.obj
 0001:00002b40       _BotGPSToPosition          20003b40 f   ai_cmd.obj
 0001:00002bf0       _BotGetItemTeamGoal        20003bf0 f   ai_cmd.obj
 0001:00002c40       _BotGetMessageTeamGoal     20003c40 f   ai_cmd.obj
 0001:00002ca0       _BotGetPatrolWaypoints     20003ca0 f   ai_cmd.obj
 0001:00002e80       _BotGetTime                20003e80 f   ai_cmd.obj
 0001:00003000       _BotMatchMessage           20004000 f   ai_cmd.obj
 0001:00003300       _BotMatch_AttackEnemyBase  20004300 f   ai_cmd.obj
 0001:00003400       _BotMatch_CTF              20004400 f   ai_cmd.obj
 0001:00003550       _BotMatch_Camp             20004550 f   ai_cmd.obj
 0001:00003880       _BotMatch_CheckPoint       20004880 f   ai_cmd.obj
 0001:00003ad0       _BotMatch_DefendKeyArea    20004ad0 f   ai_cmd.obj
 0001:00003c20       _BotMatch_Dismiss          20004c20 f   ai_cmd.obj
 0001:00003cd0       _BotMatch_EnterGame        20004cd0 f   ai_cmd.obj
 0001:00003d20       _BotMatch_FormationSpace   20004d20 f   ai_cmd.obj
 0001:00003de0       _BotMatch_GetFlag          20004de0 f   ai_cmd.obj
 0001:00003f00       _BotMatch_GetItem          20004f00 f   ai_cmd.obj
 0001:00004020       _BotMatch_HelpAccompany    20005020 f   ai_cmd.obj
 0001:00004400       _BotMatch_JoinSubteam      20005400 f   ai_cmd.obj
 0001:000044c0       _BotMatch_Kill             200054c0 f   ai_cmd.obj
 0001:000045f0       _BotMatch_LeadTheWay       200055f0 f   ai_cmd.obj
 0001:00004840       _BotMatch_LeaveSubteam     20005840 f   ai_cmd.obj
 0001:000048e0       _BotMatch_NewLeader        200058e0 f   ai_cmd.obj
 0001:00004940       _BotMatch_Patrol           20005940 f   ai_cmd.obj
 0001:00004a70       _BotMatch_ReturnFlag       20005a70 f   ai_cmd.obj
 0001:00004b60       _BotMatch_RushBase         20005b60 f   ai_cmd.obj
 0001:00004c70       _BotMatch_StartTeamLeaderShip 20005c70 f   ai_cmd.obj
 0001:00004d20       _BotMatch_StopTeamLeaderShip 20005d20 f   ai_cmd.obj
 0001:00004df0       _BotMatch_Suicide          20005df0 f   ai_cmd.obj
 0001:00004e80       _BotMatch_TaskPreference   20005e80 f   ai_cmd.obj
 0001:00004fa0       _BotMatch_WhatAreYouDoing  20005fa0 f   ai_cmd.obj
 0001:00005190       _BotMatch_WhatIsMyCommand  20006190 f   ai_cmd.obj
 0001:000051f0       _BotMatch_WhereAreYou      200061f0 f   ai_cmd.obj
 0001:00005470       _BotMatch_WhichTeam        20006470 f   ai_cmd.obj
 0001:000054f0       _BotMatch_WhoIsTeamLeader  200064f0 f   ai_cmd.obj
 0001:00005560       _BotNearestVisibleItem     20006560 f   ai_cmd.obj
 0001:000056e0       _FindClientByName          200066e0 f   ai_cmd.obj
 0001:000057c0       _FindEnemyByName           200067c0 f   ai_cmd.obj
 0001:000058c0       _NumPlayersOnSameTeam      200068c0 f   ai_cmd.obj
 0001:00005970       ___local_stdio_scanf_options 20006970 f i ai_cmd.obj
 0001:00005980       _sscanf                    20006980 f i ai_cmd.obj
 0001:000059b0       _AIEnter_Battle_Chase      200069b0 f   ai_dmnet.obj
 0001:000059f0       _AIEnter_Battle_Fight      200069f0 f   ai_dmnet.obj
 0001:00005a30       _AIEnter_Battle_NBG        20006a30 f   ai_dmnet.obj
 0001:00005a60       _AIEnter_Battle_Retreat    20006a60 f   ai_dmnet.obj
 0001:00005a90       _AIEnter_Battle_SuicidalFight 20006a90 f   ai_dmnet.obj
 0001:00005ad0       _AIEnter_Intermission      20006ad0 f   ai_dmnet.obj
 0001:00005b20       _AIEnter_Observer          20006b20 f   ai_dmnet.obj
 0001:00005b50       _AIEnter_Respawn           20006b50 f   ai_dmnet.obj
 0001:00005c20       _AIEnter_Seek_ActivateEntity 20006c20 f   ai_dmnet.obj
 0001:00005c50       _AIEnter_Seek_LTG          20006c50 f   ai_dmnet.obj
 0001:00005ce0       _AIEnter_Seek_NBG          20006ce0 f   ai_dmnet.obj
 0001:00005d70       _AIEnter_Stand             20006d70 f   ai_dmnet.obj
 0001:00005dc0       _AINode_Battle_Chase       20006dc0 f   ai_dmnet.obj
 0001:00006280       _AINode_Battle_Fight       20007280 f   ai_dmnet.obj
 0001:00006750       _AINode_Battle_NBG         20007750 f   ai_dmnet.obj
 0001:00006bd0       _AINode_Battle_Retreat     20007bd0 f   ai_dmnet.obj
 0001:00007170       _AINode_Intermission       20008170 f   ai_dmnet.obj
 0001:000071e0       _AINode_Observer           200081e0 f   ai_dmnet.obj
 0001:00007210       _AINode_Respawn            20008210 f   ai_dmnet.obj
 0001:000072f0       _AINode_Seek_ActivateEntity 200082f0 f   ai_dmnet.obj
 0001:00007940       _AINode_Seek_LTG           20008940 f   ai_dmnet.obj
 0001:00007f50       _AINode_Seek_NBG           20008f50 f   ai_dmnet.obj
 0001:00008370       _AINode_Stand              20009370 f   ai_dmnet.obj
 0001:00008490       _BotClearPath              20009490 f   ai_dmnet.obj
 0001:000088e0       _BotDumpNodeSwitches       200098e0 f   ai_dmnet.obj
 0001:00008980       _BotGetAirGoal             20009980 f   ai_dmnet.obj
 0001:00008b10       _BotGetItemLongTermGoal    20009b10 f   ai_dmnet.obj
 0001:00008c00       _BotGetLongTermGoal        20009c00 f   ai_dmnet.obj
 0001:0000a5e0       _BotGoForAir               2000b5e0 f   ai_dmnet.obj
 0001:0000a700       _BotLongTermGoal           2000b700 f   ai_dmnet.obj
 0001:0000abc0       _BotNearbyGoal             2000bbc0 f   ai_dmnet.obj
 0001:0000ac60       _BotReachedGoal            2000bc60 f   ai_dmnet.obj
 0001:0000ada0       _BotRecordNodeSwitch       2000bda0 f   ai_dmnet.obj
 0001:0000ae30       _BotResetNodeSwitches      2000be30 f   ai_dmnet.obj
 0001:0000ae40       _BotSelectActivateWeapon   2000be40 f   ai_dmnet.obj
 0001:0000af00       _BotAIBlocked              2000bf00 f   ai_dmq3.obj
 0001:0000b1f0       _BotAIPredictObstacles     2000c1f0 f   ai_dmq3.obj
 0001:0000b350       _BotAggression             2000c350 f   ai_dmq3.obj
 0001:0000b460       _BotAimAtEnemy             2000c460 f   ai_dmq3.obj
 0001:0000c860       _BotAlternateRoute         2000d860 f   ai_dmq3.obj
 0001:0000c900       _BotAttackMove             2000d900 f   ai_dmq3.obj
 0001:0000cf20       _BotBattleUseItems         2000df20 f   ai_dmq3.obj
 0001:0000cf80       _BotCTFCarryingFlag        2000df80 f   ai_dmq3.obj
 0001:0000cfd0       _BotCTFRetreatGoals        2000dfd0 f   ai_dmq3.obj
 0001:0000d040       _BotCTFSeekGoals           2000e040 f   ai_dmq3.obj
 0001:0000d880       _BotCanAndWantsToRocketJump 2000e880 f   ai_dmq3.obj
 0001:0000d910       _BotCheckAir               2000e910 f   ai_dmq3.obj
 0001:0000d950       _BotCheckAttack            2000e950 f   ai_dmq3.obj
 0001:0000de20       _BotCheckConsoleMessages   2000ee20 f   ai_dmq3.obj
 0001:0000e1b0       _BotCheckEvents            2000f1b0 f   ai_dmq3.obj
 0001:0000e560       _BotCheckForGrenades       2000f560 f   ai_dmq3.obj
 0001:0000e5a0       _BotCheckItemPickup        2000f5a0 f   ai_dmq3.obj
 0001:0000e5b0       _BotCheckSnapshot          2000f5b0 f   ai_dmq3.obj
 0001:0000e690       _BotChooseWeapon           2000f690 f   ai_dmq3.obj
 0001:0000e700       _BotClearActivateGoalStack 2000f700 f   ai_dmq3.obj
 0001:0000e730       _BotCreateWayPoint         2000f730 f   ai_dmq3.obj
 0001:0000e7d0       _BotDeathmatchAI           2000f7d0 f   ai_dmq3.obj
 0001:0000eaa0       _BotDontAvoid              2000faa0 f   ai_dmq3.obj
 0001:0000eb10       _BotEnableActivateGoalAreas 2000fb10 f   ai_dmq3.obj
 0001:0000eb70       _BotEnemyFlag              2000fb70 f   ai_dmq3.obj
 0001:0000eba0       _BotEnemyFlagCarrierVisible 2000fba0 f   ai_dmq3.obj
 0001:0000ec80       _BotEntityVisible          2000fc80 f   ai_dmq3.obj
 0001:0000f0d0       _BotFeelingBad             200100d0 f   ai_dmq3.obj
 0001:0000f120       _BotFindEnemy              20010120 f   ai_dmq3.obj
 0001:0000f660       _BotFindWayPoint           20010660 f   ai_dmq3.obj
 0001:0000f6a0       _BotFreeWaypoints          200106a0 f   ai_dmq3.obj
 0001:0000f6d0       _BotFuncButtonActivateGoal 200106d0 f   ai_dmq3.obj
 0001:00010100       _BotFuncDoorActivateGoal   20011100 f   ai_dmq3.obj
 0001:00010270       _BotGetActivateGoal        20011270 f   ai_dmq3.obj
 0001:00010a60       _BotGetAlternateRouteGoal  20011a60 f   ai_dmq3.obj
 0001:00010b70       _BotGoCamp                 20011b70 f   ai_dmq3.obj
 0001:00010c90       _BotGoForActivateGoal      20011c90 f   ai_dmq3.obj
 0001:00010d60       _BotGoForPowerups          20011d60 f   ai_dmq3.obj
 0001:00010db0       _BotGoalForBSPEntity       20011db0 f   ai_dmq3.obj
 0001:00010f30       _BotHasPersistantPowerupAndWeapon 20011f30 f   ai_dmq3.obj
 0001:00011000       _BotInLavaOrSlime          20012000 f   ai_dmq3.obj
 0001:00011060       _BotInitWaypoints          20012060 f   ai_dmq3.obj
 0001:00011080       _BotIntermission           20012080 f   ai_dmq3.obj
 0001:000110b0       _BotIsDead                 200120b0 f   ai_dmq3.obj
 0001:000110d0       _BotIsGoingToActivateEntity 200120d0 f   ai_dmq3.obj
 0001:00011150       _BotIsObserver             20012150 f   ai_dmq3.obj
 0001:000111d0       _BotMapScripts             200121d0 f   ai_dmq3.obj
 0001:00011540       _BotModelMinsMaxs          20012540 f   ai_dmq3.obj
 0001:00011660       _BotOppositeTeam           20012660 f   ai_dmq3.obj
 0001:00011690       _BotPointAreaNum           20012690 f   ai_dmq3.obj
 0001:00011710       _BotPopFromActivateGoalStack 20012710 f   ai_dmq3.obj
 0001:00011770       _BotPrintActivateGoalInfo  20012770 f   ai_dmq3.obj
 0001:00011840       _BotPushOntoActivateGoalStack 20012840 f   ai_dmq3.obj
 0001:00011990       _BotRandomMove             20012990 f   ai_dmq3.obj
 0001:00011a40       _BotRefuseOrder            20012a40 f   ai_dmq3.obj
 0001:00011ab0       _BotRememberLastOrderedTask 20012ab0 f   ai_dmq3.obj
 0001:00011b20       _BotRoamGoal               20012b20 f   ai_dmq3.obj
 0001:00011e80       _BotSameTeam               20012e80 f   ai_dmq3.obj
 0001:00011f50       _BotSetEntityNumForGoal    20012f50 f   ai_dmq3.obj
 0001:00012000       _BotSetEntityNumForGoalWithModel 20013000 f   ai_dmq3.obj
 0001:000120a0       _BotSetLastOrderedTask     200130a0 f   ai_dmq3.obj
 0001:000121f0       _BotSetMovedir             200131f0 f   ai_dmq3.obj
 0001:000122d0       _BotSetTeamStatus          200132d0 f   ai_dmq3.obj
 0001:000122e0       _BotSetTeleportTime        200132e0 f   ai_dmq3.obj
 0001:00012310       _BotSetUserInfo            20013310 f   ai_dmq3.obj
 0001:00012380       _BotSetupAlternativeRouteGoals 20013380 f   ai_dmq3.obj
 0001:000123a0       _BotSetupDeathmatchAI      200133a0 f   ai_dmq3.obj
 0001:00012570       _BotSetupForMovement       20013570 f   ai_dmq3.obj
 0001:00012690       _BotShutdownDeathmatchAI   20013690 f   ai_dmq3.obj
 0001:000126a0       _BotSynonymContext         200136a0 f   ai_dmq3.obj
 0001:000126d0       _BotTeam                   200136d0 f   ai_dmq3.obj
 0001:00012770       _BotTeamFlag               20013770 f   ai_dmq3.obj
 0001:000127a0       _BotTeamFlagCarrier        200137a0 f   ai_dmq3.obj
 0001:00012840       _BotTeamFlagCarrierVisible 20013840 f   ai_dmq3.obj
 0001:00012920       _BotTeamGoals              20013920 f   ai_dmq3.obj
 0001:00012980       _BotTriggerMultipleActivateGoal 20013980 f   ai_dmq3.obj
 0001:00012be0       _BotUpdateBattleInventory  20013be0 f   ai_dmq3.obj
 0001:00012c90       _BotUpdateInventory        20013c90 f   ai_dmq3.obj
 0001:00012e50       _BotVisibleTeamMatesAndEnemies 20013e50 f   ai_dmq3.obj
 0001:00012fa0       _BotWantsToCamp            20013fa0 f   ai_dmq3.obj
 0001:000131b0       _BotWantsToChase           200141b0 f   ai_dmq3.obj
 0001:00013250       _BotWantsToHelp            20014250 f   ai_dmq3.obj
 0001:00013260       _BotWantsToRetreat         20014260 f   ai_dmq3.obj
 0001:00013310       _ClientFromName            20014310 f   ai_dmq3.obj
 0001:000133d0       _ClientName                200143d0 f   ai_dmq3.obj
 0001:00013480       _ClientOnSameTeamFromName  20014480 f   ai_dmq3.obj
 0001:00013550       _ClientSkin                20014550 f   ai_dmq3.obj
 0001:000135f0       _EasyClientName            200145f0 f   ai_dmq3.obj
 0001:00013810       _EntityCarriesFlag         20014810 f   ai_dmq3.obj
 0001:00013830       _EntityHasQuad             20014830 f   ai_dmq3.obj
 0001:00013850       _EntityIsChatting          20014850 f   ai_dmq3.obj
 0001:00013870       _EntityIsDead              20014870 f   ai_dmq3.obj
 0001:000138d0       _EntityIsInvisible         200148d0 f   ai_dmq3.obj
 0001:00013900       _EntityIsShooting          20014900 f   ai_dmq3.obj
 0001:00013920       _InFieldOfVision           20014920 f   ai_dmq3.obj
 0001:00013a10       _TeamPlayIsOn              20014a10 f   ai_dmq3.obj
 0001:00013a20       _stristr                   20014a20 f   ai_dmq3.obj
 0001:00013ab0       _AngleDifference           20014ab0 f   ai_main.obj
 0001:00013b20       _BotAI                     20014b20 f   ai_main.obj
 0001:00013ea0       _BotAILoadMap              20014ea0 f   ai_main.obj
 0001:00013f30       _BotAIRegularUpdate        20014f30 f   ai_main.obj
 0001:00013f80       _BotAISetup                20014f80 f   ai_main.obj
 0001:000140e0       _BotAISetupClient          200150e0 f   ai_main.obj
 0001:00014460       _BotAIShutdown             20015460 f   ai_main.obj
 0001:000144b0       _BotAIShutdownClient       200154b0 f   ai_main.obj
 0001:00014580       _BotAIStartFrame           20015580 f   ai_main.obj
 0001:00014a30       _BotAI_BotInitialChat      20015a30 f   ai_main.obj
 0001:00014ab0       _BotAI_GetClientState      20015ab0 f   ai_main.obj
 0001:00014af0       _BotAI_GetEntityState      20015af0 f   ai_main.obj
 0001:00014b50       _BotAI_GetSnapshotEntity   20015b50 f   ai_main.obj
 0001:00014ba0       _BotAI_Print               20015ba0 f   ai_main.obj
 0001:00014cd0       _BotAI_Trace               20015cd0 f   ai_main.obj
 0001:00014d70       _BotChangeViewAngle        20015d70 f   ai_main.obj
 0001:00014e40       _BotChangeViewAngles       20015e40 f   ai_main.obj
 0001:000150a0       _BotEntityInfo             200160a0 f   ai_main.obj
 0001:000150b0       _BotInitLibrary            200160b0 f   ai_main.obj
 0001:00015560       _BotInputToUserCommand     20016560 f   ai_main.obj
 0001:00015840       _BotInterbreedBots         20016840 f   ai_main.obj
 0001:00015970       _BotInterbreedEndMatch     20016970 f   ai_main.obj
 0001:000159e0       _BotInterbreeding          200169e0 f   ai_main.obj
 0001:00015ae0       _BotReadSessionData        20016ae0 f   ai_main.obj
 0001:00015bb0       _BotReportStatus           20016bb0 f   ai_main.obj
 0001:00015ed0       _BotResetState             20016ed0 f   ai_main.obj
 0001:00016090       _BotScheduleBotThink       20017090 f   ai_main.obj
 0001:000160d0       _BotSetInfoConfigString    200170d0 f   ai_main.obj
 0001:00016340       _BotTeamLeader             20017340 f   ai_main.obj
 0001:00016380       _BotTeamplayReport         20017380 f   ai_main.obj
 0001:00016540       _BotTestAAS                20017540 f   ai_main.obj
 0001:00016620       _BotUpdateInfoConfigStrings 20017620 f   ai_main.obj
 0001:000166e0       _BotUpdateInput            200176e0 f   ai_main.obj
 0001:00016820       _BotWriteInterbreeded      20017820 f   ai_main.obj
 0001:000168a0       _BotWriteSessionData       200178a0 f   ai_main.obj
 0001:000169a0       _NumBots                   200179a0 f   ai_main.obj
 0001:000169b0       _RemoveColorEscapeSequences 200179b0 f   ai_main.obj
 0001:00016a00       ___local_stdio_printf_options 20017a00 f i ai_main.obj
 0001:00016a10       _BotCTFOrders              20017a10 f   ai_team.obj
 0001:00016a90       _BotCTFOrders_BothFlagsAtBase 20017a90 f   ai_team.obj
 0001:00016e70       _BotCTFOrders_BothFlagsNotAtBase 20017e70 f   ai_team.obj
 0001:000171c0       _BotCTFOrders_EnemyFlagNotAtBase 200181c0 f   ai_team.obj
 0001:000174e0       _BotCTFOrders_FlagNotAtBase 200184e0 f   ai_team.obj
 0001:000178a0       _BotClientTravelTimeToGoal 200188a0 f   ai_team.obj
 0001:00017920       _BotCreateGroup            20018920 f   ai_team.obj
 0001:000179c0       _BotGetTeamMateTaskPreference 200189c0 f   ai_team.obj
 0001:00017a30       _BotNumTeamMates           20018a30 f   ai_team.obj
 0001:00017b20       _BotSayTeamOrder           20018b20 f   ai_team.obj
 0001:00017b30       _BotSayTeamOrderAlways     20018b30 f   ai_team.obj
 0001:00017be0       _BotSayVoiceTeamOrder      20018be0 f   ai_team.obj
 0001:00017bf0       _BotSetTeamMateTaskPreference 20018bf0 f   ai_team.obj
 0001:00017c50       _BotSortTeamMatesByBaseTravelTime 20018c50 f   ai_team.obj
 0001:00017e60       _BotSortTeamMatesByTaskPreference 20018e60 f   ai_team.obj
 0001:00017f70       _BotTeamAI                 20018f70 f   ai_team.obj
 0001:00018370       _BotTeamOrders             20019370 f   ai_team.obj
 0001:00018540       _BotValidTeamLeader        20019540 f   ai_team.obj
 0001:00018580       _BotVoiceChat              20019580 f   ai_team.obj
 0001:00018590       _BotVoiceChatOnly          20019590 f   ai_team.obj
 0001:000185a0       _FindHumanTeamLeader       200195a0 f   ai_team.obj
 0001:00018620       _BotVoiceChat_Defend       20019620 f   ai_vcmd.obj
 0001:00018750       _BotVoiceChat_GetFlag      20019750 f   ai_vcmd.obj
 0001:00018820       _BotVoiceChat_Offense      20019820 f   ai_vcmd.obj
 0001:000188d0       _BotVoiceChat_DefendFlag   200198d0 f   ai_vcmd.obj
 0001:000188e0       _BotVoiceChat_Patrol       200198e0 f   ai_vcmd.obj
 0001:00018950       _BotVoiceChat_Camp         20019950 f   ai_vcmd.obj
 0001:00018b10       _BotVoiceChat_FollowMe     20019b10 f   ai_vcmd.obj
 0001:00018ce0       _BotVoiceChat_FollowFlagCarrier 20019ce0 f   ai_vcmd.obj
 0001:00018d10       _BotVoiceChat_ReturnFlag   20019d10 f   ai_vcmd.obj
 0001:00018db0       _BotVoiceChat_StartLeader  20019db0 f   ai_vcmd.obj
 0001:00018dd0       _BotVoiceChat_StopLeader   20019dd0 f   ai_vcmd.obj
 0001:00018e30       _BotVoiceChat_WhoIsLeader  20019e30 f   ai_vcmd.obj
 0001:00018ec0       _BotVoiceChat_WantOnDefense 20019ec0 f   ai_vcmd.obj
 0001:00018f50       _BotVoiceChat_WantOnOffense 20019f50 f   ai_vcmd.obj
 0001:00018fe0       _BotVoiceChat_Dummy        20019fe0 f   ai_vcmd.obj
 0001:00018ff0       _BotVoiceChatCommand       20019ff0 f   ai_vcmd.obj
 0001:00019160       _BG_AddPredictableEventToPlayerstate 2001a160 f   bg_misc.obj
 0001:00019190       _BG_CanItemBeGrabbed       2001a190 f   bg_misc.obj
 0001:00019310       _BG_EvaluateTrajectory     2001a310 f   bg_misc.obj
 0001:000194a0       _BG_EvaluateTrajectoryDelta 2001a4a0 f   bg_misc.obj
 0001:00019610       _BG_FindItem               2001a610 f   bg_misc.obj
 0001:00019650       _BG_FindItemForHoldable    2001a650 f   bg_misc.obj
 0001:000196a0       _BG_FindItemForPowerup     2001a6a0 f   bg_misc.obj
 0001:000196f0       _BG_FindItemForWeapon      2001a6f0 f   bg_misc.obj
 0001:00019730       _BG_PlayerStateToEntityState 2001a730 f   bg_misc.obj
 0001:000199a0       _BG_PlayerStateToEntityStateExtraPolate 2001a9a0 f   bg_misc.obj
 0001:00019c20       _BG_PlayerTouchesItem      2001ac20 f   bg_misc.obj
 0001:00019cb0       _BG_TouchJumpPad           2001acb0 f   bg_misc.obj
 0001:00019e10       _PM_AddEvent               2001ae10 f   bg_pmove.obj
 0001:00019e30       _PM_AddTouchEnt            2001ae30 f   bg_pmove.obj
 0001:0001a4f0       _PM_ClipVelocity           2001b4f0 f   bg_pmove.obj
 0001:0001bbb0       _PM_UpdateViewAngles       2001cbb0 f   bg_pmove.obj
 0001:0001c600       _Pmove                     2001d600 f   bg_pmove.obj
 0001:0001c690       _PmoveSingle               2001d690 f   bg_pmove.obj
 0001:0001ca10       _PM_SlideMove              2001da10 f   bg_slidemove.obj
 0001:0001d210       _PM_StepSlideMove          2001e210 f   bg_slidemove.obj
 0001:0001d540       _ClientEndFrame            2001e540 f   g_active.obj
 0001:0001d690       _ClientEvents              2001e690 f   g_active.obj
 0001:0001d880       _ClientImpacts             2001e880 f   g_active.obj
 0001:0001d950       _ClientInactivityTimer     2001e950 f   g_active.obj
 0001:0001da60       _ClientIntermissionThink   2001ea60 f   g_active.obj
 0001:0001daa0       _ClientThink               2001eaa0 f   g_active.obj
 0001:0001db00       _ClientThink_real          2001eb00 f   g_active.obj
 0001:0001dfc0       _ClientTimerActions        2001efc0 f   g_active.obj
 0001:0001e0c0       _G_RunClient               2001f0c0 f   g_active.obj
 0001:0001e100       _G_SetClientSound          2001f100 f   g_active.obj
 0001:0001e140       _G_TouchTriggers           2001f140 f   g_active.obj
 0001:0001e3a0       _P_DamageFeedback          2001f3a0 f   g_active.obj
 0001:0001e4f0       _P_WorldEffects            2001f4f0 f   g_active.obj
 0001:0001e6a0       _SendPendingPredictableEvents 2001f6a0 f   g_active.obj
 0001:0001e740       _SpectatorClientEndFrame   2001f740 f   g_active.obj
 0001:0001e830       _SpectatorThink            2001f830 f   g_active.obj
 0001:0001f130       _SpawnModelsOnVictoryPads  20020130 f   g_arenas.obj
 0001:0001f400       _Svcmd_AbortPodium_f       20020400 f   g_arenas.obj
 0001:0001f430       _UpdateTournamentInfo      20020430 f   g_arenas.obj
 0001:0001fa40       _G_AddRandomBot            20020a40 f   g_bot.obj
 0001:0001fcc0       _G_BotConnect              20020cc0 f   g_bot.obj
 0001:0001fdb0       _G_CheckBotSpawn           20020db0 f   g_bot.obj
 0001:0001fe40       _G_CheckMinimumPlayers     20020e40 f   g_bot.obj
 0001:0001ffb0       _G_CountBotPlayers         20020fb0 f   g_bot.obj
 0001:00020050       _G_CountHumanPlayers       20021050 f   g_bot.obj
 0001:000200b0       _G_GetArenaInfoByMap       200210b0 f   g_bot.obj
 0001:00020100       _G_GetBotInfoByName        20021100 f   g_bot.obj
 0001:00020150       _G_GetBotInfoByNumber      20021150 f   g_bot.obj
 0001:00020190       _G_InitBots                20021190 f   g_bot.obj
 0001:000207d0       _G_ParseInfos              200217d0 f   g_bot.obj
 0001:000209f0       _G_RemoveQueuedBotBegin    200219f0 f   g_bot.obj
 0001:00020a20       _G_RemoveRandomBot         20021a20 f   g_bot.obj
 0001:00020cc0       _Svcmd_AddBot_f            20021cc0 f   g_bot.obj
 0001:00020e40       _Svcmd_BotList_f           20021e40 f   g_bot.obj
 0001:00021000       _trap_Cvar_VariableValue   20022000 f   g_bot.obj
 0001:00021060       _BodySink                  20022060 f   g_client.obj
 0001:000210b0       _ClientBegin               200220b0 f   g_client.obj
 0001:00021280       _ClientConnect             20022280 f   g_client.obj
 0001:000214b0       _ClientDisconnect          200224b0 f   g_client.obj
 0001:00021670       _ClientSpawn               20022670 f   g_client.obj
 0001:00021d00       _ClientUserinfoChanged     20022d00 f   g_client.obj
 0001:000221e0       _CopyToBodyQue             200231e0 f   g_client.obj
 0001:00022460       _InitBodyQue               20023460 f   g_client.obj
 0001:000224a0       _PickTeam                  200234a0 f   g_client.obj
 0001:000224e0       _SP_info_player_deathmatch 200234e0 f   g_client.obj
 0001:00022540       _SP_info_player_intermission 20023540 f   g_client.obj
 0001:00022550       _SP_info_player_start      20023550 f   g_client.obj
 0001:00022570       _SelectInitialSpawnPoint   20023570 f   g_client.obj
 0001:00022610       _SelectNearestDeathmatchSpawnPoint 20023610 f   g_client.obj
 0001:000226f0       _SelectRandomDeathmatchSpawnPoint 200236f0 f   g_client.obj
 0001:000227a0       _SelectRandomFurthestSpawnPoint 200237a0 f   g_client.obj
 0001:00022a80       _SelectSpawnPoint          20023a80 f   g_client.obj
 0001:00022a90       _SelectSpectatorSpawnPoint 20023a90 f   g_client.obj
 0001:00022af0       _SetClientViewAngle        20023af0 f   g_client.obj
 0001:00022bb0       _SpotWouldTelefrag         20023bb0 f   g_client.obj
 0001:00022c90       _TeamCount                 20023c90 f   g_client.obj
 0001:00022ce0       _TeamLeader                20023ce0 f   g_client.obj
 0001:00022d30       _respawn                   20023d30 f   g_client.obj
 0001:00022d70       _BroadcastTeamChange       20023d70 f   g_cmds.obj
 0001:00022de0       _CheatsOk                  20023de0 f   g_cmds.obj
 0001:00022e70       _ClientCommand             20023e70 f   g_cmds.obj
 0001:000234d0       _ClientNumberFromString    200244d0 f   g_cmds.obj
 0001:00023660       _Cmd_CallTeamVote_f        20024660 f   g_cmds.obj
 0001:00023be0       _Cmd_CallVote_f            20024be0 f   g_cmds.obj
 0001:00024130       _Cmd_FollowCycle_f         20025130 f   g_cmds.obj
 0001:00024210       _Cmd_Follow_f              20025210 f   g_cmds.obj
 0001:00024310       _Cmd_GameCommand_f         20025310 f   g_cmds.obj
 0001:000243c0       _Cmd_Give_f                200253c0 f   g_cmds.obj
 0001:00024690       _Cmd_God_f                 20025690 f   g_cmds.obj
 0001:000246f0       _Cmd_Kill_f                200256f0 f   g_cmds.obj
 0001:00024740       _Cmd_LevelShot_f           20025740 f   g_cmds.obj
 0001:000247a0       _Cmd_Noclip_f              200257a0 f   g_cmds.obj
 0001:00024810       _Cmd_Notarget_f            20025810 f   g_cmds.obj
 0001:000248b0       _Cmd_Score_f               200258b0 f   g_cmds.obj
 0001:000248c0       _Cmd_SetViewpos_f          200258c0 f   g_cmds.obj
 0001:000249d0       _Cmd_Stats_f               200259d0 f   g_cmds.obj
 0001:000249e0       _Cmd_TeamTask_f            200259e0 f   g_cmds.obj
 0001:00024aa0       _Cmd_TeamVote_f            20025aa0 f   g_cmds.obj
 0001:00024c20       _Cmd_Team_f                20025c20 f   g_cmds.obj
 0001:00025120       _Cmd_Vote_f                20026120 f   g_cmds.obj
 0001:00025250       _Cmd_Where_f               20026250 f   g_cmds.obj
 0001:00025290       _ConcatArgs                20026290 f   g_cmds.obj
 0001:00025360       _DeathmatchScoreboardMessage 20026360 f   g_cmds.obj
 0001:00025540       _G_Say                     20026540 f   g_cmds.obj
 0001:00025890       _G_Voice                   20026890 f   g_cmds.obj
 0001:000259e0       _SanitizeString            200269e0 f   g_cmds.obj
 0001:00025a30       _SetTeam                   20026a30 f   g_cmds.obj
 0001:00025db0       _StopFollowing             20026db0 f   g_cmds.obj
 0001:00025e20       _AddScore                  20026e20 f   g_combat.obj
 0001:00025e90       _CanDamage                 20026e90 f   g_combat.obj
 0001:00026130       _CheckAlmostCapture        20027130 f   g_combat.obj
 0001:00026240       _CheckAlmostScored         20027240 f   g_combat.obj
 0001:00026310       _CheckArmor                20027310 f   g_combat.obj
 0001:00026390       _G_Damage                  20027390 f   g_combat.obj
 0001:000267d0       _G_RadiusDamage            200277d0 f   g_combat.obj
 0001:00026aa0       _GibEntity                 20027aa0 f   g_combat.obj
 0001:00026b50       _LookAtKiller              20027b50 f   g_combat.obj
 0001:00026c00       _RaySphereIntersections    20027c00 f   g_combat.obj
 0001:00026df0       _ScorePlum                 20027df0 f   g_combat.obj
 0001:00026e30       _TossClientItems           20027e30 f   g_combat.obj
 0001:00026f70       _body_die                  20027f70 f   g_combat.obj
 0001:00026fb0       _player_die                20027fb0 f   g_combat.obj
 0001:000274c0       _Add_Ammo                  200284c0 f   g_items.obj
 0001:00027500       _ClearRegisteredItems      20028500 f   g_items.obj
 0001:00027530       _Drop_Item                 20028530 f   g_items.obj
 0001:00027620       _FinishSpawningItem        20028620 f   g_items.obj
 0001:00027860       _G_BounceItem              20028860 f   g_items.obj
 0001:00027a20       _G_CheckTeamItems          20028a20 f   g_items.obj
 0001:00027ac0       _G_ItemDisabled            20028ac0 f   g_items.obj
 0001:00027b10       _G_RunItem                 20028b10 f   g_items.obj
 0001:00027c70       _G_SpawnItem               20028c70 f   g_items.obj
 0001:00027d20       _LaunchItem                20028d20 f   g_items.obj
 0001:00027e60       _Pickup_Ammo               20028e60 f   g_items.obj
 0001:00027e90       _Pickup_Armor              20028e90 f   g_items.obj
 0001:00027ee0       _Pickup_Health             20028ee0 f   g_items.obj
 0001:00027f60       _Pickup_Holdable           20028f60 f   g_items.obj
 0001:00027fd0       _Pickup_Powerup            20028fd0 f   g_items.obj
 0001:000281d0       _Pickup_Weapon             200291d0 f   g_items.obj
 0001:000282a0       _RegisterItem              200292a0 f   g_items.obj
 0001:000282e0       _RespawnItem               200292e0 f   g_items.obj
 0001:00028420       _SaveRegisteredItems       20029420 f   g_items.obj
 0001:000284b0       _Touch_Item                200294b0 f   g_items.obj
 0001:00028750       _Use_Item                  20029750 f   g_items.obj
 0001:00028760       _AddTournamentPlayer       20029760 f   g_main.obj
 0001:00028820       _AdjustTournamentScores    20029820 f   g_main.obj
 0001:00028880       _BeginIntermission         20029880 f   g_main.obj
 0001:00028910       _CalculateRanks            20029910 f   g_main.obj
 0001:00028c20       _CheckCvars                20029c20 f   g_main.obj
 0001:00028c80       _CheckExitRules            20029c80 f   g_main.obj
 0001:00028e30       _CheckIntermissionExit     20029e30 f   g_main.obj
 0001:00028f50       _CheckTeamLeader           20029f50 f   g_main.obj
 0001:00029010       _CheckTeamVote             2002a010 f   g_main.obj
 0001:00029140       _CheckTournament           2002a140 f   g_main.obj
 0001:00029360       _CheckVote                 2002a360 f   g_main.obj
 0001:00029410       _Com_Error                 2002a410 f   g_main.obj
 0001:00029470       _Com_Printf                2002a470 f   g_main.obj
 0001:000294d0       _ExitLevel                 2002a4d0 f   g_main.obj
 0001:000295e0       _FindIntermissionPoint     2002a5e0 f   g_main.obj
 0001:000296f0       _G_Error                   2002a6f0 f   g_main.obj
 0001:00029750       _G_FindTeams               2002a750 f   g_main.obj
 0001:000298c0       _G_InitGame                2002a8c0 f   g_main.obj
 0001:00029c20       _G_LogPrintf               2002ac20 f   g_main.obj
 0001:00029d20       _G_Printf                  2002ad20 f   g_main.obj
 0001:00029d80       _G_RegisterCvars           2002ad80 f   g_main.obj
 0001:00029e00       _G_RemapTeamShaders        2002ae00 f   g_main.obj
 0001:00029e10       _G_RunFrame                2002ae10 f   g_main.obj
 0001:0002a020       _G_RunThink                2002b020 f   g_main.obj
 0001:0002a080       _G_ShutdownGame            2002b080 f   g_main.obj
 0001:0002a0e0       _G_UpdateCvars             2002b0e0 f   g_main.obj
 0001:0002a140       _LogExit                   2002b140 f   g_main.obj
 0001:0002a210       _MoveClientToIntermission  2002b210 f   g_main.obj
 0001:0002a340       _PrintTeam                 2002b340 f   g_main.obj
 0001:0002a3a0       _RemoveTournamentLoser     2002b3a0 f   g_main.obj
 0001:0002a3e0       _RemoveTournamentWinner    2002b3e0 f   g_main.obj
 0001:0002a420       _ScoreIsTied               2002b420 f   g_main.obj
 0001:0002a480       _SendScoreboardMessageToAllClients 2002b480 f   g_main.obj
 0001:0002a4e0       _SetLeader                 2002b4e0 f   g_main.obj
 0001:0002a5b0       _SortRanks                 2002b5b0 f   g_main.obj
 0001:0002a660       _vmMain                    2002b660 f   g_main.obj
 0001:0002a750       _G_Alloc                   2002b750 f   g_mem.obj
 0001:0002a7c0       _G_InitMemory              2002b7c0 f   g_mem.obj
 0001:0002a7d0       _Svcmd_GameMem_f           2002b7d0 f   g_mem.obj
 0001:0002a7f0       _InitShooter               2002b7f0 f   g_misc.obj
 0001:0002a8e0       _SP_info_camp              2002b8e0 f   g_misc.obj
 0001:0002a900       _SP_info_notnull           2002b900 f   g_misc.obj
 0001:0002a920       _SP_info_null              2002b920 f   g_misc.obj
 0001:0002a930       _SP_light                  2002b930 f   g_misc.obj
 0001:0002a940       _SP_misc_model             2002b940 f   g_misc.obj
 0001:0002a950       _SP_misc_portal_camera     2002b950 f   g_misc.obj
 0001:0002a9e0       _SP_misc_portal_surface    2002b9e0 f   g_misc.obj
 0001:0002aa80       _SP_misc_teleporter_dest   2002ba80 f   g_misc.obj
 0001:0002aa90       _SP_shooter_grenade        2002ba90 f   g_misc.obj
 0001:0002aab0       _SP_shooter_plasma         2002bab0 f   g_misc.obj
 0001:0002aad0       _SP_shooter_rocket         2002bad0 f   g_misc.obj
 0001:0002aaf0       _TeleportPlayer            2002baf0 f   g_misc.obj
 0001:0002ac60       _Use_Shooter               2002bc60 f   g_misc.obj
 0001:0002aeb0       _locateCamera              2002beb0 f   g_misc.obj
 0001:0002afe0       _G_BounceMissile           2002bfe0 f   g_missile.obj
 0001:0002b1c0       _G_ExplodeMissile          2002c1c0 f   g_missile.obj
 0001:0002b2e0       _G_MissileImpact           2002c2e0 f   g_missile.obj
 0001:0002b770       _G_RunMissile              2002c770 f   g_missile.obj
 0001:0002b8d0       _fire_bfg                  2002c8d0 f   g_missile.obj
 0001:0002ba30       _fire_grapple              2002ca30 f   g_missile.obj
 0001:0002bb70       _fire_grenade              2002cb70 f   g_missile.obj
 0001:0002bcd0       _fire_plasma               2002ccd0 f   g_missile.obj
 0001:0002be30       _fire_rocket               2002ce30 f   g_missile.obj
 0001:0002bf90       _Blocked_Door              2002cf90 f   g_mover.obj
 0001:0002c010       _G_CheckProxMinePosition   2002d010 f   g_mover.obj
 0001:0002c120       _G_CreateRotationMatrix    2002d120 f   g_mover.obj
 0001:0002c170       _G_MoverPush               2002d170 f   g_mover.obj
 0001:0002c6c0       _G_MoverTeam               2002d6c0 f   g_mover.obj
 0001:0002c870       _G_RotatePoint             2002d870 f   g_mover.obj
 0001:0002c900       _G_RunMover                2002d900 f   g_mover.obj
 0001:0002c940       _G_TestEntityPosition      2002d940 f   g_mover.obj
 0001:0002c9d0       _G_TransposeMatrix         2002d9d0 f   g_mover.obj
 0001:0002ca10       _G_TryPushingEntity        2002da10 f   g_mover.obj
 0001:0002cdd0       _G_TryPushingProxMine      2002ddd0 f   g_mover.obj
 0001:0002cf70       _InitMover                 2002df70 f   g_mover.obj
 0001:0002d200       _MatchTeam                 2002e200 f   g_mover.obj
 0001:0002d230       _Reached_BinaryMover       2002e230 f   g_mover.obj
 0001:0002d320       _Reached_Train             2002e320 f   g_mover.obj
 0001:0002d4b0       _ReturnToPos1              2002e4b0 f   g_mover.obj
 0001:0002d4f0       _SP_func_bobbing           2002e4f0 f   g_mover.obj
 0001:0002d600       _SP_func_button            2002e600 f   g_mover.obj
 0001:0002d7a0       _SP_func_door              2002e7a0 f   g_mover.obj
 0001:0002da00       _SP_func_pendulum          2002ea00 f   g_mover.obj
 0001:0002db40       _SP_func_plat              2002eb40 f   g_mover.obj
 0001:0002dcb0       _SP_func_rotating          2002ecb0 f   g_mover.obj
 0001:0002dd90       _SP_func_static            2002ed90 f   g_mover.obj
 0001:0002ddf0       _SP_func_train             2002edf0 f   g_mover.obj
 0001:0002dec0       _SP_path_corner            2002eec0 f   g_mover.obj
 0001:0002def0       _SetMoverState             2002eef0 f   g_mover.obj
 0001:0002e090       _SpawnPlatTrigger          2002f090 f   g_mover.obj
 0001:0002e220       _Think_BeginMoving         2002f220 f   g_mover.obj
 0001:0002e240       _Think_MatchTeam           2002f240 f   g_mover.obj
 0001:0002e260       _Think_SetupTrainTargets   2002f260 f   g_mover.obj
 0001:0002e370       _Think_SpawnNewDoorTrigger 2002f370 f   g_mover.obj
 0001:0002e560       _Touch_Button              2002f560 f   g_mover.obj
 0001:0002e590       _Touch_DoorTrigger         2002f590 f   g_mover.obj
 0001:0002e750       _Touch_Plat                2002f750 f   g_mover.obj
 0001:0002e790       _Touch_PlatCenterTrigger   2002f790 f   g_mover.obj
 0001:0002e7d0       _Use_BinaryMover           2002f7d0 f   g_mover.obj
 0001:0002e910       _G_InitSessionData         2002f910 f   g_session.obj
 0001:0002e9d0       _G_InitWorldSession        2002f9d0 f   g_session.obj
 0001:0002ea40       _G_ReadSessionData         2002fa40 f   g_session.obj
 0001:0002eb10       _G_WriteClientSessionData  2002fb10 f   g_session.obj
 0001:0002eb80       _G_WriteSessionData        2002fb80 f   g_session.obj
 0001:0002ebe0       _SP_item_botroam           2002fbe0 f   g_spawn.obj
 0001:0002ebf0       _G_AddSpawnVarToken        2002fbf0 f   g_spawn.obj
 0001:0002ec60       _G_CallSpawn               2002fc60 f   g_spawn.obj
 0001:0002ed50       _G_NewString               2002fd50 f   g_spawn.obj
 0001:0002edc0       _G_ParseField              2002fdc0 f   g_spawn.obj
 0001:0002ef50       _G_ParseSpawnVars          2002ff50 f   g_spawn.obj
 0001:0002f0a0       _G_SpawnEntitiesFromString 200300a0 f   g_spawn.obj
 0001:0002f100       _G_SpawnFloat              20030100 f   g_spawn.obj
 0001:0002f130       _G_SpawnGEntityFromSpawnVars 20030130 f   g_spawn.obj
 0001:0002f290       _G_SpawnInt                20030290 f   g_spawn.obj
 0001:0002f2c0       _G_SpawnString             200302c0 f   g_spawn.obj
 0001:0002f330       _G_SpawnVector             20030330 f   g_spawn.obj
 0001:0002f370       _SP_worldspawn             20030370 f   g_spawn.obj
 0001:0002f570       _ClientForString           20030570 f   g_svcmds.obj
 0001:0002f650       _ConsoleCommand            20030650 f   g_svcmds.obj
 0001:0002f8a0       _G_FilterPacket            200308a0 f   g_svcmds.obj
 0001:0002f950       _G_ProcessIPBans           20030950 f   g_svcmds.obj
 0001:0002fae0       _Svcmd_AddIP_f             20030ae0 f   g_svcmds.obj
 0001:0002fb50       _Svcmd_EntityList_f        20030b50 f   g_svcmds.obj
 0001:0002fce0       _Svcmd_ForceTeam_f         20030ce0 f   g_svcmds.obj
 0001:0002fd70       _Svcmd_RemoveIP_f          20030d70 f   g_svcmds.obj
 0001:0002ffb0       _PASSFLOAT                 20030fb0 f   g_syscalls.obj
 0001:0002ffd0       _dllEntry                  20030fd0 f   g_syscalls.obj
 0001:0002ffe0       _trap_AAS_AlternativeRouteGoals 20030fe0 f   g_syscalls.obj
 0001:00030010       _trap_AAS_AreaInfo         20031010 f   g_syscalls.obj
 0001:00030030       _trap_AAS_AreaReachability 20031030 f   g_syscalls.obj
 0001:00030050       _trap_AAS_AreaTravelTimeToGoalArea 20031050 f   g_syscalls.obj
 0001:00030070       _trap_AAS_BBoxAreas        20031070 f   g_syscalls.obj
 0001:00030090       _trap_AAS_EnableRoutingArea 20031090 f   g_syscalls.obj
 0001:000300b0       _trap_AAS_EntityInfo       200310b0 f   g_syscalls.obj
 0001:000300d0       _trap_AAS_FloatForBSPEpairKey 200310d0 f   g_syscalls.obj
 0001:000300f0       _trap_AAS_Initialized      200310f0 f   g_syscalls.obj
 0001:00030100       _trap_AAS_IntForBSPEpairKey 20031100 f   g_syscalls.obj
 0001:00030120       _trap_AAS_NextBSPEntity    20031120 f   g_syscalls.obj
 0001:00030140       _trap_AAS_PointAreaNum     20031140 f   g_syscalls.obj
 0001:00030160       _trap_AAS_PointContents    20031160 f   g_syscalls.obj
 0001:00030180       _trap_AAS_PointReachabilityAreaIndex 20031180 f   g_syscalls.obj
 0001:000301a0       _trap_AAS_PredictClientMovement 200311a0 f   g_syscalls.obj
 0001:000301f0       _trap_AAS_PredictRoute     200311f0 f   g_syscalls.obj
 0001:00030230       _trap_AAS_PresenceTypeBoundingBox 20031230 f   g_syscalls.obj
 0001:00030250       _trap_AAS_Swimming         20031250 f   g_syscalls.obj
 0001:00030270       _trap_AAS_Time             20031270 f   g_syscalls.obj
 0001:00030290       _trap_AAS_TraceAreas       20031290 f   g_syscalls.obj
 0001:000302c0       _trap_AAS_ValueForBSPEpairKey 200312c0 f   g_syscalls.obj
 0001:000302e0       _trap_AAS_VectorForBSPEpairKey 200312e0 f   g_syscalls.obj
 0001:00030300       _trap_AdjustAreaPortalState 20031300 f   g_syscalls.obj
 0001:00030320       _trap_AreasConnected       20031320 f   g_syscalls.obj
 0001:00030340       _trap_Argc                 20031340 f   g_syscalls.obj
 0001:00030350       _trap_Argv                 20031350 f   g_syscalls.obj
 0001:00030370       _trap_BotAddAvoidSpot      20031370 f   g_syscalls.obj
 0001:000303a0       _trap_BotAllocChatState    200313a0 f   g_syscalls.obj
 0001:000303b0       _trap_BotAllocGoalState    200313b0 f   g_syscalls.obj
 0001:000303d0       _trap_BotAllocMoveState    200313d0 f   g_syscalls.obj
 0001:000303e0       _trap_BotAllocWeaponState  200313e0 f   g_syscalls.obj
 0001:000303f0       _trap_BotAllocateClient    200313f0 f   g_syscalls.obj
 0001:00030400       _trap_BotAvoidGoalTime     20031400 f   g_syscalls.obj
 0001:00030430       _trap_BotChatLength        20031430 f   g_syscalls.obj
 0001:00030450       _trap_BotChooseBestFightWeapon 20031450 f   g_syscalls.obj
 0001:00030470       _trap_BotChooseLTGItem     20031470 f   g_syscalls.obj
 0001:00030490       _trap_BotChooseNBGItem     20031490 f   g_syscalls.obj
 0001:000304d0       _trap_BotDumpAvoidGoals    200314d0 f   g_syscalls.obj
 0001:000304f0       _trap_BotDumpGoalStack     200314f0 f   g_syscalls.obj
 0001:00030510       _trap_BotEmptyGoalStack    20031510 f   g_syscalls.obj
 0001:00030530       _trap_BotEnterChat         20031530 f   g_syscalls.obj
 0001:00030550       _trap_BotFindMatch         20031550 f   g_syscalls.obj
 0001:00030570       _trap_BotFreeCharacter     20031570 f   g_syscalls.obj
 0001:00030590       _trap_BotFreeChatState     20031590 f   g_syscalls.obj
 0001:000305b0       _trap_BotFreeClient        200315b0 f   g_syscalls.obj
 0001:000305d0       _trap_BotFreeGoalState     200315d0 f   g_syscalls.obj
 0001:000305f0       _trap_BotFreeItemWeights   200315f0 f   g_syscalls.obj
 0001:00030610       _trap_BotFreeMoveState     20031610 f   g_syscalls.obj
 0001:00030630       _trap_BotFreeWeaponState   20031630 f   g_syscalls.obj
 0001:00030650       _trap_BotGetChatMessage    20031650 f   g_syscalls.obj
 0001:00030670       _trap_BotGetLevelItemGoal  20031670 f   g_syscalls.obj
 0001:00030690       _trap_BotGetMapLocationGoal 20031690 f   g_syscalls.obj
 0001:000306b0       _trap_BotGetNextCampSpotGoal 200316b0 f   g_syscalls.obj
 0001:000306d0       _trap_BotGetSecondGoal     200316d0 f   g_syscalls.obj
 0001:000306f0       _trap_BotGetServerCommand  200316f0 f   g_syscalls.obj
 0001:00030710       _trap_BotGetSnapshotEntity 20031710 f   g_syscalls.obj
 0001:00030730       _trap_BotGetTopGoal        20031730 f   g_syscalls.obj
 0001:00030750       _trap_BotGetWeaponInfo     20031750 f   g_syscalls.obj
 0001:00030770       _trap_BotGoalName          20031770 f   g_syscalls.obj
 0001:00030790       _trap_BotInitLevelItems    20031790 f   g_syscalls.obj
 0001:000307a0       _trap_BotInitMoveState     200317a0 f   g_syscalls.obj
 0001:000307c0       _trap_BotInitialChat       200317c0 f   g_syscalls.obj
 0001:00030800       _trap_BotInterbreedGoalFuzzyLogic 20031800 f   g_syscalls.obj
 0001:00030820       _trap_BotItemGoalInVisButNotVisible 20031820 f   g_syscalls.obj
 0001:00030840       _trap_BotLibDefine         20031840 f   g_syscalls.obj
 0001:00030860       _trap_BotLibLoadMap        20031860 f   g_syscalls.obj
 0001:00030880       _trap_BotLibSetup          20031880 f   g_syscalls.obj
 0001:00030890       _trap_BotLibShutdown       20031890 f   g_syscalls.obj
 0001:000308a0       _trap_BotLibStartFrame     200318a0 f   g_syscalls.obj
 0001:000308d0       _trap_BotLibTest           200318d0 f   g_syscalls.obj
 0001:000308f0       _trap_BotLibUpdateEntity   200318f0 f   g_syscalls.obj
 0001:00030910       _trap_BotLibVarGet         20031910 f   g_syscalls.obj
 0001:00030930       _trap_BotLibVarSet         20031930 f   g_syscalls.obj
 0001:00030950       _trap_BotLoadCharacter     20031950 f   g_syscalls.obj
 0001:00030980       _trap_BotLoadChatFile      20031980 f   g_syscalls.obj
 0001:000309a0       _trap_BotLoadItemWeights   200319a0 f   g_syscalls.obj
 0001:000309c0       _trap_BotLoadWeaponWeights 200319c0 f   g_syscalls.obj
 0001:000309e0       _trap_BotMatchVariable     200319e0 f   g_syscalls.obj
 0001:00030a00       _trap_BotMoveInDirection   20031a00 f   g_syscalls.obj
 0001:00030a30       _trap_BotMoveToGoal        20031a30 f   g_syscalls.obj
 0001:00030a50       _trap_BotMovementViewTarget 20031a50 f   g_syscalls.obj
 0001:00030a90       _trap_BotMutateGoalFuzzyLogic 20031a90 f   g_syscalls.obj
 0001:00030ac0       _trap_BotNextConsoleMessage 20031ac0 f   g_syscalls.obj
 0001:00030ae0       _trap_BotNumConsoleMessages 20031ae0 f   g_syscalls.obj
 0001:00030b00       _trap_BotNumInitialChats   20031b00 f   g_syscalls.obj
 0001:00030b20       _trap_BotPopGoal           20031b20 f   g_syscalls.obj
 0001:00030b40       _trap_BotPredictVisiblePosition 20031b40 f   g_syscalls.obj
 0001:00030b70       _trap_BotPushGoal          20031b70 f   g_syscalls.obj
 0001:00030b90       _trap_BotQueueConsoleMessage 20031b90 f   g_syscalls.obj
 0001:00030bb0       _trap_BotReachabilityArea  20031bb0 f   g_syscalls.obj
 0001:00030bd0       _trap_BotRemoveConsoleMessage 20031bd0 f   g_syscalls.obj
 0001:00030bf0       _trap_BotRemoveFromAvoidGoals 20031bf0 f   g_syscalls.obj
 0001:00030c10       _trap_BotReplaceSynonyms   20031c10 f   g_syscalls.obj
 0001:00030c30       _trap_BotReplyChat         20031c30 f   g_syscalls.obj
 0001:00030c70       _trap_BotResetAvoidGoals   20031c70 f   g_syscalls.obj
 0001:00030c90       _trap_BotResetAvoidReach   20031c90 f   g_syscalls.obj
 0001:00030cb0       _trap_BotResetGoalState    20031cb0 f   g_syscalls.obj
 0001:00030cd0       _trap_BotResetLastAvoidReach 20031cd0 f   g_syscalls.obj
 0001:00030cf0       _trap_BotResetMoveState    20031cf0 f   g_syscalls.obj
 0001:00030d10       _trap_BotResetWeaponState  20031d10 f   g_syscalls.obj
 0001:00030d30       _trap_BotSaveGoalFuzzyLogic 20031d30 f   g_syscalls.obj
 0001:00030d50       _trap_BotSetAvoidGoalTime  20031d50 f   g_syscalls.obj
 0001:00030d80       _trap_BotSetChatGender     20031d80 f   g_syscalls.obj
 0001:00030da0       _trap_BotSetChatName       20031da0 f   g_syscalls.obj
 0001:00030dc0       _trap_BotTouchingGoal      20031dc0 f   g_syscalls.obj
 0001:00030de0       _trap_BotUpdateEntityItems 20031de0 f   g_syscalls.obj
 0001:00030df0       _trap_BotUserCommand       20031df0 f   g_syscalls.obj
 0001:00030e10       _trap_Characteristic_BFloat 20031e10 f   g_syscalls.obj
 0001:00030e60       _trap_Characteristic_BInteger 20031e60 f   g_syscalls.obj
 0001:00030e80       _trap_Characteristic_Float 20031e80 f   g_syscalls.obj
 0001:00030eb0       _trap_Characteristic_Integer 20031eb0 f   g_syscalls.obj
 0001:00030ed0       _trap_Characteristic_String 20031ed0 f   g_syscalls.obj
 0001:00030ef0       _trap_Cvar_Register        20031ef0 f   g_syscalls.obj
 0001:00030f10       _trap_Cvar_Set             20031f10 f   g_syscalls.obj
 0001:00030f30       _trap_Cvar_Update          20031f30 f   g_syscalls.obj
 0001:00030f50       _trap_Cvar_VariableIntegerValue 20031f50 f   g_syscalls.obj
 0001:00030f70       _trap_Cvar_VariableStringBuffer 20031f70 f   g_syscalls.obj
 0001:00030f90       _trap_DebugPolygonCreate   20031f90 f   g_syscalls.obj
 0001:00030fb0       _trap_DebugPolygonDelete   20031fb0 f   g_syscalls.obj
 0001:00030fd0       _trap_DropClient           20031fd0 f   g_syscalls.obj
 0001:00030ff0       _trap_EA_Action            20031ff0 f   g_syscalls.obj
 0001:00031010       _trap_EA_Attack            20032010 f   g_syscalls.obj
 0001:00031030       _trap_EA_Command           20032030 f   g_syscalls.obj
 0001:00031050       _trap_EA_Crouch            20032050 f   g_syscalls.obj
 0001:00031070       _trap_EA_DelayedJump       20032070 f   g_syscalls.obj
 0001:00031090       _trap_EA_EndRegular        20032090 f   g_syscalls.obj
 0001:000310c0       _trap_EA_Gesture           200320c0 f   g_syscalls.obj
 0001:000310e0       _trap_EA_GetInput          200320e0 f   g_syscalls.obj
 0001:00031110       _trap_EA_Jump              20032110 f   g_syscalls.obj
 0001:00031130       _trap_EA_Move              20032130 f   g_syscalls.obj
 0001:00031160       _trap_EA_MoveBack          20032160 f   g_syscalls.obj
 0001:00031180       _trap_EA_MoveDown          20032180 f   g_syscalls.obj
 0001:000311a0       _trap_EA_MoveForward       200321a0 f   g_syscalls.obj
 0001:000311c0       _trap_EA_MoveLeft          200321c0 f   g_syscalls.obj
 0001:000311e0       _trap_EA_MoveRight         200321e0 f   g_syscalls.obj
 0001:00031200       _trap_EA_MoveUp            20032200 f   g_syscalls.obj
 0001:00031220       _trap_EA_ResetInput        20032220 f   g_syscalls.obj
 0001:00031240       _trap_EA_Respawn           20032240 f   g_syscalls.obj
 0001:00031260       _trap_EA_Say               20032260 f   g_syscalls.obj
 0001:00031280       _trap_EA_SayTeam           20032280 f   g_syscalls.obj
 0001:000312a0       _trap_EA_SelectWeapon      200322a0 f   g_syscalls.obj
 0001:000312c0       _trap_EA_Talk              200322c0 f   g_syscalls.obj
 0001:000312e0       _trap_EA_Use               200322e0 f   g_syscalls.obj
 0001:00031300       _trap_EA_View              20032300 f   g_syscalls.obj
 0001:00031320       _trap_EntitiesInBox        20032320 f   g_syscalls.obj
 0001:00031340       _trap_EntityContact        20032340 f   g_syscalls.obj
 0001:00031360       _trap_EntityContactCapsule 20032360 f   g_syscalls.obj
 0001:00031380       _trap_Error                20032380 f   g_syscalls.obj
 0001:000313a0       _trap_FS_FCloseFile        200323a0 f   g_syscalls.obj
 0001:000313c0       _trap_FS_FOpenFile         200323c0 f   g_syscalls.obj
 0001:000313e0       _trap_FS_GetFileList       200323e0 f   g_syscalls.obj
 0001:00031400       _trap_FS_Read              20032400 f   g_syscalls.obj
 0001:00031420       _trap_FS_Seek              20032420 f   g_syscalls.obj
 0001:00031440       _trap_FS_Write             20032440 f   g_syscalls.obj
 0001:00031460       _trap_GeneticParentsAndChildSelection 20032460 f   g_syscalls.obj
 0001:00031490       _trap_GetConfigstring      20032490 f   g_syscalls.obj
 0001:000314b0       _trap_GetEntityToken       200324b0 f   g_syscalls.obj
 0001:000314d0       _trap_GetServerinfo        200324d0 f   g_syscalls.obj
 0001:000314f0       _trap_GetUsercmd           200324f0 f   g_syscalls.obj
 0001:00031510       _trap_GetUserinfo          20032510 f   g_syscalls.obj
 0001:00031530       _trap_InPVS                20032530 f   g_syscalls.obj
 0001:00031550       _trap_InPVSIgnorePortals   20032550 f   g_syscalls.obj
 0001:00031570       _trap_LinkEntity           20032570 f   g_syscalls.obj
 0001:00031590       _trap_LocateGameData       20032590 f   g_syscalls.obj
 0001:000315b0       _trap_Milliseconds         200325b0 f   g_syscalls.obj
 0001:000315c0       _trap_PC_FreeSource        200325c0 f   g_syscalls.obj
 0001:000315e0       _trap_PC_LoadSource        200325e0 f   g_syscalls.obj
 0001:00031600       _trap_PC_ReadToken         20032600 f   g_syscalls.obj
 0001:00031620       _trap_PC_SourceFileAndLine 20032620 f   g_syscalls.obj
 0001:00031640       _trap_PointContents        20032640 f   g_syscalls.obj
 0001:00031660       _trap_Printf               20032660 f   g_syscalls.obj
 0001:00031680       _trap_RealTime             20032680 f   g_syscalls.obj
 0001:000316a0       _trap_SendConsoleCommand   200326a0 f   g_syscalls.obj
 0001:000316c0       _trap_SendServerCommand    200326c0 f   g_syscalls.obj
 0001:000316e0       _trap_SetBrushModel        200326e0 f   g_syscalls.obj
 0001:00031700       _trap_SetConfigstring      20032700 f   g_syscalls.obj
 0001:00031720       _trap_SetUserinfo          20032720 f   g_syscalls.obj
 0001:00031740       _trap_SnapVector           20032740 f   g_syscalls.obj
 0001:00031760       _trap_StringContains       20032760 f   g_syscalls.obj
 0001:00031780       _trap_Trace                20032780 f   g_syscalls.obj
 0001:000317b0       _trap_TraceCapsule         200327b0 f   g_syscalls.obj
 0001:000317e0       _trap_UnifyWhiteSpaces     200327e0 f   g_syscalls.obj
 0001:00031800       _trap_UnlinkEntity         20032800 f   g_syscalls.obj
 0001:00031820       _SP_target_delay           20032820 f   g_target.obj
 0001:00031880       _SP_target_give            20032880 f   g_target.obj
 0001:000318a0       _SP_target_kill            200328a0 f   g_target.obj
 0001:000318c0       _SP_target_laser           200328c0 f   g_target.obj
 0001:000318e0       _SP_target_location        200328e0 f   g_target.obj
 0001:00031910       _SP_target_position        20032910 f   g_target.obj
 0001:00031930       _SP_target_print           20032930 f   g_target.obj
 0001:00031950       _SP_target_relay           20032950 f   g_target.obj
 0001:00031970       _SP_target_remove_powerups 20032970 f   g_target.obj
 0001:00031990       _SP_target_score           20032990 f   g_target.obj
 0001:000319c0       _SP_target_speaker         200329c0 f   g_target.obj
 0001:00031b20       _SP_target_teleporter      20032b20 f   g_target.obj
 0001:00031b60       _Think_Target_Delay        20032b60 f   g_target.obj
 0001:00031b80       _Use_Target_Delay          20032b80 f   g_target.obj
 0001:00031c10       _Use_Target_Give           20032c10 f   g_target.obj
 0001:00031cc0       _Use_Target_Print          20032cc0 f   g_target.obj
 0001:00031d90       _Use_Target_Score          20032d90 f   g_target.obj
 0001:00031db0       _Use_Target_Speaker        20032db0 f   g_target.obj
 0001:00031e30       _Use_target_remove_powerups 20032e30 f   g_target.obj
 0001:00031e90       _target_kill_use           20032e90 f   g_target.obj
 0001:00031ec0       _target_laser_off          20032ec0 f   g_target.obj
 0001:00031ee0       _target_laser_on           20032ee0 f   g_target.obj
 0001:00031f00       _target_laser_start        20032f00 f   g_target.obj
 0001:00031fd0       _target_laser_think        20032fd0 f   g_target.obj
 0001:000321d0       _target_laser_use          200331d0 f   g_target.obj
 0001:000322b0       _target_relay_use          200332b0 f   g_target.obj
 0001:00032330       _target_teleporter_use     20033330 f   g_target.obj
 0001:00032380       _AddTeamScore              20033380 f   g_team.obj
 0001:00032450       _CheckTeamStatus           20033450 f   g_team.obj
 0001:00032540       _OnSameTeam                20033540 f   g_team.obj
 0001:00032580       _OtherTeam                 20033580 f   g_team.obj
 0001:000325a0       _OtherTeamName             200335a0 f   g_team.obj
 0001:000325d0       _Pickup_Team               200335d0 f   g_team.obj
 0001:000326a0       _PrintMsg                  200336a0 f   g_team.obj
 0001:00032780       _SP_team_CTF_blueplayer    20033780 f   g_team.obj
 0001:00032790       _SP_team_CTF_bluespawn     20033790 f   g_team.obj
 0001:000327a0       _SP_team_CTF_redplayer     200337a0 f   g_team.obj
 0001:000327b0       _SP_team_CTF_redspawn      200337b0 f   g_team.obj
 0001:000327c0       _SelectCTFSpawnPoint       200337c0 f   g_team.obj
 0001:00032830       _SelectRandomTeamSpawnPoint 20033830 f   g_team.obj
 0001:00032940       _TeamColorString           20033940 f   g_team.obj
 0001:00032970       _TeamName                  20033970 f   g_team.obj
 0001:000329a0       _Team_CaptureFlagSound     200339a0 f   g_team.obj
 0001:000329e0       _Team_CheckDroppedItem     200339e0 f   g_team.obj
 0001:00032a30       _Team_CheckHurtCarrier     20033a30 f   g_team.obj
 0001:00032ad0       _Team_DroppedFlagThink     20033ad0 f   g_team.obj
 0001:00032b20       _Team_ForceGesture         20033b20 f   g_team.obj
 0001:00032b70       _Team_FragBonuses          20033b70 f   g_team.obj
 0001:000330c0       _Team_FreeEntity           200340c0 f   g_team.obj
 0001:00033110       _Team_GetLocation          20034110 f   g_team.obj
 0001:00033200       _Team_GetLocationMsg       20034200 f   g_team.obj
 0001:00033290       _Team_InitGame             20034290 f   g_team.obj
 0001:000332e0       _Team_ResetFlag            200342e0 f   g_team.obj
 0001:00033380       _Team_ResetFlags           20034380 f   g_team.obj
 0001:000333a0       _Team_ReturnFlag           200343a0 f   g_team.obj
 0001:000333f0       _Team_ReturnFlagSound      200343f0 f   g_team.obj
 0001:00033440       _Team_SetFlagStatus        20034440 f   g_team.obj
 0001:000334f0       _Team_TakeFlagSound        200344f0 f   g_team.obj
 0001:00033590       _Team_TouchEnemyFlag       20034590 f   g_team.obj
 0001:00033620       _Team_TouchOurFlag         20034620 f   g_team.obj
 0001:000338d0       _TeamplayInfoMessage       200348d0 f   g_team.obj
 0001:00033ae0       _AimAtTarget               20034ae0 f   g_trigger.obj
 0001:00033c50       _InitTrigger               20034c50 f   g_trigger.obj
 0001:00033cd0       _SP_func_timer             20034cd0 f   g_trigger.obj
 0001:00033d80       _SP_target_push            20034d80 f   g_trigger.obj
 0001:00033e70       _SP_trigger_always         20034e70 f   g_trigger.obj
 0001:00033ea0       _SP_trigger_hurt           20034ea0 f   g_trigger.obj
 0001:00033f10       _SP_trigger_multiple       20034f10 f   g_trigger.obj
 0001:00033fa0       _SP_trigger_push           20034fa0 f   g_trigger.obj
 0001:00034000       _SP_trigger_teleport       20035000 f   g_trigger.obj
 0001:00034060       _Touch_Multi               20035060 f   g_trigger.obj
 0001:00034080       _Use_Multi                 20035080 f   g_trigger.obj
 0001:000340a0       _Use_target_push           200350a0 f   g_trigger.obj
 0001:00034110       _func_timer_think          20035110 f   g_trigger.obj
 0001:000341a0       _func_timer_use            200351a0 f   g_trigger.obj
 0001:000341d0       _hurt_touch                200351d0 f   g_trigger.obj
 0001:00034250       _hurt_use                  20035250 f   g_trigger.obj
 0001:00034280       _multi_trigger             20035280 f   g_trigger.obj
 0001:00034390       _multi_wait                20035390 f   g_trigger.obj
 0001:000343b0       _trigger_always_think      200353b0 f   g_trigger.obj
 0001:000343d0       _trigger_push_touch        200353d0 f   g_trigger.obj
 0001:000343f0       _trigger_teleporter_touch  200353f0 f   g_trigger.obj
 0001:00034460       _AddRemap                  20035460 f   g_utils.obj
 0001:00034540       _BuildShaderStateConfig    20035540 f   g_utils.obj
 0001:000345f0       _DebugLine                 200355f0 f   g_utils.obj
 0001:000347f0       _G_AddEvent                200357f0 f   g_utils.obj
 0001:000348a0       _G_AddPredictableEvent     200358a0 f   g_utils.obj
 0001:000348d0       _G_EntitiesFree            200358d0 f   g_utils.obj
 0001:00034900       _G_Find                    20035900 f   g_utils.obj
 0001:00034990       _G_FindConfigstringIndex   20035990 f   g_utils.obj
 0001:00034a80       _G_FreeEntity              20035a80 f   g_utils.obj
 0001:00034ae0       _G_InitGentity             20035ae0 f   g_utils.obj
 0001:00034b30       _G_KillBox                 20035b30 f   g_utils.obj
 0001:00034c30       _G_ModelIndex              20035c30 f   g_utils.obj
 0001:00034c50       _G_PickTarget              20035c50 f   g_utils.obj
 0001:00034d10       _G_SetMovedir              20035d10 f   g_utils.obj
 0001:00034e00       _G_SetOrigin               20035e00 f   g_utils.obj
 0001:00034e60       _G_Sound                   20035e60 f   g_utils.obj
 0001:00034e90       _G_SoundIndex              20035e90 f   g_utils.obj
 0001:00034eb0       _G_Spawn                   20035eb0 f   g_utils.obj
 0001:00034fd0       _G_TeamCommand             20035fd0 f   g_utils.obj
 0001:00035040       _G_TempEntity              20036040 f   g_utils.obj
 0001:000350d0       _G_UseTargets              200360d0 f   g_utils.obj
 0001:000351b0       _tv                        200361b0 f   g_utils.obj
 0001:000351f0       _vectoyaw                  200361f0 f   g_utils.obj
 0001:000352a0       _vtos                      200362a0 f   g_utils.obj
 0001:000352f0       _BFG_Fire                  200362f0 f   g_weapon.obj
 0001:00035350       _Bullet_Fire               20036350 f   g_weapon.obj
 0001:00035610       _CalcMuzzlePoint           20036610 f   g_weapon.obj
 0001:000356c0       _CalcMuzzlePointOrigin     200366c0 f   g_weapon.obj
 0001:00035770       _CheckGauntletAttack       20036770 f   g_weapon.obj
 0001:00035930       _FireWeapon                20036930 f   g_weapon.obj
 0001:00035a90       _G_BounceProjectile        20036a90 f   g_weapon.obj
 0001:00035b80       _LogAccuracyHit            20036b80 f   g_weapon.obj
 0001:00035bd0       _ShotgunPattern            20036bd0 f   g_weapon.obj
 0001:00035d70       _ShotgunPellet             20036d70 f   g_weapon.obj
 0001:00035e60       _SnapVectorTowards         20036e60 f   g_weapon.obj
 0001:00035ea0       _Weapon_Gauntlet           20036ea0 f   g_weapon.obj
 0001:00035eb0       _Weapon_GrapplingHook_Fire 20036eb0 f   g_weapon.obj
 0001:00035f00       _Weapon_HookFree           20036f00 f   g_weapon.obj
 0001:00035f40       _Weapon_HookThink          20036f40 f   g_weapon.obj
 0001:00036090       _Weapon_LightningFire      20037090 f   g_weapon.obj
 0001:00036220       _Weapon_Plasmagun_Fire     20037220 f   g_weapon.obj
 0001:00036280       _Weapon_RocketLauncher_Fire 20037280 f   g_weapon.obj
 0001:000362e0       _weapon_grenadelauncher_fire 200372e0 f   g_weapon.obj
 0001:00036360       _weapon_railgun_fire       20037360 f   g_weapon.obj
 0001:00036620       _weapon_supershotgun_fire  20037620 f   g_weapon.obj
 0001:000366d0       _AddPointToBounds          200376d0 f   q_math.obj
 0001:00036750       _AngleDelta                20037750 f   q_math.obj
 0001:00036770       _AngleMod                  20037770 f   q_math.obj
 0001:000367b0       _AngleNormalize180         200377b0 f   q_math.obj
 0001:000367f0       _AngleNormalize360         200377f0 f   q_math.obj
 0001:00036830       _AngleSubtract             20037830 f   q_math.obj
 0001:00036890       _AngleVectors              20037890 f   q_math.obj
 0001:00036a70       _AnglesSubtract            20037a70 f   q_math.obj
 0001:00036ae0       _AnglesToAxis              20037ae0 f   q_math.obj
 0001:00036b40       _AxisClear                 20037b40 f   q_math.obj
 0001:00036b90       _AxisCopy                  20037b90 f   q_math.obj
 0001:00036bd0       _BoxOnPlaneSide            20037bd0 f   q_math.obj
 0001:00036e10       _ByteToDir                 20037e10 f   q_math.obj
 0001:00036e70       _ClampChar                 20037e70 f   q_math.obj
 0001:00036e90       _ClampShort                20037e90 f   q_math.obj
 0001:00036ec0       _ClearBounds               20037ec0 f   q_math.obj
 0001:00036f00       _ColorBytes3               20037f00 f   q_math.obj
 0001:00036f40       _ColorBytes4               20037f40 f   q_math.obj
 0001:00036f90       _DirToByte                 20037f90 f   q_math.obj
 0001:00037010       _LerpAngle                 20038010 f   q_math.obj
 0001:00037070       _MakeNormalVectors         20038070 f   q_math.obj
 0001:00037160       _MatrixMultiply            20038160 f   q_math.obj
 0001:000372f0       _NormalizeColor            200382f0 f   q_math.obj
 0001:00037360       _PerpendicularVector       20038360 f   q_math.obj
 0001:00037430       _PlaneFromPoints           20038430 f   q_math.obj
 0001:00037510       _ProjectPointOnPlane       20038510 f   q_math.obj
 0001:000375c0       _Q_crandom                 200385c0 f   q_math.obj
 0001:000375f0       _Q_fabs                    200385f0 f   q_math.obj
 0001:00037600       _Q_log2                    20038600 f   q_math.obj
 0001:00037620       _Q_rand                    20038620 f   q_math.obj
 0001:00037640       _Q_random                  20038640 f   q_math.obj
 0001:00037670       _Q_rsqrt                   20038670 f   q_math.obj
 0001:000376c0       _RadiusFromBounds          200386c0 f   q_math.obj
 0001:00037760       _RotateAroundDirection     20038760 f   q_math.obj
 0001:00037820       _RotatePointAroundVector   20038820 f   q_math.obj
 0001:00037a60       _SetPlaneSignbits          20038a60 f   q_math.obj
 0001:00037a90       _Vector4Scale              20038a90 f   q_math.obj
 0001:00037ae0       _VectorNormalize           20038ae0 f   q_math.obj
 0001:00037ba0       _VectorNormalize2          20038ba0 f   q_math.obj
 0001:00037c60       _VectorRotate              20038c60 f   q_math.obj
 0001:00037cf0       __DotProduct               20038cf0 f   q_math.obj
 0001:00037d10       __VectorAdd                20038d10 f   q_math.obj
 0001:00037d50       __VectorCopy               20038d50 f   q_math.obj
 0001:00037d70       __VectorMA                 20038d70 f   q_math.obj
 0001:00037dc0       __VectorScale              20038dc0 f   q_math.obj
 0001:00037e00       __VectorSubtract           20038e00 f   q_math.obj
 0001:00037e40       _vectoangles               20038e40 f   q_math.obj
 0001:00037fd0       _COM_BeginParseSession     20038fd0 f   q_shared.obj
 0001:00038000       _COM_Compress              20039000 f   q_shared.obj
 0001:00038100       _COM_DefaultExtension      20039100 f   q_shared.obj
 0001:00038180       _COM_GetCurrentParseLine   20039180 f   q_shared.obj
 0001:00038190       _COM_MatchToken            20039190 f   q_shared.obj
 0001:000381f0       _COM_Parse                 200391f0 f   q_shared.obj
 0001:00038210       _COM_ParseError            20039210 f   q_shared.obj
 0001:00038260       _COM_ParseExt              20039260 f   q_shared.obj
 0001:000383d0       _COM_ParseWarning          200393d0 f   q_shared.obj
 0001:00038420       _COM_SkipPath              20039420 f   q_shared.obj
 0001:00038450       _COM_StripExtension        20039450 f   q_shared.obj
 0001:00038480       _Com_Clamp                 20039480 f   q_shared.obj
 0001:000384b0       _Com_sprintf               200394b0 f   q_shared.obj
 0001:00038560       _FloatNoSwap               20039560 f   q_shared.obj
 0001:00038570       _FloatSwap                 20039570 f   q_shared.obj
 0001:00038590       _Info_NextPair             20039590 f   q_shared.obj
 0001:00038600       _Info_RemoveKey            20039600 f   q_shared.obj
 0001:00038720       _Info_RemoveKey_Big        20039720 f   q_shared.obj
 0001:00038850       _Info_SetValueForKey       20039850 f   q_shared.obj
 0001:00038a00       _Info_SetValueForKey_Big   20039a00 f   q_shared.obj
 0001:00038ba0       _Info_Validate             20039ba0 f   q_shared.obj
 0001:00038bd0       _Info_ValueForKey          20039bd0 f   q_shared.obj
 0001:00038ce0       _Long64NoSwap              20039ce0 f   q_shared.obj
 0001:00038cf0       _Long64Swap                20039cf0 f   q_shared.obj
 0001:00038d40       _LongNoSwap                20039d40 f   q_shared.obj
 0001:00038d50       _LongSwap                  20039d50 f   q_shared.obj
 0001:00038d90       _Parse1DMatrix             20039d90 f   q_shared.obj
 0001:00038de0       _Parse2DMatrix             20039de0 f   q_shared.obj
 0001:00038e40       _Parse3DMatrix             20039e40 f   q_shared.obj
 0001:00038ea0       _Q_CleanStr                20039ea0 f   q_shared.obj
 0001:00038f00       _Q_PrintStrlen             20039f00 f   q_shared.obj
 0001:00038f40       _Q_isalpha                 20039f40 f   q_shared.obj
 0001:00038f70       _Q_islower                 20039f70 f   q_shared.obj
 0001:00038f90       _Q_isprint                 20039f90 f   q_shared.obj
 0001:00038fb0       _Q_isupper                 20039fb0 f   q_shared.obj
 0001:00038fd0       _Q_strcat                  20039fd0 f   q_shared.obj
 0001:00039020       _Q_stricmp                 2003a020 f   q_shared.obj
 0001:00039050       _Q_stricmpn                2003a050 f   q_shared.obj
 0001:000390e0       _Q_strlwr                  2003a0e0 f   q_shared.obj
 0001:00039110       _Q_strncmp                 2003a110 f   q_shared.obj
 0001:00039160       _Q_strncpyz                2003a160 f   q_shared.obj
 0001:000391c0       _Q_strrchr                 2003a1c0 f   q_shared.obj
 0001:000391f0       _Q_strupr                  2003a1f0 f   q_shared.obj
 0001:00039220       _ShortNoSwap               2003a220 f   q_shared.obj
 0001:00039230       _ShortSwap                 2003a230 f   q_shared.obj
 0001:00039260       _SkipBracedSection         2003a260 f   q_shared.obj
 0001:000392a0       _SkipRestOfLine            2003a2a0 f   q_shared.obj
 0001:00039320       _va                        2003a320 f   q_shared.obj
 0001:00039369       @__security_check_cookie@4 2003a369 f   LIBCMT:secchk.obj
 0001:00039380       __alloca_probe             2003a380 f   LIBCMT:chkstk.obj
 0001:00039380       __chkstk                   2003a380 f   LIBCMT:chkstk.obj
 0001:000393ad       ___raise_securityfailure   2003a3ad f   LIBCMT:gs_report.obj
 0001:000393d5       ___report_gsfailure        2003a3d5 f   LIBCMT:gs_report.obj
 0001:000394ce       ___report_rangecheckfailure 2003a4ce f   LIBCMT:gs_report.obj
 0001:000394da       ___report_securityfailure  2003a4da f   LIBCMT:gs_report.obj
 0001:000395a8       ___report_securityfailureEx 2003a5a8 f   LIBCMT:gs_report.obj
 0001:000396c0       __ftol2_sse_excpt          2003a6c0     LIBCMT:ftol2.obj
 0001:000396c0       __ftoi2                    2003a6c0 f   LIBCMT:ftol2.obj
 0001:000396c0       __ftol2_sse                2003a6c0     LIBCMT:ftol2.obj
 0001:00039740       __ftoui2                   2003a740 f   LIBCMT:ftol2.obj
 0001:000397f0       __ftol2                    2003a7f0 f   LIBCMT:ftol2.obj
 0001:000398a0       __ftoul2                   2003a8a0 f   LIBCMT:ftol2.obj
 0001:00039959       ___isa_available_init      2003a959 f   LIBCMT:cpu_disp.obj
 0001:00039e69       __CRT_INIT@12              2003ae69 f   LIBCMT:dll_dllmain.obj
 0001:00039e72       __DllMainCRTStartup@12     2003ae72 f   LIBCMT:dll_dllmain.obj
 0001:00039ee2       ___security_init_cookie    2003aee2 f   LIBCMT:gs_support.obj
 0001:00039f2d       _DllMain@12                2003af2d f   LIBCMT:dll_dllmain_stub.obj
 0001:00039f33       ?__scrt_initialize_type_info@@YAXXZ 2003af33 f   LIBCMT:tncleanup.obj
 0001:00039f3f       ?__scrt_uninitialize_type_info@@YAXXZ 2003af3f f   LIBCMT:tncleanup.obj
 0001:00039f4b       ___scrt_initialize_default_local_stdio_options 2003af4b f   LIBCMT:default_local_stdio_options.obj
 0001:00039f68       ?configure_argv@__scrt_narrow_argv_policy@@SAHXZ 2003af68 f i LIBCMT:utility.obj
 0001:00039fb9       ?initialize_environment@__scrt_narrow_environment_policy@@SAHXZ 2003afb9 f i LIBCMT:utility.obj
 0001:00039ff2       _NtCurrentTeb              2003aff2 f i LIBCMT:utility.obj
 0001:00039ff9       ___scrt_acquire_startup_lock 2003aff9 f   LIBCMT:utility.obj
 0001:0003a02b       ___scrt_dllmain_after_initialize_c 2003b02b f   LIBCMT:utility.obj
 0001:0003a056       ___scrt_dllmain_before_initialize_c 2003b056 f   LIBCMT:utility.obj
 0001:0003a064       ___scrt_dllmain_crt_thread_attach 2003b064 f   LIBCMT:utility.obj
 0001:0003a083       ___scrt_dllmain_crt_thread_detach 2003b083 f   LIBCMT:utility.obj
 0001:0003a090       ___scrt_dllmain_exception_filter 2003b090 f   LIBCMT:utility.obj
 0001:0003a0c4       ___scrt_dllmain_uninitialize_c 2003b0c4 f   LIBCMT:utility.obj
 0001:0003a0e7       ___scrt_dllmain_uninitialize_critical 2003b0e7 f   LIBCMT:utility.obj
 0001:0003a0f4       ___scrt_initialize_crt     2003b0f4 f   LIBCMT:utility.obj
 0001:0003a12d       ___scrt_initialize_onexit_tables 2003b12d f   LIBCMT:utility.obj
 0001:0003a1b4       ___scrt_is_nonwritable_in_current_image 2003b1b4 f   LIBCMT:utility.obj
 0001:0003a248       ___scrt_release_startup_lock 2003b248 f   LIBCMT:utility.obj
 0001:0003a265       ___scrt_uninitialize_crt   2003b265 f   LIBCMT:utility.obj
 0001:0003a28d       __onexit                   2003b28d f   LIBCMT:utility.obj
 0001:0003a2ba       _at_quick_exit             2003b2ba f   LIBCMT:utility.obj
 0001:0003a2dd       _atexit                    2003b2dd f   LIBCMT:utility.obj
 0001:0003a2f2       ___scrt_get_dyn_tls_init_callback 2003b2f2 f   LIBCMT:dyn_tls_init.obj
 0001:0003a2f8       ___scrt_fastfail           2003b2f8 f   LIBCMT:utility_desktop.obj
 0001:0003a412       ___scrt_get_show_window_mode 2003b412 f   LIBCMT:utility_desktop.obj
 0001:0003a443       ___scrt_initialize_mta     2003b443 f   LIBCMT:utility_desktop.obj
 0001:0003a448       ___scrt_initialize_winrt   2003b448 f   LIBCMT:utility_desktop.obj
 0001:0003a44b       ___scrt_is_managed_app     2003b44b f   LIBCMT:utility_desktop.obj
 0001:0003a48e       ___scrt_set_unhandled_exception_filter 2003b48e f   LIBCMT:utility_desktop.obj
 0001:0003a49a       ___scrt_stub_for_initialize_mta 2003b49a f   LIBCMT:utility_desktop.obj
 0001:0003a49a       ___scrt_exe_initialize_mta 2003b49a f   LIBCMT:utility_desktop.obj
 0001:0003a49d       ___scrt_unhandled_exception_filter@4 2003b49d f   LIBCMT:utility_desktop.obj
 0001:0003a4f3       __crt_debugger_hook        2003b4f3 f   LIBCMT:utility_desktop.obj
 0001:0003a4fb       __RTC_Initialize           2003b4fb f   LIBCMT:initsect.obj
 0001:0003a527       __RTC_Terminate            2003b527 f   LIBCMT:initsect.obj
 0001:0003a560       __SEH_prolog4              2003b560 f   LIBCMT:sehprolg4.obj
 0001:0003a5a4       __SEH_epilog4              2003b5a4 f   LIBCMT:sehprolg4.obj
[...]
 0002:0000f120       __sehtable$??$?RV<lambda_135d2772fca65dc1248eeaa1b56e886a>@@AAV<lambda_2a444430fde8c29194d880d93eed5e8f>@@AAV<lambda_8dff2cf36a5417162780cd64fa2883ef>@@@?$__crt_seh_guarded_call@X@@QAEX$$QAV<lambda_135d2772fca65dc1248eeaa1b56e886a>@@AAV<lambda_2a444430fde8c29194d880d93eed5e8f>@@AAV<lambda_8dff2cf36a5417162780cd64fa2883ef>@@@Z 20098120     libucrt:wsetlocale.obj
 0002:0000f140       __sehtable$_fgetwc         20098140     libucrt:fgetwc.obj
 0002:0000f160       __sehtable$_ungetwc        20098160     libucrt:ungetwc.obj
 0002:0000f180       __sehtable$_fgetc          20098180     libucrt:fgetc.obj
 0002:0000f1a0       __sehtable$_ungetc         200981a0     libucrt:ungetc.obj
 0002:0000f1c0       __sehtable$___acrt_initialize_lowio 200981c0     libucrt:ioinit.obj
 0002:0000f1e0       __sehtable$_fputwc         200981e0     libucrt:fputwc.obj
 0002:0000f200       __sehtable$_fputc          20098200     libucrt:fputc.obj
 0002:0000f220       __sehtable$?update_thread_multibyte_data_internal@@YAPAU__crt_multibyte_data@@QAU__acrt_ptd@@QAPAU1@@Z 20098220     libucrt:mbctype.obj
 0002:0000f240       __sehtable$??$?RV<lambda_ceb1ee4838e85a9d631eb091e2fbe199>@@AAV<lambda_ae742caa10f662c28703da3d2ea5e57e>@@V<lambda_cd08b5d6af4937fe54fc07d0c9bf6b37>@@@?$__crt_seh_guarded_call@X@@QAEX$$QAV<lambda_ceb1ee4838e85a9d631eb091e2fbe199>@@AAV<lambda_ae742caa10f662c28703da3d2ea5e57e>@@$$QAV<lambda_cd08b5d6af4937fe54fc07d0c9bf6b37>@@@Z 20098240     libucrt:mbctype.obj
 0002:0000f260       __sehtable$??$?RV<lambda_6b4b7855443974f2b4b77000ea21c99c>@@AAV<lambda_8f7d3b162ab39427f4fa9995c67a7986>@@V<lambda_cc9a5ba8a5d8428b9634eab82665e5dc>@@@?$__crt_seh_guarded_call@H@@QAEH$$QAV<lambda_6b4b7855443974f2b4b77000ea21c99c>@@AAV<lambda_8f7d3b162ab39427f4fa9995c67a7986>@@$$QAV<lambda_cc9a5ba8a5d8428b9634eab82665e5dc>@@@Z 20098260     libucrt:winapi_thunks.obj
 0002:0000f280       __sehtable$__query_new_handler 20098280     libucrt:new_handler.obj
 0002:0000f2a0       __sehtable$__set_new_handler 200982a0     libucrt:new_handler.obj
 0002:0000f2c0       __sehtable$_signal         200982c0     libucrt:signal.obj
 0002:0000f2e0       __sehtable$_raise          200982e0     libucrt:signal.obj
 0002:0000f300       __sehtable$?ctrlevent_capture@@YGHK@Z 20098300     libucrt:signal.obj
 0002:0000f320       __sehtable$??$?RV<lambda_cbab9ec6f41b0180b23cc171c22676b0>@@AAV<lambda_44731a7d0e6d81c3e6aa82d741081786>@@V<lambda_4b292cb8dd18144e164572427af410ab>@@@?$__crt_seh_guarded_call@P6AXH@Z@@QAEP6AXH@Z$$QAV<lambda_cbab9ec6f41b0180b23cc171c22676b0>@@AAV<lambda_44731a7d0e6d81c3e6aa82d741081786>@@$$QAV<lambda_4b292cb8dd18144e164572427af410ab>@@@Z 20098320     libucrt:signal.obj
 0002:0000f340       __sehtable$??$?RV<lambda_2866be3712abc81a800a822484c830d8>@@AAV<lambda_39ca0ed439415581b5b15c265174cece>@@V<lambda_2b24c74d71094a6cd0cb82e44167d71b>@@@?$__crt_seh_guarded_call@X@@QAEX$$QAV<lambda_2866be3712abc81a800a822484c830d8>@@AAV<lambda_39ca0ed439415581b5b15c265174cece>@@$$QAV<lambda_2b24c74d71094a6cd0cb82e44167d71b>@@@Z 20098340     libucrt:fflush.obj
 0002:0000f360       __sehtable$??$?RV<lambda_2cc53f568c5a2bb6f192f930a45d44ea>@@AAV<lambda_ab61a845afdef5b7c387490eaf3616ee>@@V<lambda_c2ffc0b7726aa6be21d5f0026187e748>@@@?$__crt_seh_guarded_call@X@@QAEX$$QAV<lambda_2cc53f568c5a2bb6f192f930a45d44ea>@@AAV<lambda_ab61a845afdef5b7c387490eaf3616ee>@@$$QAV<lambda_c2ffc0b7726aa6be21d5f0026187e748>@@@Z 20098360     libucrt:fflush.obj
 0002:0000f380       __sehtable$??$?RV<lambda_6d20deecaf4856105ebacbad442d1079>@@AAV<lambda_9a32fed5bf61b6b509b2d3f6003082a1>@@V<lambda_63ea2239ed67c638ddbae41947fdf875>@@@?$__crt_seh_guarded_call@H@@QAEH$$QAV<lambda_6d20deecaf4856105ebacbad442d1079>@@AAV<lambda_9a32fed5bf61b6b509b2d3f6003082a1>@@$$QAV<lambda_63ea2239ed67c638ddbae41947fdf875>@@@Z 20098380     libucrt:fflush.obj
 0002:0000f3a0       __sehtable$___acrt_update_thread_locale_data 200983a0     libucrt:locale_refcounting.obj
 0002:0000f3c0       __sehtable$__fcloseall     200983c0     libucrt:closeall.obj
 0002:0000f3e0       __sehtable$__open_osfhandle 200983e0     libucrt:osfinfo.obj
 0002:0000f400       __sehtable$__alloc_osfhnd  20098400     libucrt:osfinfo.obj
 0002:0000f420       __sehtable$___acrt_lowio_ensure_fh_exists 20098420     libucrt:osfinfo.obj
 0002:0000f440       __sehtable$___set_fpsr_sse2 20098440     libucrt:fpctrl.obj
 0002:0000f460       __sehtable$??$?RV<lambda_9e9de3de5fa147e2223d7db92bc10aa6>@@AAV<lambda_38ce7e780aa69e748d6df282ebc68efe>@@V<lambda_8ca6da459f0f6780f1cff60fdc3d00e5>@@@?$__crt_seh_guarded_call@H@@QAEH$$QAV<lambda_9e9de3de5fa147e2223d7db92bc10aa6>@@AAV<lambda_38ce7e780aa69e748d6df282ebc68efe>@@$$QAV<lambda_8ca6da459f0f6780f1cff60fdc3d00e5>@@@Z 20098460     libucrt:commit.obj
 0002:0000f480       __sehtable$__write         20098480     libucrt:write.obj
 0002:0000f4a0       __sehtable$__read          200984a0     libucrt:read.obj
 0002:0000f4c0       __sehtable$_fclose         200984c0     libucrt:fclose.obj
 0002:0000f4e0       __sehtable$??$common_lseek@J@@YAJHJH@Z 200984e0     libucrt:lseek.obj
 0002:0000f500       __sehtable$??$common_lseek@_J@@YA_JH_JH@Z 20098500     libucrt:lseek.obj
 0002:0000f520       __sehtable$??$?RV<lambda_f828341fbe69b7c0d4c527b01f22877f>@@AAV<lambda_9e0b6ab72a5b3ae37ad997d08b519f50>@@V<lambda_f01deac0a8d65d6e0411edf7e0af5775>@@@?$__crt_seh_guarded_call@G@@QAEG$$QAV<lambda_f828341fbe69b7c0d4c527b01f22877f>@@AAV<lambda_9e0b6ab72a5b3ae37ad997d08b519f50>@@$$QAV<lambda_f01deac0a8d65d6e0411edf7e0af5775>@@@Z 20098520     libucrt:putwch.obj
 0002:0000f540       __sehtable$??$?RV<lambda_218ce3db14220d0be481dae8ef3383b6>@@AAV<lambda_628dfdc04ba53c8bfc02c9951375f3f5>@@V<lambda_57dc472bd5c9d5f3b2cbca59b8a843ae>@@@?$__crt_seh_guarded_call@H@@QAEH$$QAV<lambda_218ce3db14220d0be481dae8ef3383b6>@@AAV<lambda_628dfdc04ba53c8bfc02c9951375f3f5>@@$$QAV<lambda_57dc472bd5c9d5f3b2cbca59b8a843ae>@@@Z 20098540     libucrt:close.obj
 0002:0000f560       __sehtable$?__acrt_stdio_allocate_stream@@YA?AV__crt_stdio_stream@@XZ 20098560     libucrt:stream.obj
 0002:0000f580       __sehtable$__IsNonwritableInCurrentImage 20098580     LIBCMT:pesect.obj
 0002:0000f5a0       .edata                     200985a0     qagamex86.exp
 0002:0000f5c8       rgpv                       200985c8     qagamex86.exp
 0002:0000f5d0       rgszName                   200985d0     qagamex86.exp
 0002:0000f5d8       rgwOrd                     200985d8     qagamex86.exp
 0002:0000f5dc       szName                     200985dc     qagamex86.exp
 0002:0000f5ea       $N00001                    200985ea     qagamex86.exp
 0002:0000f5f3       $N00002                    200985f3     qagamex86.exp
 0002:0000fd40       .idata$6                   20098d40     kernel32:KERNEL32.dll
 0003:00000000       _VEC_UP                    20099000     ai_dmq3.obj
 0003:0000000c       _MOVEDIR_UP                2009900c     ai_dmq3.obj
 0003:00000018       _VEC_DOWN                  20099018     ai_dmq3.obj
 0003:00000024       _MOVEDIR_DOWN              20099024     ai_dmq3.obj
 0003:00000990       ?range@?1??G_TouchTriggers@@9@9 20099990     g_active.obj
 0003:0000099c       _offsetFirst               2009999c     g_arenas.obj
 0003:000009a8       _offsetSecond              200999a8     g_arenas.obj
 0003:000009b4       _offsetThird               200999b4     g_arenas.obj
 0003:000009c0       _playerMins                200999c0     g_client.obj
 0003:000009cc       _playerMaxs                200999cc     g_client.obj
 0003:000009d8       _gc_orders                 200999d8     g_cmds.obj
 0003:000009f4       _gameNames                 200999f4     g_cmds.obj
 0003:00000a78       _gameCvarTable             20099a78     g_main.obj
 0003:00000f80       _gameCvarTableSize         20099f80     g_main.obj
 0003:00000f84       ?lastMod@?1??CheckCvars@@9@9 20099f84     g_main.obj
 0003:00001260       ?gametypeNames@?1??G_SpawnGEntityFromSpawnVars@@9@9 2009a260     g_spawn.obj
 0003:00001284       _syscall                   2009a284     g_syscalls.obj
 0003:00001288       _ctfFlagStatusRemap        2009a288     g_team.obj
 0003:00001290       _oneFlagStatusRemap        2009a290     g_team.obj
 0003:00001298       ?VEC_UP@?1??G_SetMovedir@@9@9 2009a298     g_utils.obj
 0003:000012a4       ?MOVEDIR_UP@?1??G_SetMovedir@@9@9 2009a2a4     g_utils.obj
 0003:000012b0       ?VEC_DOWN@?1??G_SetMovedir@@9@9 2009a2b0     g_utils.obj
 0003:000012bc       ?MOVEDIR_DOWN@?1??G_SetMovedir@@9@9 2009a2bc     g_utils.obj
 0003:00001bd0       ?prefix@?1??getDimension@UnDecorator@@CA?AVDName@@_N@Z@4UStringLiteral@@A 2009abd0     libvcruntime:undname.obj
 0003:00001bd8       ?__vcrt_flsindex@@3KA      2009abd8     libvcruntime:per_thread_data.obj
 0003:00001c00       ?__acrt_flsindex@@3KA      2009ac00     libucrt:per_thread_data.obj
 0003:00001c0c       ?errno_no_memory@@3HA      2009ac0c     libucrt:errno.obj
 0003:00001c10       ?doserrno_no_memory@@3KA   2009ac10     libucrt:errno.obj
 0003:00001c14       __ctype_loc_style          2009ac14     libucrt:wsetlocale.obj
 0003:00001fe0       __mbctypes                 2009afe0     libucrt:mbctype.obj
 0003:000020e8       __mbcasemaps               2009b0e8     libucrt:mbctype.obj
 0003:000021e8       ?__rgctypeflag@@3PADA      2009b1e8     libucrt:mbctype.obj
 0003:000021f0       ?__rgcode_page_info@@3PAUcode_page_info@@A 2009b1f0     libucrt:mbctype.obj
 0003:00002350       ?__DAZ_ENABLED@?1??__set_fpsr_sse2@@9@9 2009b350     libucrt:fpctrl.obj
 0003:00002460       ?__dcrt_lowio_console_output_handle@@3PAXA 2009b460     libucrt:initcon.obj
 0003:00002580       ?maxclients@?1??BotNumActivePlayers@@9@9 2009b580     ai_chat.obj
 0003:00002584       ?maxclients@?1??BotIsFirstInRankings@@9@9 2009b584     ai_chat.obj
 0003:00002588       ?maxclients@?1??BotIsLastInRankings@@9@9 2009b588     ai_chat.obj
 0003:0000258c       ?name@?1??BotFirstClientInRankings@@9@9 2009b58c     ai_chat.obj
 0003:000025ac       ?maxclients@?1??BotFirstClientInRankings@@9@9 2009b5ac     ai_chat.obj
 0003:000025b0       ?name@?1??BotLastClientInRankings@@9@9 2009b5b0     ai_chat.obj
 0003:000025d0       ?maxclients@?1??BotLastClientInRankings@@9@9 2009b5d0     ai_chat.obj
 0003:000025d4       ?maxclients@?1??BotRandomOpponentName@@9@9 2009b5d4     ai_chat.obj
 0003:000025d8       ?name@?1??BotRandomOpponentName@@9@9 2009b5d8     ai_chat.obj
 0003:000025f8       ?mapname@?1??BotMapTitle@@9@9 2009b5f8     ai_chat.obj
 0003:00002678       ?maxclients@?1??FindClientByName@@9@9 2009b678     ai_cmd.obj
 0003:0000267c       ?maxclients@?1??FindEnemyByName@@9@9 2009b67c     ai_cmd.obj
 0003:00002680       ?maxclients@?1??NumPlayersOnSameTeam@@9@9 2009b680     ai_cmd.obj
 0003:00002684       ?maxclients@?1??ClientFromName@@9@9 2009b684     ai_dmq3.obj
 0003:00002688       ?maxclients@?1??ClientOnSameTeamFromName@@9@9 2009b688     ai_dmq3.obj
 0003:0000268c       ?local_time@?1??BotAIStartFrame@@9@9 2009b68c     ai_main.obj
 0003:00002690       ?botlib_residual@?1??BotAIStartFrame@@9@9 2009b690     ai_main.obj
 0003:00002694       ?lastbotthink_time@?1??BotAIStartFrame@@9@9 2009b694     ai_main.obj
 0003:00002698       ?maxclients@?1??BotNumTeamMates@@9@9 2009b698     ai_team.obj
 0003:0000269c       ?maxclients@?1??BotSortTeamMatesByBaseTravelTime@@9@9 2009b69c     ai_team.obj
 0003:000026a0       ?maxclients@?1??BotTeamOrders@@9@9 2009b6a0     ai_team.obj
 0003:000026a8       _g_numBots                 2009b6a8     g_bot.obj
 0003:000026ac       ?checkminimumplayers_time@?1??G_CheckMinimumPlayers@@9@9 2009b6ac     g_bot.obj
 0003:000026b0       _g_botInfos                2009b6b0     g_bot.obj
 0003:000036b0       _g_arenaInfos              2009c6b0     g_bot.obj
 0003:000046b0       _botSpawnQueue             2009d6b0     g_bot.obj
 0003:00004730       ?line@?1??ConcatArgs@@9@9  2009d730     g_cmds.obj
 0003:00004b30       ?i@?CC@??player_die@@9@9   2009db30     g_combat.obj
 0003:00004b38       _memoryPool                2009db38     g_mem.obj
 0003:00044b38       _allocPoint                200ddb38     g_mem.obj
 0003:00044b40       _ipFilters                 200ddb40     g_svcmds.obj
 0003:00046b40       _numIPFilters              200dfb40     g_svcmds.obj
 0003:00046b4c       ?index@?1??tv@@9@9         200dfb4c     g_utils.obj
 0003:00046b50       ?buff@?1??BuildShaderStateConfig@@9@9 200dfb50     g_utils.obj
 0003:00047b50       ?vecs@?1??tv@@9@9          200e0b50     g_utils.obj
 0003:00047bb0       ?index@?1??vtos@@9@9       200e0bb0     g_utils.obj
 0003:00047bb8       ?str@?1??vtos@@9@9         200e0bb8     g_utils.obj
 0003:00047cb8       _s_quadFactor              200e0cb8     g_weapon.obj
 0003:00047cbc       _forward                   200e0cbc     g_weapon.obj
 0003:00047cc8       _right                     200e0cc8     g_weapon.obj
 0003:00047cd4       _up                        200e0cd4     g_weapon.obj
 0003:00047ce0       _muzzle                    200e0ce0     g_weapon.obj
 0003:00047cf8       ?bops_initialized@?1??BoxOnPlaneSide@@9@9 200e0cf8     q_math.obj
 0003:00047cfc       ?Ljmptab@?1??BoxOnPlaneSide@@9@9 200e0cfc     q_math.obj
 0003:00047d1c       ?sr@?1??AngleVectors@@9@9  200e0d1c     q_math.obj
 0003:00047d20       ?sp@?1??AngleVectors@@9@9  200e0d20     q_math.obj
 0003:00047d24       ?sy@?1??AngleVectors@@9@9  200e0d24     q_math.obj
 0003:00047d28       ?cr@?1??AngleVectors@@9@9  200e0d28     q_math.obj
 0003:00047d2c       ?cp@?1??AngleVectors@@9@9  200e0d2c     q_math.obj
 0003:00047d30       ?cy@?1??AngleVectors@@9@9  200e0d30     q_math.obj
 0003:00047d38       _com_token                 200e0d38     q_shared.obj
 0003:00048138       _com_parsename             200e1138     q_shared.obj
 0003:00048538       _com_lines                 200e1538     q_shared.obj
 0003:0004853c       ?index@?1??va@@9@9         200e153c     q_shared.obj
 0003:00048540       ?string@?1??COM_ParseError@@9@9 200e1540     q_shared.obj
 0003:00049540       ?string@?1??COM_ParseWarning@@9@9 200e2540     q_shared.obj
 0003:0004a540       ?string@?1??va@@9@9        200e3540     q_shared.obj
 0003:00059f40       ?value@?1??Info_ValueForKey@@9@9 200f2f40     q_shared.obj
 0003:0005df40       ?valueindex@?1??Info_ValueForKey@@9@9 200f6f40     q_shared.obj
 0003:0005df48       _GS_ExceptionRecord        200f6f48     LIBCMT:gs_report.obj
 0003:0005df98       _GS_ContextRecord          200f6f98     LIBCMT:gs_report.obj
 0003:0005e26c       ?__proc_attached@@3HA      200f726c     LIBCMT:dll_dllmain.obj
 0003:0005e290       ?is_initialized_as_dll@@3_NA 200f7290     LIBCMT:utility.obj
 0003:0005e291       ?module_local_atexit_table_initialized@@3_NA 200f7291     LIBCMT:utility.obj
 0003:0005e294       ?module_local_atexit_table@@3U_onexit_table_t@@A 200f7294     LIBCMT:utility.obj
 0003:0005e2a0       ?module_local_at_quick_exit_table@@3U_onexit_table_t@@A 200f72a0     LIBCMT:utility.obj
 0003:0005e2dc       ?heap@@3V_HeapManager@@A   200f72dc     libvcruntime:undname.obj
 0003:0005e2f0       ?__vcrt_startup_thread_ptd@@3U__vcrt_ptd@@A 200f72f0     libvcruntime:per_thread_data.obj
 0003:0005e318       ___vcrt_lock_table         200f7318     libvcruntime:locks.obj
 0003:0005e330       ___vcrt_locks_initialized  200f7330     libvcruntime:locks.obj
 0003:0005e334       ?module_handles@@3PAPAUHINSTANCE__@@A 200f7334     libvcruntime:winapi_downlevel.obj
 0003:0005e340       ?function_pointers@@3PAPAXA 200f7340     libvcruntime:winapi_downlevel.obj
 0003:0005e358       ?c_termination_complete@@3JA 200f7358     libucrt:exit.obj
 0003:0005e35c       ?thread_local_exit_callback_func@@3P6GXPAXK0@ZA 200f735c     libucrt:exit.obj
 0003:0005e368       ?program_name@?1???$common_configure_argv@D@@YAHW4_crt_argv_mode@@@Z@4PADA 200f7368     libucrt:argv_parsing.obj
 0003:0005e470       ?program_name@?1???$common_configure_argv@_W@@YAHW4_crt_argv_mode@@@Z@4PA_WA 200f7470     libucrt:argv_parsing.obj
 0003:0005e6a4       ?__acrt_invalid_parameter_handler@@3V?$dual_state_global@P6AXPB_W00II@Z@__crt_state_management@@A 200f76a4     libucrt:invalid_parameter.obj
 0003:0005e6b0       ?internal_state@?1??_mbtowc_l@@9@4U_Mbstatet@@A 200f76b0     libucrt:mbtowc.obj
 0003:0005e8cc       __pmatherr_set             200f78cc     libucrt:libm_error.obj
 0003:0005e8d0       ?enable_percent_n@@3IA     200f78d0     libucrt:printf_count_output.obj
 0003:0005e8e0       ?__acrt_lock_table@@3PAU_RTL_CRITICAL_SECTION@@A 200f78e0     libucrt:locks.obj
 0003:0005ea30       ?__acrt_locks_initialized@@3IA 200f7a30     libucrt:locks.obj
 0003:0005ea34       ?state_cache@?1???$get_cached_win_policy@Ubegin_thread_init_policy_properties@?1??__acrt_get_begin_thread_init_policy@@YA?AW4begin_thread_init_policy@@XZ@@@YA?AW4begin_thread_init_policy@@W4AppPolicyThreadInitializationType@@@Z@4JA 200f7a34     libucrt:win_policies.obj
 0003:0005ea38       ?state_cache@?1???$get_cached_win_policy@Udeveloper_information_policy_properties@?1??__acrt_get_developer_information_policy@@YA?AW4developer_information_policy@@XZ@@@YA?AW4developer_information_policy@@W4AppPolicyShowDeveloperDiagnostic@@@Z@4JA 200f7a38     libucrt:win_policies.obj
 0003:0005ea3c       ?state_cache@?1???$get_cached_win_policy@Uwindowing_model_policy_properties@?1??__acrt_get_windowing_model_policy@@YA?AW4windowing_model_policy@@XZ@@@YA?AW4windowing_model_policy@@W4AppPolicyWindowingModel@@@Z@4JA 200f7a3c     libucrt:win_policies.obj
 0003:0005ea4c       ?fSystemSet@@3HA           200f7a4c     libucrt:mbctype.obj
 0003:0005ea50       ?initialized@?1??__acrt_initialize_multibyte@@9@4_NA 200f7a50     libucrt:mbctype.obj
 0003:0005ea70       ?module_handles@@3PAPAUHINSTANCE__@@A 200f7a70     libucrt:winapi_thunks.obj
 0003:0005eac0       ?encoded_function_pointers@@3PAPAXA 200f7ac0     libucrt:winapi_thunks.obj
 0003:0005eb48       ?static_enum_proc@?1??enum_system_locales_ex_nolock@@YAHQ6GHPA_WKJ@Z@Z@4P6GH0KJ@ZA 200f7b48     libucrt:winapi_thunks.obj
 0003:0005eb50       ?__acrt_new_handler@@3V?$dual_state_global@P6AHI@Z@__crt_state_management@@A 200f7b50     libucrt:new_handler.obj
 0003:0005eb54       ?console_ctrl_handler_installed@@3_NA 200f7b54     libucrt:signal.obj
 0003:0005eb58       ?ctrlc_action@@3V?$dual_state_global@P6AXH@Z@__crt_state_management@@A 200f7b58     libucrt:signal.obj
 0003:0005eb5c       ?ctrlbreak_action@@3V?$dual_state_global@P6AXH@Z@__crt_state_management@@A 200f7b5c     libucrt:signal.obj
 0003:0005eb60       ?abort_action@@3V?$dual_state_global@P6AXH@Z@__crt_state_management@@A 200f7b60     libucrt:signal.obj
 0003:0005eb64       ?term_action@@3V?$dual_state_global@P6AXH@Z@__crt_state_management@@A 200f7b64     libucrt:signal.obj
 0003:0005eb68       ?user_matherr@@3V?$dual_state_global@P6AHPAU_exception@@@Z@__crt_state_management@@A 200f7b68     libucrt:matherr.obj
 0003:0005eb74       ?__acrt_global_new_mode@@3V?$dual_state_global@J@__crt_state_management@@A 200f7b74     libucrt:new_mode.obj
 0003:0005eb78       ?mbst@?1??mbrlen@@9@4U_Mbstatet@@A 200f7b78     libucrt:mbrtowc.obj
 0003:0005eb80       ?mbst@?1??mbrtowc@@9@4U_Mbstatet@@A 200f7b80     libucrt:mbrtowc.obj
 0003:0005eb88       ?mbst@?1??_mbsrtowcs_helper@@YAIPA_WPAPBDIPAU_Mbstatet@@@Z@4U2@A 200f7b88     libucrt:mbrtowc.obj
 0003:0005eb94       ?internal_pst@?1??__mbrtoc32_utf8@__crt_mbstring@@YAIPA_UPBDIPAU_Mbstatet@@@Z@4U3@A 200f7b94     libucrt:mbrtoc32.obj
 0003:0005eb9c       ?__acrt_app_type@@3W4_crt_app_type@@A 200f7b9c     libucrt:report_runtime_error.obj
 0003:0005eba0       ?outmsg@?9??__acrt_report_runtime_error@@9@4PA_WA 200f7ba0     libucrt:report_runtime_error.obj
 0003:0005f1c8       ___acrt_error_mode         200f81c8     libucrt:set_error_mode.obj
 0004:00000060       $R000000                   201e8060     * linker generated manifest res *
